stm32l4xx_hal_pcd.c:129:19:HAL_PCD_Init	80	static
stm32l4xx_hal_pcd.c:256:19:HAL_PCD_DeInit	16	static
stm32l4xx_hal_pcd.c:295:13:HAL_PCD_MspInit	16	static
stm32l4xx_hal_pcd.c:310:13:HAL_PCD_MspDeInit	16	static
stm32l4xx_hal_pcd.c:1011:19:HAL_PCD_Start	24	static
stm32l4xx_hal_pcd.c:1037:19:HAL_PCD_Stop	24	static
stm32l4xx_hal_pcd.c:1068:6:HAL_PCD_IRQHandler	64	static
stm32l4xx_hal_pcd.c:1567:13:HAL_PCD_DataOutStageCallback	16	static
stm32l4xx_hal_pcd.c:1584:13:HAL_PCD_DataInStageCallback	16	static
stm32l4xx_hal_pcd.c:1599:13:HAL_PCD_SetupStageCallback	16	static
stm32l4xx_hal_pcd.c:1614:13:HAL_PCD_SOFCallback	16	static
stm32l4xx_hal_pcd.c:1629:13:HAL_PCD_ResetCallback	16	static
stm32l4xx_hal_pcd.c:1644:13:HAL_PCD_SuspendCallback	16	static
stm32l4xx_hal_pcd.c:1659:13:HAL_PCD_ResumeCallback	16	static
stm32l4xx_hal_pcd.c:1675:13:HAL_PCD_ISOOUTIncompleteCallback	16	static
stm32l4xx_hal_pcd.c:1692:13:HAL_PCD_ISOINIncompleteCallback	16	static
stm32l4xx_hal_pcd.c:1708:13:HAL_PCD_ConnectCallback	16	static
stm32l4xx_hal_pcd.c:1723:13:HAL_PCD_DisconnectCallback	16	static
stm32l4xx_hal_pcd.c:1757:19:HAL_PCD_DevConnect	24	static
stm32l4xx_hal_pcd.c:1784:19:HAL_PCD_DevDisconnect	24	static
stm32l4xx_hal_pcd.c:1812:19:HAL_PCD_SetAddress	16	static
stm32l4xx_hal_pcd.c:1829:19:HAL_PCD_EP_Open	24	static
stm32l4xx_hal_pcd.c:1874:19:HAL_PCD_EP_Close	24	static
stm32l4xx_hal_pcd.c:1905:19:HAL_PCD_EP_Receive	32	static
stm32l4xx_hal_pcd.c:1936:10:HAL_PCD_EP_GetRxCount	16	static
stm32l4xx_hal_pcd.c:1948:19:HAL_PCD_EP_Transmit	32	static
stm32l4xx_hal_pcd.c:1983:19:HAL_PCD_EP_SetStall	24	static
stm32l4xx_hal_pcd.c:2026:19:HAL_PCD_EP_ClrStall	24	static
stm32l4xx_hal_pcd.c:2062:19:HAL_PCD_EP_Flush	16	static
stm32l4xx_hal_pcd.c:2085:19:HAL_PCD_ActivateRemoteWakeup	16	static
stm32l4xx_hal_pcd.c:2095:19:HAL_PCD_DeActivateRemoteWakeup	16	static
stm32l4xx_hal_pcd.c:2124:18:HAL_PCD_GetState	16	static
stm32l4xx_hal_pcd.c:2148:26:PCD_WriteEmptyTxFifo	40	static
stm32l4xx_hal_pcd.c:2207:26:PCD_EP_OutXfrComplete_int	32	static
stm32l4xx_hal_pcd.c:2254:26:PCD_EP_OutSetupPacket_int	32	static
