Archive member included to satisfy reference by file (symbol)

c:/st/stm32cubeide_1.6.0/stm32cubeide/plugins/com.st.stm32cube.ide.mcu.externaltools.gnu-tools-for-stm32.9-2020-q2-update.win32_1.5.0.202011040924/tools/bin/../lib/gcc/arm-none-eabi/9.3.1/../../../../arm-none-eabi/lib/thumb/v7e-m+fp/hard\libc_nano.a(lib_a-errno.o)
                              Core/Src/syscalls.o (__errno)
c:/st/stm32cubeide_1.6.0/stm32cubeide/plugins/com.st.stm32cube.ide.mcu.externaltools.gnu-tools-for-stm32.9-2020-q2-update.win32_1.5.0.202011040924/tools/bin/../lib/gcc/arm-none-eabi/9.3.1/../../../../arm-none-eabi/lib/thumb/v7e-m+fp/hard\libc_nano.a(lib_a-exit.o)
                              c:/st/stm32cubeide_1.6.0/stm32cubeide/plugins/com.st.stm32cube.ide.mcu.externaltools.gnu-tools-for-stm32.9-2020-q2-update.win32_1.5.0.202011040924/tools/bin/../lib/gcc/arm-none-eabi/9.3.1/../../../../arm-none-eabi/lib/thumb/v7e-m+fp/hard/crt0.o (exit)
c:/st/stm32cubeide_1.6.0/stm32cubeide/plugins/com.st.stm32cube.ide.mcu.externaltools.gnu-tools-for-stm32.9-2020-q2-update.win32_1.5.0.202011040924/tools/bin/../lib/gcc/arm-none-eabi/9.3.1/../../../../arm-none-eabi/lib/thumb/v7e-m+fp/hard\libc_nano.a(lib_a-impure.o)
                              c:/st/stm32cubeide_1.6.0/stm32cubeide/plugins/com.st.stm32cube.ide.mcu.externaltools.gnu-tools-for-stm32.9-2020-q2-update.win32_1.5.0.202011040924/tools/bin/../lib/gcc/arm-none-eabi/9.3.1/../../../../arm-none-eabi/lib/thumb/v7e-m+fp/hard\libc_nano.a(lib_a-exit.o) (_global_impure_ptr)
c:/st/stm32cubeide_1.6.0/stm32cubeide/plugins/com.st.stm32cube.ide.mcu.externaltools.gnu-tools-for-stm32.9-2020-q2-update.win32_1.5.0.202011040924/tools/bin/../lib/gcc/arm-none-eabi/9.3.1/../../../../arm-none-eabi/lib/thumb/v7e-m+fp/hard\libc_nano.a(lib_a-init.o)
                              c:/st/stm32cubeide_1.6.0/stm32cubeide/plugins/com.st.stm32cube.ide.mcu.externaltools.gnu-tools-for-stm32.9-2020-q2-update.win32_1.5.0.202011040924/tools/bin/../lib/gcc/arm-none-eabi/9.3.1/../../../../arm-none-eabi/lib/thumb/v7e-m+fp/hard/crt0.o (__libc_init_array)
c:/st/stm32cubeide_1.6.0/stm32cubeide/plugins/com.st.stm32cube.ide.mcu.externaltools.gnu-tools-for-stm32.9-2020-q2-update.win32_1.5.0.202011040924/tools/bin/../lib/gcc/arm-none-eabi/9.3.1/../../../../arm-none-eabi/lib/thumb/v7e-m+fp/hard\libc_nano.a(lib_a-memcpy-stub.o)
                              CycloneCRYPTO/cipher/aria.o (memcpy)
c:/st/stm32cubeide_1.6.0/stm32cubeide/plugins/com.st.stm32cube.ide.mcu.externaltools.gnu-tools-for-stm32.9-2020-q2-update.win32_1.5.0.202011040924/tools/bin/../lib/gcc/arm-none-eabi/9.3.1/../../../../arm-none-eabi/lib/thumb/v7e-m+fp/hard\libc_nano.a(lib_a-memset.o)
                              c:/st/stm32cubeide_1.6.0/stm32cubeide/plugins/com.st.stm32cube.ide.mcu.externaltools.gnu-tools-for-stm32.9-2020-q2-update.win32_1.5.0.202011040924/tools/bin/../lib/gcc/arm-none-eabi/9.3.1/../../../../arm-none-eabi/lib/thumb/v7e-m+fp/hard/crt0.o (memset)

Allocating common symbols
Common symbol       size              file

hUsbDeviceFS        0x2d0             USB_DEVICE/App/usb_device.o
hpcd_USB_OTG_FS     0x408             USB_DEVICE/Target/usbd_conf.o
hcrc                0x24              Core/Src/main.o
uwTick              0x4               Drivers/STM32L4xx_HAL_Driver/Src/stm32l4xx_hal.o
UserRxBufferFS      0x800             USB_DEVICE/App/usbd_cdc_if.o
UserTxBufferFS      0x800             USB_DEVICE/App/usbd_cdc_if.o
htim1               0x4c              Core/Src/stm32l4xx_hal_timebase_tim.o
hrng                0x10              Core/Src/main.o
USBD_StrDesc        0x200             USB_DEVICE/App/usbd_desc.o

Discarded input sections

 .text          0x0000000000000000        0x0 c:/st/stm32cubeide_1.6.0/stm32cubeide/plugins/com.st.stm32cube.ide.mcu.externaltools.gnu-tools-for-stm32.9-2020-q2-update.win32_1.5.0.202011040924/tools/bin/../lib/gcc/arm-none-eabi/9.3.1/thumb/v7e-m+fp/hard/crti.o
 .data          0x0000000000000000        0x0 c:/st/stm32cubeide_1.6.0/stm32cubeide/plugins/com.st.stm32cube.ide.mcu.externaltools.gnu-tools-for-stm32.9-2020-q2-update.win32_1.5.0.202011040924/tools/bin/../lib/gcc/arm-none-eabi/9.3.1/thumb/v7e-m+fp/hard/crti.o
 .bss           0x0000000000000000        0x0 c:/st/stm32cubeide_1.6.0/stm32cubeide/plugins/com.st.stm32cube.ide.mcu.externaltools.gnu-tools-for-stm32.9-2020-q2-update.win32_1.5.0.202011040924/tools/bin/../lib/gcc/arm-none-eabi/9.3.1/thumb/v7e-m+fp/hard/crti.o
 .data          0x0000000000000000        0x4 c:/st/stm32cubeide_1.6.0/stm32cubeide/plugins/com.st.stm32cube.ide.mcu.externaltools.gnu-tools-for-stm32.9-2020-q2-update.win32_1.5.0.202011040924/tools/bin/../lib/gcc/arm-none-eabi/9.3.1/thumb/v7e-m+fp/hard/crtbegin.o
[...]
Memory Configuration

Name             Origin             Length             Attributes
RAM              0x0000000020000000 0x0000000000018000 xrw
RAM2             0x0000000010000000 0x0000000000008000 xrw
FLASH            0x0000000008000000 0x0000000000100000 xr
*default*        0x0000000000000000 0xffffffffffffffff

Linker script and memory map

LOAD c:/st/stm32cubeide_1.6.0/stm32cubeide/plugins/com.st.stm32cube.ide.mcu.externaltools.gnu-tools-for-stm32.9-2020-q2-update.win32_1.5.0.202011040924/tools/bin/../lib/gcc/arm-none-eabi/9.3.1/thumb/v7e-m+fp/hard/crti.o
LOAD c:/st/stm32cubeide_1.6.0/stm32cubeide/plugins/com.st.stm32cube.ide.mcu.externaltools.gnu-tools-for-stm32.9-2020-q2-update.win32_1.5.0.202011040924/tools/bin/../lib/gcc/arm-none-eabi/9.3.1/thumb/v7e-m+fp/hard/crtbegin.o
LOAD c:/st/stm32cubeide_1.6.0/stm32cubeide/plugins/com.st.stm32cube.ide.mcu.externaltools.gnu-tools-for-stm32.9-2020-q2-update.win32_1.5.0.202011040924/tools/bin/../lib/gcc/arm-none-eabi/9.3.1/../../../../arm-none-eabi/lib/thumb/v7e-m+fp/hard/crt0.o
LOAD Core/Src/main.o
LOAD Core/Src/stm32l4xx_hal_msp.o
LOAD Core/Src/stm32l4xx_hal_timebase_tim.o
LOAD Core/Src/stm32l4xx_it.o
LOAD Core/Src/syscalls.o
LOAD Core/Src/sysmem.o
LOAD Core/Src/system_stm32l4xx.o
LOAD Core/Startup/startup_stm32l475vgtx.o
LOAD CycloneCRYPTO/cipher/aes.o
LOAD CycloneCRYPTO/cipher/aria.o
LOAD CycloneCRYPTO/cipher/blowfish.o
LOAD CycloneCRYPTO/cipher/camellia.o
LOAD CycloneCRYPTO/cipher/chacha.o
LOAD CycloneCRYPTO/cipher/des.o
LOAD CycloneCRYPTO/cipher/des3.o
LOAD CycloneCRYPTO/cipher/idea.o
LOAD CycloneCRYPTO/cipher/present.o
LOAD CycloneCRYPTO/cipher/rc2.o
LOAD CycloneCRYPTO/cipher/rc4.o
LOAD CycloneCRYPTO/cipher/rc6.o
LOAD CycloneCRYPTO/cipher/salsa20.o
LOAD CycloneCRYPTO/cipher/seed.o
LOAD CycloneCRYPTO/cipher/trivium.o
LOAD CycloneCRYPTO/cipher_mode/cbc.o
LOAD CycloneCRYPTO/cipher_mode/cfb.o
LOAD CycloneCRYPTO/cipher_mode/ctr.o
LOAD CycloneCRYPTO/cipher_mode/ecb.o
LOAD CycloneCRYPTO/cipher_mode/ofb.o
LOAD CycloneCRYPTO/cipher_mode/xts.o
LOAD CycloneCRYPTO/common/cpu_endian.o
LOAD CycloneCRYPTO/common/debug.o
LOAD Drivers/STM32L4xx_HAL_Driver/Src/stm32l4xx_hal.o
LOAD Drivers/STM32L4xx_HAL_Driver/Src/stm32l4xx_hal_cortex.o
LOAD Drivers/STM32L4xx_HAL_Driver/Src/stm32l4xx_hal_crc.o
LOAD Drivers/STM32L4xx_HAL_Driver/Src/stm32l4xx_hal_crc_ex.o
LOAD Drivers/STM32L4xx_HAL_Driver/Src/stm32l4xx_hal_dma.o
LOAD Drivers/STM32L4xx_HAL_Driver/Src/stm32l4xx_hal_dma_ex.o
LOAD Drivers/STM32L4xx_HAL_Driver/Src/stm32l4xx_hal_exti.o
LOAD Drivers/STM32L4xx_HAL_Driver/Src/stm32l4xx_hal_flash.o
LOAD Drivers/STM32L4xx_HAL_Driver/Src/stm32l4xx_hal_flash_ex.o
LOAD Drivers/STM32L4xx_HAL_Driver/Src/stm32l4xx_hal_flash_ramfunc.o
LOAD Drivers/STM32L4xx_HAL_Driver/Src/stm32l4xx_hal_gpio.o
LOAD Drivers/STM32L4xx_HAL_Driver/Src/stm32l4xx_hal_i2c.o
LOAD Drivers/STM32L4xx_HAL_Driver/Src/stm32l4xx_hal_i2c_ex.o
LOAD Drivers/STM32L4xx_HAL_Driver/Src/stm32l4xx_hal_pcd.o
LOAD Drivers/STM32L4xx_HAL_Driver/Src/stm32l4xx_hal_pcd_ex.o
LOAD Drivers/STM32L4xx_HAL_Driver/Src/stm32l4xx_hal_pwr.o
LOAD Drivers/STM32L4xx_HAL_Driver/Src/stm32l4xx_hal_pwr_ex.o
LOAD Drivers/STM32L4xx_HAL_Driver/Src/stm32l4xx_hal_rcc.o
LOAD Drivers/STM32L4xx_HAL_Driver/Src/stm32l4xx_hal_rcc_ex.o
LOAD Drivers/STM32L4xx_HAL_Driver/Src/stm32l4xx_hal_rng.o
LOAD Drivers/STM32L4xx_HAL_Driver/Src/stm32l4xx_hal_tim.o
LOAD Drivers/STM32L4xx_HAL_Driver/Src/stm32l4xx_hal_tim_ex.o
LOAD Drivers/STM32L4xx_HAL_Driver/Src/stm32l4xx_ll_usb.o
LOAD Middlewares/ST/STM32_USB_Device_Library/Class/CDC/Src/usbd_cdc.o
LOAD Middlewares/ST/STM32_USB_Device_Library/Core/Src/usbd_core.o
LOAD Middlewares/ST/STM32_USB_Device_Library/Core/Src/usbd_ctlreq.o
LOAD Middlewares/ST/STM32_USB_Device_Library/Core/Src/usbd_ioreq.o
LOAD USB_DEVICE/App/usb_device.o
LOAD USB_DEVICE/App/usbd_cdc_if.o
LOAD USB_DEVICE/App/usbd_desc.o
LOAD USB_DEVICE/Target/usbd_conf.o
START GROUP
LOAD c:/st/stm32cubeide_1.6.0/stm32cubeide/plugins/com.st.stm32cube.ide.mcu.externaltools.gnu-tools-for-stm32.9-2020-q2-update.win32_1.5.0.202011040924/tools/bin/../lib/gcc/arm-none-eabi/9.3.1/../../../../arm-none-eabi/lib/thumb/v7e-m+fp/hard\libc_nano.a
LOAD c:/st/stm32cubeide_1.6.0/stm32cubeide/plugins/com.st.stm32cube.ide.mcu.externaltools.gnu-tools-for-stm32.9-2020-q2-update.win32_1.5.0.202011040924/tools/bin/../lib/gcc/arm-none-eabi/9.3.1/../../../../arm-none-eabi/lib/thumb/v7e-m+fp/hard\libm.a
END GROUP
START GROUP
LOAD c:/st/stm32cubeide_1.6.0/stm32cubeide/plugins/com.st.stm32cube.ide.mcu.externaltools.gnu-tools-for-stm32.9-2020-q2-update.win32_1.5.0.202011040924/tools/bin/../lib/gcc/arm-none-eabi/9.3.1/thumb/v7e-m+fp/hard\libgcc.a
LOAD c:/st/stm32cubeide_1.6.0/stm32cubeide/plugins/com.st.stm32cube.ide.mcu.externaltools.gnu-tools-for-stm32.9-2020-q2-update.win32_1.5.0.202011040924/tools/bin/../lib/gcc/arm-none-eabi/9.3.1/../../../../arm-none-eabi/lib/thumb/v7e-m+fp/hard\libc_nano.a
END GROUP
START GROUP
LOAD c:/st/stm32cubeide_1.6.0/stm32cubeide/plugins/com.st.stm32cube.ide.mcu.externaltools.gnu-tools-for-stm32.9-2020-q2-update.win32_1.5.0.202011040924/tools/bin/../lib/gcc/arm-none-eabi/9.3.1/thumb/v7e-m+fp/hard\libgcc.a
LOAD c:/st/stm32cubeide_1.6.0/stm32cubeide/plugins/com.st.stm32cube.ide.mcu.externaltools.gnu-tools-for-stm32.9-2020-q2-update.win32_1.5.0.202011040924/tools/bin/../lib/gcc/arm-none-eabi/9.3.1/../../../../arm-none-eabi/lib/thumb/v7e-m+fp/hard\libc_nano.a
LOAD c:/st/stm32cubeide_1.6.0/stm32cubeide/plugins/com.st.stm32cube.ide.mcu.externaltools.gnu-tools-for-stm32.9-2020-q2-update.win32_1.5.0.202011040924/tools/bin/../lib/gcc/arm-none-eabi/9.3.1/../../../../arm-none-eabi/lib/thumb/v7e-m+fp/hard\libnosys.a
END GROUP
START GROUP
LOAD c:/st/stm32cubeide_1.6.0/stm32cubeide/plugins/com.st.stm32cube.ide.mcu.externaltools.gnu-tools-for-stm32.9-2020-q2-update.win32_1.5.0.202011040924/tools/bin/../lib/gcc/arm-none-eabi/9.3.1/thumb/v7e-m+fp/hard\libgcc.a
LOAD c:/st/stm32cubeide_1.6.0/stm32cubeide/plugins/com.st.stm32cube.ide.mcu.externaltools.gnu-tools-for-stm32.9-2020-q2-update.win32_1.5.0.202011040924/tools/bin/../lib/gcc/arm-none-eabi/9.3.1/../../../../arm-none-eabi/lib/thumb/v7e-m+fp/hard\libc_nano.a
LOAD c:/st/stm32cubeide_1.6.0/stm32cubeide/plugins/com.st.stm32cube.ide.mcu.externaltools.gnu-tools-for-stm32.9-2020-q2-update.win32_1.5.0.202011040924/tools/bin/../lib/gcc/arm-none-eabi/9.3.1/../../../../arm-none-eabi/lib/thumb/v7e-m+fp/hard\libnosys.a
END GROUP
LOAD c:/st/stm32cubeide_1.6.0/stm32cubeide/plugins/com.st.stm32cube.ide.mcu.externaltools.gnu-tools-for-stm32.9-2020-q2-update.win32_1.5.0.202011040924/tools/bin/../lib/gcc/arm-none-eabi/9.3.1/thumb/v7e-m+fp/hard/crtend.o
LOAD c:/st/stm32cubeide_1.6.0/stm32cubeide/plugins/com.st.stm32cube.ide.mcu.externaltools.gnu-tools-for-stm32.9-2020-q2-update.win32_1.5.0.202011040924/tools/bin/../lib/gcc/arm-none-eabi/9.3.1/thumb/v7e-m+fp/hard/crtn.o
                0x0000000020018000                _estack = (ORIGIN (RAM) + LENGTH (RAM))
                0x0000000000000200                _Min_Heap_Size = 0x200
                0x0000000000000400                _Min_Stack_Size = 0x400

.isr_vector     0x0000000008000000      0x188
                0x0000000008000000                . = ALIGN (0x4)
 *(.isr_vector)
 .isr_vector    0x0000000008000000      0x188 Core/Startup/startup_stm32l475vgtx.o
                0x0000000008000000                g_pfnVectors
                0x0000000008000188                . = ALIGN (0x4)

.text           0x0000000008000188     0x6928
                0x0000000008000188                . = ALIGN (0x4)
 *(.text)
 .text          0x0000000008000188       0x40 c:/st/stm32cubeide_1.6.0/stm32cubeide/plugins/com.st.stm32cube.ide.mcu.externaltools.gnu-tools-for-stm32.9-2020-q2-update.win32_1.5.0.202011040924/tools/bin/../lib/gcc/arm-none-eabi/9.3.1/thumb/v7e-m+fp/hard/crtbegin.o
 *(.text*)
 .text.main     0x00000000080001c8       0x78 Core/Src/main.o
                0x00000000080001c8                main
 .text.SystemClock_Config
                0x0000000008000240      0x116 Core/Src/main.o
                0x0000000008000240                SystemClock_Config
 *fill*         0x0000000008000356        0x2 
 .text.MX_CRC_Init
                0x0000000008000358       0x40 Core/Src/main.o
 .text.MX_RNG_Init
                0x0000000008000398       0x28 Core/Src/main.o
 .text.MX_GPIO_Init
                0x00000000080003c0       0x7c Core/Src/main.o
 .text.Error_Handler
                0x000000000800043c        0xa Core/Src/main.o
                0x000000000800043c                Error_Handler
 *fill*         0x0000000008000446        0x2 
 .text.HAL_MspInit
                0x0000000008000448       0x48 Core/Src/stm32l4xx_hal_msp.o
                0x0000000008000448                HAL_MspInit
 .text.HAL_CRC_MspInit
                0x0000000008000490       0x40 Core/Src/stm32l4xx_hal_msp.o
                0x0000000008000490                HAL_CRC_MspInit
 .text.HAL_RNG_MspInit
                0x00000000080004d0       0x40 Core/Src/stm32l4xx_hal_msp.o
                0x00000000080004d0                HAL_RNG_MspInit
 .text.HAL_InitTick
                0x0000000008000510       0xac Core/Src/stm32l4xx_hal_timebase_tim.o
                0x0000000008000510                HAL_InitTick
 .text.NMI_Handler
                0x00000000080005bc        0x6 Core/Src/stm32l4xx_it.o
                0x00000000080005bc                NMI_Handler
 .text.HardFault_Handler
                0x00000000080005c2        0x6 Core/Src/stm32l4xx_it.o
                0x00000000080005c2                HardFault_Handler
 .text.MemManage_Handler
                0x00000000080005c8        0x6 Core/Src/stm32l4xx_it.o
                0x00000000080005c8                MemManage_Handler
 .text.BusFault_Handler
                0x00000000080005ce        0x6 Core/Src/stm32l4xx_it.o
                0x00000000080005ce                BusFault_Handler
 .text.UsageFault_Handler
                0x00000000080005d4        0x6 Core/Src/stm32l4xx_it.o
                0x00000000080005d4                UsageFault_Handler
 .text.SVC_Handler
                0x00000000080005da        0xe Core/Src/stm32l4xx_it.o
                0x00000000080005da                SVC_Handler
 .text.DebugMon_Handler
                0x00000000080005e8        0xe Core/Src/stm32l4xx_it.o
                0x00000000080005e8                DebugMon_Handler
 .text.PendSV_Handler
                0x00000000080005f6        0xe Core/Src/stm32l4xx_it.o
                0x00000000080005f6                PendSV_Handler
 .text.SysTick_Handler
                0x0000000008000604        0xe Core/Src/stm32l4xx_it.o
                0x0000000008000604                SysTick_Handler
 *fill*         0x0000000008000612        0x2 
 .text.TIM1_UP_TIM16_IRQHandler
                0x0000000008000614       0x14 Core/Src/stm32l4xx_it.o
                0x0000000008000614                TIM1_UP_TIM16_IRQHandler
 .text.OTG_FS_IRQHandler
                0x0000000008000628       0x14 Core/Src/stm32l4xx_it.o
                0x0000000008000628                OTG_FS_IRQHandler
 .text.SystemInit
                0x000000000800063c       0x64 Core/Src/system_stm32l4xx.o
                0x000000000800063c                SystemInit
 .text.Reset_Handler
                0x00000000080006a0       0x50 Core/Startup/startup_stm32l475vgtx.o
                0x00000000080006a0                Reset_Handler
 .text.Default_Handler
                0x00000000080006f0        0x2 Core/Startup/startup_stm32l475vgtx.o
                0x00000000080006f0                RTC_Alarm_IRQHandler
                0x00000000080006f0                EXTI2_IRQHandler
                0x00000000080006f0                TIM8_TRG_COM_IRQHandler
                0x00000000080006f0                TIM8_CC_IRQHandler
                0x00000000080006f0                TIM1_CC_IRQHandler
                0x00000000080006f0                TSC_IRQHandler
                0x00000000080006f0                TAMP_STAMP_IRQHandler
                0x00000000080006f0                EXTI3_IRQHandler
                0x00000000080006f0                LPTIM2_IRQHandler
                0x00000000080006f0                DFSDM1_FLT1_IRQHandler
                0x00000000080006f0                I2C3_ER_IRQHandler
                0x00000000080006f0                DFSDM1_FLT2_IRQHandler
                0x00000000080006f0                EXTI0_IRQHandler
                0x00000000080006f0                I2C2_EV_IRQHandler
                0x00000000080006f0                CAN1_RX0_IRQHandler
                0x00000000080006f0                FPU_IRQHandler
                0x00000000080006f0                ADC1_2_IRQHandler
                0x00000000080006f0                SPI1_IRQHandler
                0x00000000080006f0                TIM6_DAC_IRQHandler
                0x00000000080006f0                TIM8_UP_IRQHandler
                0x00000000080006f0                DMA2_Channel2_IRQHandler
                0x00000000080006f0                DMA1_Channel4_IRQHandler
                0x00000000080006f0                SAI2_IRQHandler
                0x00000000080006f0                DFSDM1_FLT3_IRQHandler
                0x00000000080006f0                USART3_IRQHandler
                0x00000000080006f0                DMA1_Channel7_IRQHandler
                0x00000000080006f0                CAN1_RX1_IRQHandler
                0x00000000080006f0                UART5_IRQHandler
                0x00000000080006f0                ADC3_IRQHandler
                0x00000000080006f0                TIM4_IRQHandler
                0x00000000080006f0                DMA2_Channel1_IRQHandler
                0x00000000080006f0                QUADSPI_IRQHandler
                0x00000000080006f0                I2C1_EV_IRQHandler
                0x00000000080006f0                DMA1_Channel6_IRQHandler
                0x00000000080006f0                UART4_IRQHandler
                0x00000000080006f0                DMA2_Channel4_IRQHandler
                0x00000000080006f0                TIM3_IRQHandler
                0x00000000080006f0                RCC_IRQHandler
                0x00000000080006f0                DMA1_Channel1_IRQHandler
                0x00000000080006f0                Default_Handler
                0x00000000080006f0                DMA2_Channel7_IRQHandler
                0x00000000080006f0                EXTI15_10_IRQHandler
                0x00000000080006f0                TIM7_IRQHandler
                0x00000000080006f0                SDMMC1_IRQHandler
                0x00000000080006f0                TIM5_IRQHandler
                0x00000000080006f0                I2C3_EV_IRQHandler
                0x00000000080006f0                EXTI9_5_IRQHandler
                0x00000000080006f0                RTC_WKUP_IRQHandler
                0x00000000080006f0                PVD_PVM_IRQHandler
                0x00000000080006f0                SPI2_IRQHandler
                0x00000000080006f0                CAN1_TX_IRQHandler
                0x00000000080006f0                DMA2_Channel5_IRQHandler
                0x00000000080006f0                DMA1_Channel5_IRQHandler
                0x00000000080006f0                EXTI4_IRQHandler
                0x00000000080006f0                RNG_IRQHandler
                0x00000000080006f0                TIM1_TRG_COM_TIM17_IRQHandler
                0x00000000080006f0                DMA1_Channel3_IRQHandler
                0x00000000080006f0                COMP_IRQHandler
                0x00000000080006f0                WWDG_IRQHandler
                0x00000000080006f0                LPUART1_IRQHandler
                0x00000000080006f0                DMA2_Channel6_IRQHandler
                0x00000000080006f0                TIM2_IRQHandler
                0x00000000080006f0                EXTI1_IRQHandler
                0x00000000080006f0                USART2_IRQHandler
                0x00000000080006f0                DFSDM1_FLT0_IRQHandler
                0x00000000080006f0                I2C2_ER_IRQHandler
                0x00000000080006f0                DMA1_Channel2_IRQHandler
                0x00000000080006f0                TIM8_BRK_IRQHandler
                0x00000000080006f0                CAN1_SCE_IRQHandler
                0x00000000080006f0                FLASH_IRQHandler
                0x00000000080006f0                USART1_IRQHandler
                0x00000000080006f0                SPI3_IRQHandler
                0x00000000080006f0                I2C1_ER_IRQHandler
                0x00000000080006f0                FMC_IRQHandler
                0x00000000080006f0                SWPMI1_IRQHandler
                0x00000000080006f0                LPTIM1_IRQHandler
                0x00000000080006f0                SAI1_IRQHandler
                0x00000000080006f0                DMA2_Channel3_IRQHandler
                0x00000000080006f0                TIM1_BRK_TIM15_IRQHandler
 *fill*         0x00000000080006f2        0x2 
 .text.aesInit  0x00000000080006f4      0x380 CycloneCRYPTO/cipher/aes.o
                0x00000000080006f4                aesInit
 .text.aesEncryptBlock
                0x0000000008000a74      0x4e4 CycloneCRYPTO/cipher/aes.o
                0x0000000008000a74                aesEncryptBlock
 .text.aesDecryptBlock
                0x0000000008000f58      0x4f8 CycloneCRYPTO/cipher/aes.o
                0x0000000008000f58                aesDecryptBlock
 .text.HAL_Init
                0x0000000008001450       0x30 Drivers/STM32L4xx_HAL_Driver/Src/stm32l4xx_hal.o
                0x0000000008001450                HAL_Init
 .text.HAL_GetTick
                0x0000000008001480       0x18 Drivers/STM32L4xx_HAL_Driver/Src/stm32l4xx_hal.o
                0x0000000008001480                HAL_GetTick
 .text.HAL_Delay
                0x0000000008001498       0x48 Drivers/STM32L4xx_HAL_Driver/Src/stm32l4xx_hal.o
                0x0000000008001498                HAL_Delay
 .text.__NVIC_SetPriorityGrouping
                0x00000000080014e0       0x48 Drivers/STM32L4xx_HAL_Driver/Src/stm32l4xx_hal_cortex.o
 .text.__NVIC_GetPriorityGrouping
                0x0000000008001528       0x1c Drivers/STM32L4xx_HAL_Driver/Src/stm32l4xx_hal_cortex.o
 .text.__NVIC_EnableIRQ
                0x0000000008001544       0x3c Drivers/STM32L4xx_HAL_Driver/Src/stm32l4xx_hal_cortex.o
 .text.__NVIC_SetPriority
                0x0000000008001580       0x54 Drivers/STM32L4xx_HAL_Driver/Src/stm32l4xx_hal_cortex.o
 .text.NVIC_EncodePriority
                0x00000000080015d4       0x66 Drivers/STM32L4xx_HAL_Driver/Src/stm32l4xx_hal_cortex.o
 .text.HAL_NVIC_SetPriorityGrouping
                0x000000000800163a       0x16 Drivers/STM32L4xx_HAL_Driver/Src/stm32l4xx_hal_cortex.o
                0x000000000800163a                HAL_NVIC_SetPriorityGrouping
 .text.HAL_NVIC_SetPriority
                0x0000000008001650       0x38 Drivers/STM32L4xx_HAL_Driver/Src/stm32l4xx_hal_cortex.o
                0x0000000008001650                HAL_NVIC_SetPriority
 .text.HAL_NVIC_EnableIRQ
                0x0000000008001688       0x1c Drivers/STM32L4xx_HAL_Driver/Src/stm32l4xx_hal_cortex.o
                0x0000000008001688                HAL_NVIC_EnableIRQ
 .text.HAL_CRC_Init
                0x00000000080016a4       0xc8 Drivers/STM32L4xx_HAL_Driver/Src/stm32l4xx_hal_crc.o
                0x00000000080016a4                HAL_CRC_Init
 .text.HAL_CRCEx_Polynomial_Set
                0x000000000800176c      0x10c Drivers/STM32L4xx_HAL_Driver/Src/stm32l4xx_hal_crc_ex.o
                0x000000000800176c                HAL_CRCEx_Polynomial_Set
 .text.HAL_GPIO_Init
                0x0000000008001878      0x354 Drivers/STM32L4xx_HAL_Driver/Src/stm32l4xx_hal_gpio.o
                0x0000000008001878                HAL_GPIO_Init
 .text.HAL_GPIO_WritePin
                0x0000000008001bcc       0x30 Drivers/STM32L4xx_HAL_Driver/Src/stm32l4xx_hal_gpio.o
                0x0000000008001bcc                HAL_GPIO_WritePin
 .text.HAL_GPIO_TogglePin
                0x0000000008001bfc       0x34 Drivers/STM32L4xx_HAL_Driver/Src/stm32l4xx_hal_gpio.o
                0x0000000008001bfc                HAL_GPIO_TogglePin
 .text.HAL_PCD_IRQHandler
                0x0000000008001c30      0x748 Drivers/STM32L4xx_HAL_Driver/Src/stm32l4xx_hal_pcd.o
                0x0000000008001c30                HAL_PCD_IRQHandler
 .text.HAL_PCD_SetAddress
                0x0000000008002378       0x4a Drivers/STM32L4xx_HAL_Driver/Src/stm32l4xx_hal_pcd.o
                0x0000000008002378                HAL_PCD_SetAddress
 .text.HAL_PCD_EP_Open
                0x00000000080023c2       0xd0 Drivers/STM32L4xx_HAL_Driver/Src/stm32l4xx_hal_pcd.o
                0x00000000080023c2                HAL_PCD_EP_Open
 .text.HAL_PCD_EP_Receive
                0x0000000008002492       0x7c Drivers/STM32L4xx_HAL_Driver/Src/stm32l4xx_hal_pcd.o
                0x0000000008002492                HAL_PCD_EP_Receive
 .text.HAL_PCD_EP_Transmit
                0x000000000800250e       0x7a Drivers/STM32L4xx_HAL_Driver/Src/stm32l4xx_hal_pcd.o
                0x000000000800250e                HAL_PCD_EP_Transmit
 .text.HAL_PCD_EP_SetStall
                0x0000000008002588       0xc4 Drivers/STM32L4xx_HAL_Driver/Src/stm32l4xx_hal_pcd.o
                0x0000000008002588                HAL_PCD_EP_SetStall
 .text.HAL_PCD_EP_ClrStall
                0x000000000800264c       0xac Drivers/STM32L4xx_HAL_Driver/Src/stm32l4xx_hal_pcd.o
                0x000000000800264c                HAL_PCD_EP_ClrStall
 .text.PCD_WriteEmptyTxFifo
                0x00000000080026f8      0x110 Drivers/STM32L4xx_HAL_Driver/Src/stm32l4xx_hal_pcd.o
 .text.PCD_EP_OutXfrComplete_int
                0x0000000008002808       0x9c Drivers/STM32L4xx_HAL_Driver/Src/stm32l4xx_hal_pcd.o
 .text.PCD_EP_OutSetupPacket_int
                0x00000000080028a4       0x68 Drivers/STM32L4xx_HAL_Driver/Src/stm32l4xx_hal_pcd.o
 .text.HAL_PWREx_GetVoltageRange
                0x000000000800290c       0x1c Drivers/STM32L4xx_HAL_Driver/Src/stm32l4xx_hal_pwr_ex.o
                0x000000000800290c                HAL_PWREx_GetVoltageRange
 .text.HAL_PWREx_ControlVoltageScaling
                0x0000000008002928       0xac Drivers/STM32L4xx_HAL_Driver/Src/stm32l4xx_hal_pwr_ex.o
                0x0000000008002928                HAL_PWREx_ControlVoltageScaling
 .text.HAL_RCC_OscConfig
                0x00000000080029d4      0x7cc Drivers/STM32L4xx_HAL_Driver/Src/stm32l4xx_hal_rcc.o
                0x00000000080029d4                HAL_RCC_OscConfig
 .text.HAL_RCC_ClockConfig
                0x00000000080031a0      0x1c4 Drivers/STM32L4xx_HAL_Driver/Src/stm32l4xx_hal_rcc.o
                0x00000000080031a0                HAL_RCC_ClockConfig
 .text.HAL_RCC_GetSysClockFreq
                0x0000000008003364      0x118 Drivers/STM32L4xx_HAL_Driver/Src/stm32l4xx_hal_rcc.o
                0x0000000008003364                HAL_RCC_GetSysClockFreq
 .text.HAL_RCC_GetHCLKFreq
                0x000000000800347c       0x18 Drivers/STM32L4xx_HAL_Driver/Src/stm32l4xx_hal_rcc.o
                0x000000000800347c                HAL_RCC_GetHCLKFreq
 .text.HAL_RCC_GetPCLK2Freq
                0x0000000008003494       0x2c Drivers/STM32L4xx_HAL_Driver/Src/stm32l4xx_hal_rcc.o
                0x0000000008003494                HAL_RCC_GetPCLK2Freq
 .text.HAL_RCC_GetClockConfig
                0x00000000080034c0       0x64 Drivers/STM32L4xx_HAL_Driver/Src/stm32l4xx_hal_rcc.o
                0x00000000080034c0                HAL_RCC_GetClockConfig
 .text.RCC_SetFlashLatencyFromMSIRange
                0x0000000008003524       0xc0 Drivers/STM32L4xx_HAL_Driver/Src/stm32l4xx_hal_rcc.o
 .text.HAL_RCCEx_PeriphCLKConfig
                0x00000000080035e4      0x5d4 Drivers/STM32L4xx_HAL_Driver/Src/stm32l4xx_hal_rcc_ex.o
                0x00000000080035e4                HAL_RCCEx_PeriphCLKConfig
 .text.RCCEx_PLLSAI1_Config
                0x0000000008003bb8      0x1e8 Drivers/STM32L4xx_HAL_Driver/Src/stm32l4xx_hal_rcc_ex.o
 .text.RCCEx_PLLSAI2_Config
                0x0000000008003da0      0x1bc Drivers/STM32L4xx_HAL_Driver/Src/stm32l4xx_hal_rcc_ex.o
 .text.HAL_RNG_Init
                0x0000000008003f5c       0xa0 Drivers/STM32L4xx_HAL_Driver/Src/stm32l4xx_hal_rng.o
                0x0000000008003f5c                HAL_RNG_Init
 .text.HAL_TIM_Base_Init
                0x0000000008003ffc       0xae Drivers/STM32L4xx_HAL_Driver/Src/stm32l4xx_hal_tim.o
                0x0000000008003ffc                HAL_TIM_Base_Init
 .text.HAL_TIM_Base_MspInit
                0x00000000080040aa       0x14 Drivers/STM32L4xx_HAL_Driver/Src/stm32l4xx_hal_tim.o
                0x00000000080040aa                HAL_TIM_Base_MspInit
 *fill*         0x00000000080040be        0x2 
 .text.HAL_TIM_Base_Start_IT
                0x00000000080040c0       0xe0 Drivers/STM32L4xx_HAL_Driver/Src/stm32l4xx_hal_tim.o
                0x00000000080040c0                HAL_TIM_Base_Start_IT
 .text.HAL_TIM_IRQHandler
                0x00000000080041a0      0x23e Drivers/STM32L4xx_HAL_Driver/Src/stm32l4xx_hal_tim.o
                0x00000000080041a0                HAL_TIM_IRQHandler
 .text.HAL_TIM_PeriodElapsedCallback
                0x00000000080043de       0x14 Drivers/STM32L4xx_HAL_Driver/Src/stm32l4xx_hal_tim.o
                0x00000000080043de                HAL_TIM_PeriodElapsedCallback
 .text.HAL_TIM_OC_DelayElapsedCallback
                0x00000000080043f2       0x14 Drivers/STM32L4xx_HAL_Driver/Src/stm32l4xx_hal_tim.o
                0x00000000080043f2                HAL_TIM_OC_DelayElapsedCallback
 .text.HAL_TIM_IC_CaptureCallback
                0x0000000008004406       0x14 Drivers/STM32L4xx_HAL_Driver/Src/stm32l4xx_hal_tim.o
                0x0000000008004406                HAL_TIM_IC_CaptureCallback
 .text.HAL_TIM_PWM_PulseFinishedCallback
                0x000000000800441a       0x14 Drivers/STM32L4xx_HAL_Driver/Src/stm32l4xx_hal_tim.o
                0x000000000800441a                HAL_TIM_PWM_PulseFinishedCallback
 .text.HAL_TIM_TriggerCallback
                0x000000000800442e       0x14 Drivers/STM32L4xx_HAL_Driver/Src/stm32l4xx_hal_tim.o
                0x000000000800442e                HAL_TIM_TriggerCallback
 *fill*         0x0000000008004442        0x2 
 .text.TIM_Base_SetConfig
                0x0000000008004444      0x134 Drivers/STM32L4xx_HAL_Driver/Src/stm32l4xx_hal_tim.o
                0x0000000008004444                TIM_Base_SetConfig
 .text.HAL_TIMEx_CommutCallback
                0x0000000008004578       0x14 Drivers/STM32L4xx_HAL_Driver/Src/stm32l4xx_hal_tim_ex.o
                0x0000000008004578                HAL_TIMEx_CommutCallback
 .text.HAL_TIMEx_BreakCallback
                0x000000000800458c       0x14 Drivers/STM32L4xx_HAL_Driver/Src/stm32l4xx_hal_tim_ex.o
                0x000000000800458c                HAL_TIMEx_BreakCallback
 .text.HAL_TIMEx_Break2Callback
                0x00000000080045a0       0x14 Drivers/STM32L4xx_HAL_Driver/Src/stm32l4xx_hal_tim_ex.o
                0x00000000080045a0                HAL_TIMEx_Break2Callback
 .text.USB_SetTurnaroundTime
                0x00000000080045b4      0x138 Drivers/STM32L4xx_HAL_Driver/Src/stm32l4xx_ll_usb.o
                0x00000000080045b4                USB_SetTurnaroundTime
 .text.USB_FlushTxFifo
                0x00000000080046ec       0x4c Drivers/STM32L4xx_HAL_Driver/Src/stm32l4xx_ll_usb.o
                0x00000000080046ec                USB_FlushTxFifo
 .text.USB_GetDevSpeed
                0x0000000008004738       0x3e Drivers/STM32L4xx_HAL_Driver/Src/stm32l4xx_ll_usb.o
                0x0000000008004738                USB_GetDevSpeed
 .text.USB_ActivateEndpoint
                0x0000000008004776      0x10e Drivers/STM32L4xx_HAL_Driver/Src/stm32l4xx_ll_usb.o
                0x0000000008004776                USB_ActivateEndpoint
 .text.USB_EPStartXfer
                0x0000000008004884      0x3b8 Drivers/STM32L4xx_HAL_Driver/Src/stm32l4xx_ll_usb.o
                0x0000000008004884                USB_EPStartXfer
 .text.USB_EP0StartXfer
                0x0000000008004c3c      0x23c Drivers/STM32L4xx_HAL_Driver/Src/stm32l4xx_ll_usb.o
                0x0000000008004c3c                USB_EP0StartXfer
 .text.USB_WritePacket
                0x0000000008004e78       0x62 Drivers/STM32L4xx_HAL_Driver/Src/stm32l4xx_ll_usb.o
                0x0000000008004e78                USB_WritePacket
 .text.USB_ReadPacket
                0x0000000008004eda       0x52 Drivers/STM32L4xx_HAL_Driver/Src/stm32l4xx_ll_usb.o
                0x0000000008004eda                USB_ReadPacket
 .text.USB_EPSetStall
                0x0000000008004f2c       0xdc Drivers/STM32L4xx_HAL_Driver/Src/stm32l4xx_ll_usb.o
                0x0000000008004f2c                USB_EPSetStall
 .text.USB_EPClearStall
                0x0000000008005008       0xcc Drivers/STM32L4xx_HAL_Driver/Src/stm32l4xx_ll_usb.o
                0x0000000008005008                USB_EPClearStall
 .text.USB_SetDevAddress
                0x00000000080050d4       0x4c Drivers/STM32L4xx_HAL_Driver/Src/stm32l4xx_ll_usb.o
                0x00000000080050d4                USB_SetDevAddress
 .text.USB_ReadInterrupts
                0x0000000008005120       0x26 Drivers/STM32L4xx_HAL_Driver/Src/stm32l4xx_ll_usb.o
                0x0000000008005120                USB_ReadInterrupts
 .text.USB_ReadDevAllOutEpInterrupt
                0x0000000008005146       0x34 Drivers/STM32L4xx_HAL_Driver/Src/stm32l4xx_ll_usb.o
                0x0000000008005146                USB_ReadDevAllOutEpInterrupt
 .text.USB_ReadDevAllInEpInterrupt
                0x000000000800517a       0x34 Drivers/STM32L4xx_HAL_Driver/Src/stm32l4xx_ll_usb.o
                0x000000000800517a                USB_ReadDevAllInEpInterrupt
 .text.USB_ReadDevOutEPInterrupt
                0x00000000080051ae       0x3c Drivers/STM32L4xx_HAL_Driver/Src/stm32l4xx_ll_usb.o
                0x00000000080051ae                USB_ReadDevOutEPInterrupt
 .text.USB_ReadDevInEPInterrupt
                0x00000000080051ea       0x5c Drivers/STM32L4xx_HAL_Driver/Src/stm32l4xx_ll_usb.o
                0x00000000080051ea                USB_ReadDevInEPInterrupt
 .text.USB_GetMode
                0x0000000008005246       0x1c Drivers/STM32L4xx_HAL_Driver/Src/stm32l4xx_ll_usb.o
                0x0000000008005246                USB_GetMode
 .text.USB_ActivateSetup
                0x0000000008005262       0x46 Drivers/STM32L4xx_HAL_Driver/Src/stm32l4xx_ll_usb.o
                0x0000000008005262                USB_ActivateSetup
 .text.USB_EP0_OutStart
                0x00000000080052a8       0x90 Drivers/STM32L4xx_HAL_Driver/Src/stm32l4xx_ll_usb.o
                0x00000000080052a8                USB_EP0_OutStart
 .text.USBD_RunTestMode
                0x0000000008005338       0x16 Middlewares/ST/STM32_USB_Device_Library/Core/Src/usbd_core.o
                0x0000000008005338                USBD_RunTestMode
 .text.USBD_SetClassConfig
                0x000000000800534e       0x38 Middlewares/ST/STM32_USB_Device_Library/Core/Src/usbd_core.o
                0x000000000800534e                USBD_SetClassConfig
 .text.USBD_ClrClassConfig
                0x0000000008005386       0x30 Middlewares/ST/STM32_USB_Device_Library/Core/Src/usbd_core.o
                0x0000000008005386                USBD_ClrClassConfig
 .text.USBD_LL_SetupStage
                0x00000000080053b6       0xaa Middlewares/ST/STM32_USB_Device_Library/Core/Src/usbd_core.o
                0x00000000080053b6                USBD_LL_SetupStage
 .text.USBD_LL_DataOutStage
                0x0000000008005460       0xc6 Middlewares/ST/STM32_USB_Device_Library/Core/Src/usbd_core.o
                0x0000000008005460                USBD_LL_DataOutStage
 .text.USBD_LL_DataInStage
                0x0000000008005526      0x12c Middlewares/ST/STM32_USB_Device_Library/Core/Src/usbd_core.o
                0x0000000008005526                USBD_LL_DataInStage
 .text.USBD_LL_Reset
                0x0000000008005652       0x9c Middlewares/ST/STM32_USB_Device_Library/Core/Src/usbd_core.o
                0x0000000008005652                USBD_LL_Reset
 .text.USBD_LL_SetSpeed
                0x00000000080056ee       0x20 Middlewares/ST/STM32_USB_Device_Library/Core/Src/usbd_core.o
                0x00000000080056ee                USBD_LL_SetSpeed
 .text.USBD_LL_Suspend
                0x000000000800570e       0x2c Middlewares/ST/STM32_USB_Device_Library/Core/Src/usbd_core.o
                0x000000000800570e                USBD_LL_Suspend
 .text.USBD_LL_Resume
                0x000000000800573a       0x30 Middlewares/ST/STM32_USB_Device_Library/Core/Src/usbd_core.o
                0x000000000800573a                USBD_LL_Resume
 .text.USBD_LL_SOF
                0x000000000800576a       0x44 Middlewares/ST/STM32_USB_Device_Library/Core/Src/usbd_core.o
                0x000000000800576a                USBD_LL_SOF
 .text.USBD_LL_IsoINIncomplete
                0x00000000080057ae       0x4c Middlewares/ST/STM32_USB_Device_Library/Core/Src/usbd_core.o
                0x00000000080057ae                USBD_LL_IsoINIncomplete
 .text.USBD_LL_IsoOUTIncomplete
                0x00000000080057fa       0x4c Middlewares/ST/STM32_USB_Device_Library/Core/Src/usbd_core.o
                0x00000000080057fa                USBD_LL_IsoOUTIncomplete
 .text.USBD_LL_DevConnected
                0x0000000008005846       0x16 Middlewares/ST/STM32_USB_Device_Library/Core/Src/usbd_core.o
                0x0000000008005846                USBD_LL_DevConnected
 .text.USBD_LL_DevDisconnected
                0x000000000800585c       0x38 Middlewares/ST/STM32_USB_Device_Library/Core/Src/usbd_core.o
                0x000000000800585c                USBD_LL_DevDisconnected
 .text.SWAPBYTE
                0x0000000008005894       0x3c Middlewares/ST/STM32_USB_Device_Library/Core/Src/usbd_ctlreq.o
 .text.USBD_StdDevReq
                0x00000000080058d0       0xdc Middlewares/ST/STM32_USB_Device_Library/Core/Src/usbd_ctlreq.o
                0x00000000080058d0                USBD_StdDevReq
 .text.USBD_StdItfReq
                0x00000000080059ac       0x92 Middlewares/ST/STM32_USB_Device_Library/Core/Src/usbd_ctlreq.o
                0x00000000080059ac                USBD_StdItfReq
 .text.USBD_StdEPReq
                0x0000000008005a3e      0x2c4 Middlewares/ST/STM32_USB_Device_Library/Core/Src/usbd_ctlreq.o
                0x0000000008005a3e                USBD_StdEPReq
 *fill*         0x0000000008005d02        0x2 
 .text.USBD_GetDescriptor
                0x0000000008005d04      0x328 Middlewares/ST/STM32_USB_Device_Library/Core/Src/usbd_ctlreq.o
 .text.USBD_SetAddress
                0x000000000800602c       0x88 Middlewares/ST/STM32_USB_Device_Library/Core/Src/usbd_ctlreq.o
 .text.USBD_SetConfig
                0x00000000080060b4      0x14c Middlewares/ST/STM32_USB_Device_Library/Core/Src/usbd_ctlreq.o
 .text.USBD_GetConfig
                0x0000000008006200       0x6c Middlewares/ST/STM32_USB_Device_Library/Core/Src/usbd_ctlreq.o
 .text.USBD_GetStatus
                0x000000000800626c       0x68 Middlewares/ST/STM32_USB_Device_Library/Core/Src/usbd_ctlreq.o
 .text.USBD_SetFeature
                0x00000000080062d4       0x28 Middlewares/ST/STM32_USB_Device_Library/Core/Src/usbd_ctlreq.o
 .text.USBD_ClrFeature
                0x00000000080062fc       0x44 Middlewares/ST/STM32_USB_Device_Library/Core/Src/usbd_ctlreq.o
 .text.USBD_ParseSetupRequest
                0x0000000008006340       0x74 Middlewares/ST/STM32_USB_Device_Library/Core/Src/usbd_ctlreq.o
                0x0000000008006340                USBD_ParseSetupRequest
 .text.USBD_CtlError
                0x00000000080063b4       0x22 Middlewares/ST/STM32_USB_Device_Library/Core/Src/usbd_ctlreq.o
                0x00000000080063b4                USBD_CtlError
 .text.USBD_CtlSendData
                0x00000000080063d6       0x36 Middlewares/ST/STM32_USB_Device_Library/Core/Src/usbd_ioreq.o
                0x00000000080063d6                USBD_CtlSendData
 .text.USBD_CtlContinueSendData
                0x000000000800640c       0x22 Middlewares/ST/STM32_USB_Device_Library/Core/Src/usbd_ioreq.o
                0x000000000800640c                USBD_CtlContinueSendData
 .text.USBD_CtlContinueRx
                0x000000000800642e       0x22 Middlewares/ST/STM32_USB_Device_Library/Core/Src/usbd_ioreq.o
                0x000000000800642e                USBD_CtlContinueRx
 .text.USBD_CtlSendStatus
                0x0000000008006450       0x26 Middlewares/ST/STM32_USB_Device_Library/Core/Src/usbd_ioreq.o
                0x0000000008006450                USBD_CtlSendStatus
 .text.USBD_CtlReceiveStatus
                0x0000000008006476       0x26 Middlewares/ST/STM32_USB_Device_Library/Core/Src/usbd_ioreq.o
                0x0000000008006476                USBD_CtlReceiveStatus
 .text.HAL_PCD_SetupStageCallback
                0x000000000800649c       0x24 USB_DEVICE/Target/usbd_conf.o
                0x000000000800649c                HAL_PCD_SetupStageCallback
 .text.HAL_PCD_DataOutStageCallback
                0x00000000080064c0       0x36 USB_DEVICE/Target/usbd_conf.o
                0x00000000080064c0                HAL_PCD_DataOutStageCallback
 .text.HAL_PCD_DataInStageCallback
                0x00000000080064f6       0x34 USB_DEVICE/Target/usbd_conf.o
                0x00000000080064f6                HAL_PCD_DataInStageCallback
 .text.HAL_PCD_SOFCallback
                0x000000000800652a       0x1c USB_DEVICE/Target/usbd_conf.o
                0x000000000800652a                HAL_PCD_SOFCallback
 .text.HAL_PCD_ResetCallback
                0x0000000008006546       0x3c USB_DEVICE/Target/usbd_conf.o
                0x0000000008006546                HAL_PCD_ResetCallback
 *fill*         0x0000000008006582        0x2 
 .text.HAL_PCD_SuspendCallback
                0x0000000008006584       0x4c USB_DEVICE/Target/usbd_conf.o
                0x0000000008006584                HAL_PCD_SuspendCallback
 .text.HAL_PCD_ResumeCallback
                0x00000000080065d0       0x50 USB_DEVICE/Target/usbd_conf.o
                0x00000000080065d0                HAL_PCD_ResumeCallback
 .text.HAL_PCD_ISOOUTIncompleteCallback
                0x0000000008006620       0x24 USB_DEVICE/Target/usbd_conf.o
                0x0000000008006620                HAL_PCD_ISOOUTIncompleteCallback
 .text.HAL_PCD_ISOINIncompleteCallback
                0x0000000008006644       0x24 USB_DEVICE/Target/usbd_conf.o
                0x0000000008006644                HAL_PCD_ISOINIncompleteCallback
 .text.HAL_PCD_ConnectCallback
                0x0000000008006668       0x1c USB_DEVICE/Target/usbd_conf.o
                0x0000000008006668                HAL_PCD_ConnectCallback
 .text.HAL_PCD_DisconnectCallback
                0x0000000008006684       0x1c USB_DEVICE/Target/usbd_conf.o
                0x0000000008006684                HAL_PCD_DisconnectCallback
 .text.USBD_LL_OpenEP
                0x00000000080066a0       0x7c USB_DEVICE/Target/usbd_conf.o
                0x00000000080066a0                USBD_LL_OpenEP
 .text.USBD_LL_StallEP
                0x000000000800671c       0x6c USB_DEVICE/Target/usbd_conf.o
                0x000000000800671c                USBD_LL_StallEP
 .text.USBD_LL_ClearStallEP
                0x0000000008006788       0x6c USB_DEVICE/Target/usbd_conf.o
                0x0000000008006788                USBD_LL_ClearStallEP
 .text.USBD_LL_IsStallEP
                0x00000000080067f4       0x58 USB_DEVICE/Target/usbd_conf.o
                0x00000000080067f4                USBD_LL_IsStallEP
 .text.USBD_LL_SetUSBAddress
                0x000000000800684c       0x6c USB_DEVICE/Target/usbd_conf.o
                0x000000000800684c                USBD_LL_SetUSBAddress
 .text.USBD_LL_Transmit
                0x00000000080068b8       0x70 USB_DEVICE/Target/usbd_conf.o
                0x00000000080068b8                USBD_LL_Transmit
 .text.USBD_LL_PrepareReceive
                0x0000000008006928       0x70 USB_DEVICE/Target/usbd_conf.o
                0x0000000008006928                USBD_LL_PrepareReceive
 .text.HAL_PCDEx_LPM_Callback
                0x0000000008006998       0x9c USB_DEVICE/Target/usbd_conf.o
                0x0000000008006998                HAL_PCDEx_LPM_Callback
 .text.SystemClockConfig_Resume
                0x0000000008006a34        0xc USB_DEVICE/Target/usbd_conf.o
 .text.__libc_init_array
                0x0000000008006a40       0x48 c:/st/stm32cubeide_1.6.0/stm32cubeide/plugins/com.st.stm32cube.ide.mcu.externaltools.gnu-tools-for-stm32.9-2020-q2-update.win32_1.5.0.202011040924/tools/bin/../lib/gcc/arm-none-eabi/9.3.1/../../../../arm-none-eabi/lib/thumb/v7e-m+fp/hard\libc_nano.a(lib_a-init.o)
                0x0000000008006a40                __libc_init_array
 .text.memset   0x0000000008006a88       0x10 c:/st/stm32cubeide_1.6.0/stm32cubeide/plugins/com.st.stm32cube.ide.mcu.externaltools.gnu-tools-for-stm32.9-2020-q2-update.win32_1.5.0.202011040924/tools/bin/../lib/gcc/arm-none-eabi/9.3.1/../../../../arm-none-eabi/lib/thumb/v7e-m+fp/hard\libc_nano.a(lib_a-memset.o)
                0x0000000008006a88                memset
 *(.glue_7)
 .glue_7        0x0000000008006a98        0x0 linker stubs
 *(.glue_7t)
 .glue_7t       0x0000000008006a98        0x0 linker stubs
 *(.eh_frame)
 .eh_frame      0x0000000008006a98        0x0 c:/st/stm32cubeide_1.6.0/stm32cubeide/plugins/com.st.stm32cube.ide.mcu.externaltools.gnu-tools-for-stm32.9-2020-q2-update.win32_1.5.0.202011040924/tools/bin/../lib/gcc/arm-none-eabi/9.3.1/thumb/v7e-m+fp/hard/crtbegin.o
 *(.init)
 .init          0x0000000008006a98        0x4 c:/st/stm32cubeide_1.6.0/stm32cubeide/plugins/com.st.stm32cube.ide.mcu.externaltools.gnu-tools-for-stm32.9-2020-q2-update.win32_1.5.0.202011040924/tools/bin/../lib/gcc/arm-none-eabi/9.3.1/thumb/v7e-m+fp/hard/crti.o
                0x0000000008006a98                _init
 .init          0x0000000008006a9c        0x8 c:/st/stm32cubeide_1.6.0/stm32cubeide/plugins/com.st.stm32cube.ide.mcu.externaltools.gnu-tools-for-stm32.9-2020-q2-update.win32_1.5.0.202011040924/tools/bin/../lib/gcc/arm-none-eabi/9.3.1/thumb/v7e-m+fp/hard/crtn.o
 *(.fini)
 .fini          0x0000000008006aa4        0x4 c:/st/stm32cubeide_1.6.0/stm32cubeide/plugins/com.st.stm32cube.ide.mcu.externaltools.gnu-tools-for-stm32.9-2020-q2-update.win32_1.5.0.202011040924/tools/bin/../lib/gcc/arm-none-eabi/9.3.1/thumb/v7e-m+fp/hard/crti.o
                0x0000000008006aa4                _fini
 .fini          0x0000000008006aa8        0x8 c:/st/stm32cubeide_1.6.0/stm32cubeide/plugins/com.st.stm32cube.ide.mcu.externaltools.gnu-tools-for-stm32.9-2020-q2-update.win32_1.5.0.202011040924/tools/bin/../lib/gcc/arm-none-eabi/9.3.1/thumb/v7e-m+fp/hard/crtn.o
                0x0000000008006ab0                . = ALIGN (0x4)
                0x0000000008006ab0                _etext = .

.vfp11_veneer   0x0000000008006ab0        0x0
 .vfp11_veneer  0x0000000008006ab0        0x0 linker stubs

.v4_bx          0x0000000008006ab0        0x0
 .v4_bx         0x0000000008006ab0        0x0 linker stubs

.iplt           0x0000000008006ab0        0x0
 .iplt          0x0000000008006ab0        0x0 c:/st/stm32cubeide_1.6.0/stm32cubeide/plugins/com.st.stm32cube.ide.mcu.externaltools.gnu-tools-for-stm32.9-2020-q2-update.win32_1.5.0.202011040924/tools/bin/../lib/gcc/arm-none-eabi/9.3.1/thumb/v7e-m+fp/hard/crtbegin.o

.rodata         0x0000000008006ab0      0xab4
                0x0000000008006ab0                . = ALIGN (0x4)
 *(.rodata)
 *(.rodata*)
 .rodata.Plaintext
                0x0000000008006ab0       0x40 Core/Src/main.o
                0x0000000008006ab0                Plaintext
 .rodata.AHBPrescTable
                0x0000000008006af0       0x10 Core/Src/system_stm32l4xx.o
                0x0000000008006af0                AHBPrescTable
 .rodata.APBPrescTable
                0x0000000008006b00        0x8 Core/Src/system_stm32l4xx.o
                0x0000000008006b00                APBPrescTable
 .rodata.MSIRangeTable
                0x0000000008006b08       0x30 Core/Src/system_stm32l4xx.o
                0x0000000008006b08                MSIRangeTable
 .rodata.sbox   0x0000000008006b38      0x100 CycloneCRYPTO/cipher/aes.o
 .rodata.isbox  0x0000000008006c38      0x100 CycloneCRYPTO/cipher/aes.o
 .rodata.te     0x0000000008006d38      0x400 CycloneCRYPTO/cipher/aes.o
 .rodata.td     0x0000000008007138      0x400 CycloneCRYPTO/cipher/aes.o
 .rodata.rcon   0x0000000008007538       0x2c CycloneCRYPTO/cipher/aes.o
                0x0000000008007564                . = ALIGN (0x4)

.rel.dyn        0x0000000008007564        0x0
 .rel.iplt      0x0000000008007564        0x0 c:/st/stm32cubeide_1.6.0/stm32cubeide/plugins/com.st.stm32cube.ide.mcu.externaltools.gnu-tools-for-stm32.9-2020-q2-update.win32_1.5.0.202011040924/tools/bin/../lib/gcc/arm-none-eabi/9.3.1/thumb/v7e-m+fp/hard/crtbegin.o

.ARM.extab      0x0000000008007564        0x0
                0x0000000008007564                . = ALIGN (0x4)
 *(.ARM.extab* .gnu.linkonce.armextab.*)
                0x0000000008007564                . = ALIGN (0x4)

.ARM            0x0000000008007564        0x0
                0x0000000008007564                . = ALIGN (0x4)
                0x0000000008007564                __exidx_start = .
 *(.ARM.exidx*)
                0x0000000008007564                __exidx_end = .
                0x0000000008007564                . = ALIGN (0x4)

.preinit_array  0x0000000008007564        0x0
                0x0000000008007564                . = ALIGN (0x4)
                0x0000000008007564                PROVIDE (__preinit_array_start = .)
 *(.preinit_array*)
                0x0000000008007564                PROVIDE (__preinit_array_end = .)
                0x0000000008007564                . = ALIGN (0x4)

.init_array     0x0000000008007564        0x4
                0x0000000008007564                . = ALIGN (0x4)
                0x0000000008007564                PROVIDE (__init_array_start = .)
 *(SORT_BY_NAME(.init_array.*))
 *(.init_array*)
 .init_array    0x0000000008007564        0x4 c:/st/stm32cubeide_1.6.0/stm32cubeide/plugins/com.st.stm32cube.ide.mcu.externaltools.gnu-tools-for-stm32.9-2020-q2-update.win32_1.5.0.202011040924/tools/bin/../lib/gcc/arm-none-eabi/9.3.1/thumb/v7e-m+fp/hard/crtbegin.o
                0x0000000008007568                PROVIDE (__init_array_end = .)
                0x0000000008007568                . = ALIGN (0x4)

.fini_array     0x0000000008007568        0x4
                0x0000000008007568                . = ALIGN (0x4)
                [!provide]                        PROVIDE (__fini_array_start = .)
 *(SORT_BY_NAME(.fini_array.*))
 *(.fini_array*)
 .fini_array    0x0000000008007568        0x4 c:/st/stm32cubeide_1.6.0/stm32cubeide/plugins/com.st.stm32cube.ide.mcu.externaltools.gnu-tools-for-stm32.9-2020-q2-update.win32_1.5.0.202011040924/tools/bin/../lib/gcc/arm-none-eabi/9.3.1/thumb/v7e-m+fp/hard/crtbegin.o
                [!provide]                        PROVIDE (__fini_array_end = .)
                0x000000000800756c                . = ALIGN (0x4)
                0x000000000800756c                _sidata = LOADADDR (.data)

.data           0x0000000020000000       0x24 load address 0x000000000800756c
                0x0000000020000000                . = ALIGN (0x4)
                0x0000000020000000                _sdata = .
 *(.data)
 *(.data*)
 .data.Sym_Key  0x0000000020000000       0x18 Core/Src/main.o
                0x0000000020000000                Sym_Key
 .data.SystemCoreClock
                0x0000000020000018        0x4 Core/Src/system_stm32l4xx.o
                0x0000000020000018                SystemCoreClock
 .data.uwTickPrio
                0x000000002000001c        0x4 Drivers/STM32L4xx_HAL_Driver/Src/stm32l4xx_hal.o
                0x000000002000001c                uwTickPrio
 .data.uwTickFreq
                0x0000000020000020        0x1 Drivers/STM32L4xx_HAL_Driver/Src/stm32l4xx_hal.o
                0x0000000020000020                uwTickFreq
 *(.RamFunc)
 *(.RamFunc*)
                0x0000000020000024                . = ALIGN (0x4)
 *fill*         0x0000000020000021        0x3 
                0x0000000020000024                _edata = .

.igot.plt       0x0000000020000024        0x0 load address 0x0000000008007590
 .igot.plt      0x0000000020000024        0x0 c:/st/stm32cubeide_1.6.0/stm32cubeide/plugins/com.st.stm32cube.ide.mcu.externaltools.gnu-tools-for-stm32.9-2020-q2-update.win32_1.5.0.202011040924/tools/bin/../lib/gcc/arm-none-eabi/9.3.1/thumb/v7e-m+fp/hard/crtbegin.o
                0x0000000020000024                . = ALIGN (0x4)

.bss            0x0000000020000024      0x4ac load address 0x0000000008007590
                0x0000000020000024                _sbss = .
                0x0000000020000024                __bss_start__ = _sbss
 *(.bss)
 .bss           0x0000000020000024       0x1c c:/st/stm32cubeide_1.6.0/stm32cubeide/plugins/com.st.stm32cube.ide.mcu.externaltools.gnu-tools-for-stm32.9-2020-q2-update.win32_1.5.0.202011040924/tools/bin/../lib/gcc/arm-none-eabi/9.3.1/thumb/v7e-m+fp/hard/crtbegin.o
 *(.bss*)
 .bss.cfgidx.11673
                0x0000000020000040        0x1 Middlewares/ST/STM32_USB_Device_Library/Core/Src/usbd_ctlreq.o
 *(COMMON)
 *fill*         0x0000000020000041        0x3 
 COMMON         0x0000000020000044       0x34 Core/Src/main.o
                0x0000000020000044                hcrc
                0x0000000020000068                hrng
 COMMON         0x0000000020000078       0x4c Core/Src/stm32l4xx_hal_timebase_tim.o
                0x0000000020000078                htim1
 COMMON         0x00000000200000c4        0x4 Drivers/STM32L4xx_HAL_Driver/Src/stm32l4xx_hal.o
                0x00000000200000c4                uwTick
 COMMON         0x00000000200000c8      0x408 USB_DEVICE/Target/usbd_conf.o
                0x00000000200000c8                hpcd_USB_OTG_FS
                0x00000000200004d0                . = ALIGN (0x4)
                0x00000000200004d0                _ebss = .
                0x00000000200004d0                __bss_end__ = _ebss

._user_heap_stack
                0x00000000200004d0      0x600 load address 0x0000000008007590
                0x00000000200004d0                . = ALIGN (0x8)
                [!provide]                        PROVIDE (end = .)
                0x00000000200004d0                PROVIDE (_end = .)
                0x00000000200006d0                . = (. + _Min_Heap_Size)
 *fill*         0x00000000200004d0      0x200 
                0x0000000020000ad0                . = (. + _Min_Stack_Size)
 *fill*         0x00000000200006d0      0x400 
                0x0000000020000ad0                . = ALIGN (0x8)

/DISCARD/
 libc.a(*)
 libm.a(*)
 libgcc.a(*)

.ARM.attributes
                0x0000000000000000       0x30
 *(.ARM.attributes)
 .ARM.attributes
                0x0000000000000000       0x1e c:/st/stm32cubeide_1.6.0/stm32cubeide/plugins/com.st.stm32cube.ide.mcu.externaltools.gnu-tools-for-stm32.9-2020-q2-update.win32_1.5.0.202011040924/tools/bin/../lib/gcc/arm-none-eabi/9.3.1/thumb/v7e-m+fp/hard/crti.o
 .ARM.attributes
                0x000000000000001e       0x34 c:/st/stm32cubeide_1.6.0/stm32cubeide/plugins/com.st.stm32cube.ide.mcu.externaltools.gnu-tools-for-stm32.9-2020-q2-update.win32_1.5.0.202011040924/tools/bin/../lib/gcc/arm-none-eabi/9.3.1/thumb/v7e-m+fp/hard/crtbegin.o
 .ARM.attributes
                0x0000000000000052       0x34 Core/Src/main.o
 .ARM.attributes
                0x0000000000000086       0x34 Core/Src/stm32l4xx_hal_msp.o
 .ARM.attributes
                0x00000000000000ba       0x34 Core/Src/stm32l4xx_hal_timebase_tim.o
 .ARM.attributes
                0x00000000000000ee       0x34 Core/Src/stm32l4xx_it.o
 .ARM.attributes
                0x0000000000000122       0x34 Core/Src/system_stm32l4xx.o
 .ARM.attributes
                0x0000000000000156       0x21 Core/Startup/startup_stm32l475vgtx.o
 .ARM.attributes
                0x0000000000000177       0x34 CycloneCRYPTO/cipher/aes.o
 .ARM.attributes
                0x00000000000001ab       0x34 Drivers/STM32L4xx_HAL_Driver/Src/stm32l4xx_hal.o
 .ARM.attributes
                0x00000000000001df       0x34 Drivers/STM32L4xx_HAL_Driver/Src/stm32l4xx_hal_cortex.o
 .ARM.attributes
                0x0000000000000213       0x34 Drivers/STM32L4xx_HAL_Driver/Src/stm32l4xx_hal_crc.o
 .ARM.attributes
                0x0000000000000247       0x34 Drivers/STM32L4xx_HAL_Driver/Src/stm32l4xx_hal_crc_ex.o
 .ARM.attributes
                0x000000000000027b       0x34 Drivers/STM32L4xx_HAL_Driver/Src/stm32l4xx_hal_gpio.o
 .ARM.attributes
                0x00000000000002af       0x34 Drivers/STM32L4xx_HAL_Driver/Src/stm32l4xx_hal_pcd.o
 .ARM.attributes
                0x00000000000002e3       0x34 Drivers/STM32L4xx_HAL_Driver/Src/stm32l4xx_hal_pwr_ex.o
 .ARM.attributes
                0x0000000000000317       0x34 Drivers/STM32L4xx_HAL_Driver/Src/stm32l4xx_hal_rcc.o
 .ARM.attributes
                0x000000000000034b       0x34 Drivers/STM32L4xx_HAL_Driver/Src/stm32l4xx_hal_rcc_ex.o
 .ARM.attributes
                0x000000000000037f       0x34 Drivers/STM32L4xx_HAL_Driver/Src/stm32l4xx_hal_rng.o
 .ARM.attributes
                0x00000000000003b3       0x34 Drivers/STM32L4xx_HAL_Driver/Src/stm32l4xx_hal_tim.o
 .ARM.attributes
                0x00000000000003e7       0x34 Drivers/STM32L4xx_HAL_Driver/Src/stm32l4xx_hal_tim_ex.o
 .ARM.attributes
                0x000000000000041b       0x34 Drivers/STM32L4xx_HAL_Driver/Src/stm32l4xx_ll_usb.o
 .ARM.attributes
                0x000000000000044f       0x34 Middlewares/ST/STM32_USB_Device_Library/Core/Src/usbd_core.o
 .ARM.attributes
                0x0000000000000483       0x34 Middlewares/ST/STM32_USB_Device_Library/Core/Src/usbd_ctlreq.o
 .ARM.attributes
                0x00000000000004b7       0x34 Middlewares/ST/STM32_USB_Device_Library/Core/Src/usbd_ioreq.o
 .ARM.attributes
                0x00000000000004eb       0x34 USB_DEVICE/Target/usbd_conf.o
 .ARM.attributes
                0x000000000000051f       0x34 c:/st/stm32cubeide_1.6.0/stm32cubeide/plugins/com.st.stm32cube.ide.mcu.externaltools.gnu-tools-for-stm32.9-2020-q2-update.win32_1.5.0.202011040924/tools/bin/../lib/gcc/arm-none-eabi/9.3.1/../../../../arm-none-eabi/lib/thumb/v7e-m+fp/hard\libc_nano.a(lib_a-init.o)
 .ARM.attributes
                0x0000000000000553       0x34 c:/st/stm32cubeide_1.6.0/stm32cubeide/plugins/com.st.stm32cube.ide.mcu.externaltools.gnu-tools-for-stm32.9-2020-q2-update.win32_1.5.0.202011040924/tools/bin/../lib/gcc/arm-none-eabi/9.3.1/../../../../arm-none-eabi/lib/thumb/v7e-m+fp/hard\libc_nano.a(lib_a-memset.o)
 .ARM.attributes
                0x0000000000000587       0x1e c:/st/stm32cubeide_1.6.0/stm32cubeide/plugins/com.st.stm32cube.ide.mcu.externaltools.gnu-tools-for-stm32.9-2020-q2-update.win32_1.5.0.202011040924/tools/bin/../lib/gcc/arm-none-eabi/9.3.1/thumb/v7e-m+fp/hard/crtn.o
OUTPUT(Test_securityV2.elf elf32-littlearm)
LOAD linker stubs
LOAD c:/st/stm32cubeide_1.6.0/stm32cubeide/plugins/com.st.stm32cube.ide.mcu.externaltools.gnu-tools-for-stm32.9-2020-q2-update.win32_1.5.0.202011040924/tools/bin/../lib/gcc/arm-none-eabi/9.3.1/../../../../arm-none-eabi/lib/thumb/v7e-m+fp/hard\libc.a
LOAD c:/st/stm32cubeide_1.6.0/stm32cubeide/plugins/com.st.stm32cube.ide.mcu.externaltools.gnu-tools-for-stm32.9-2020-q2-update.win32_1.5.0.202011040924/tools/bin/../lib/gcc/arm-none-eabi/9.3.1/../../../../arm-none-eabi/lib/thumb/v7e-m+fp/hard\libm.a
LOAD c:/st/stm32cubeide_1.6.0/stm32cubeide/plugins/com.st.stm32cube.ide.mcu.externaltools.gnu-tools-for-stm32.9-2020-q2-update.win32_1.5.0.202011040924/tools/bin/../lib/gcc/arm-none-eabi/9.3.1/thumb/v7e-m+fp/hard\libgcc.a

.debug_info     0x0000000000000000    0x1db91
 .debug_info    0x0000000000000000     0x217c Core/Src/main.o
 .debug_info    0x000000000000217c     0x18d6 Core/Src/stm32l4xx_hal_msp.o
 .debug_info    0x0000000000003a52      0xe23 Core/Src/stm32l4xx_hal_timebase_tim.o
 .debug_info    0x0000000000004875     0x1e90 Core/Src/stm32l4xx_it.o
 .debug_info    0x0000000000006705      0x779 Core/Src/system_stm32l4xx.o
 .debug_info    0x0000000000006e7e       0x22 Core/Startup/startup_stm32l475vgtx.o
 .debug_info    0x0000000000006ea0     0x1410 CycloneCRYPTO/cipher/aes.o
 .debug_info    0x00000000000082b0      0xcb3 Drivers/STM32L4xx_HAL_Driver/Src/stm32l4xx_hal.o
 .debug_info    0x0000000000008f63     0x1028 Drivers/STM32L4xx_HAL_Driver/Src/stm32l4xx_hal_cortex.o
 .debug_info    0x0000000000009f8b      0x75a Drivers/STM32L4xx_HAL_Driver/Src/stm32l4xx_hal_crc.o
 .debug_info    0x000000000000a6e5      0x58d Drivers/STM32L4xx_HAL_Driver/Src/stm32l4xx_hal_crc_ex.o
 .debug_info    0x000000000000ac72      0xa5f Drivers/STM32L4xx_HAL_Driver/Src/stm32l4xx_hal_gpio.o
 .debug_info    0x000000000000b6d1     0x13e4 Drivers/STM32L4xx_HAL_Driver/Src/stm32l4xx_hal_pcd.o
 .debug_info    0x000000000000cab5      0xbda Drivers/STM32L4xx_HAL_Driver/Src/stm32l4xx_hal_pwr_ex.o
 .debug_info    0x000000000000d68f      0xe0b Drivers/STM32L4xx_HAL_Driver/Src/stm32l4xx_hal_rcc.o
 .debug_info    0x000000000000e49a     0x103f Drivers/STM32L4xx_HAL_Driver/Src/stm32l4xx_hal_rcc_ex.o
 .debug_info    0x000000000000f4d9      0x6d2 Drivers/STM32L4xx_HAL_Driver/Src/stm32l4xx_hal_rng.o
 .debug_info    0x000000000000fbab     0x2cb9 Drivers/STM32L4xx_HAL_Driver/Src/stm32l4xx_hal_tim.o
 .debug_info    0x0000000000012864     0x1813 Drivers/STM32L4xx_HAL_Driver/Src/stm32l4xx_hal_tim_ex.o
 .debug_info    0x0000000000014077     0x1c05 Drivers/STM32L4xx_HAL_Driver/Src/stm32l4xx_ll_usb.o
 .debug_info    0x0000000000015c7c     0x1c84 Middlewares/ST/STM32_USB_Device_Library/Core/Src/usbd_core.o
 .debug_info    0x0000000000017900     0x1c50 Middlewares/ST/STM32_USB_Device_Library/Core/Src/usbd_ctlreq.o
 .debug_info    0x0000000000019550     0x1972 Middlewares/ST/STM32_USB_Device_Library/Core/Src/usbd_ioreq.o
 .debug_info    0x000000000001aec2     0x2ccf USB_DEVICE/Target/usbd_conf.o

.debug_abbrev   0x0000000000000000     0x36b7
 .debug_abbrev  0x0000000000000000      0x387 Core/Src/main.o
 .debug_abbrev  0x0000000000000387      0x239 Core/Src/stm32l4xx_hal_msp.o
 .debug_abbrev  0x00000000000005c0      0x1bf Core/Src/stm32l4xx_hal_timebase_tim.o
 .debug_abbrev  0x000000000000077f      0x230 Core/Src/stm32l4xx_it.o
 .debug_abbrev  0x00000000000009af      0x165 Core/Src/system_stm32l4xx.o
 .debug_abbrev  0x0000000000000b14       0x12 Core/Startup/startup_stm32l475vgtx.o
 .debug_abbrev  0x0000000000000b26      0x293 CycloneCRYPTO/cipher/aes.o
 .debug_abbrev  0x0000000000000db9      0x227 Drivers/STM32L4xx_HAL_Driver/Src/stm32l4xx_hal.o
 .debug_abbrev  0x0000000000000fe0      0x33c Drivers/STM32L4xx_HAL_Driver/Src/stm32l4xx_hal_cortex.o
 .debug_abbrev  0x000000000000131c      0x1f9 Drivers/STM32L4xx_HAL_Driver/Src/stm32l4xx_hal_crc.o
 .debug_abbrev  0x0000000000001515      0x185 Drivers/STM32L4xx_HAL_Driver/Src/stm32l4xx_hal_crc_ex.o
 .debug_abbrev  0x000000000000169a      0x1e8 Drivers/STM32L4xx_HAL_Driver/Src/stm32l4xx_hal_gpio.o
 .debug_abbrev  0x0000000000001882      0x282 Drivers/STM32L4xx_HAL_Driver/Src/stm32l4xx_hal_pcd.o
 .debug_abbrev  0x0000000000001b04      0x1f3 Drivers/STM32L4xx_HAL_Driver/Src/stm32l4xx_hal_pwr_ex.o
 .debug_abbrev  0x0000000000001cf7      0x275 Drivers/STM32L4xx_HAL_Driver/Src/stm32l4xx_hal_rcc.o
 .debug_abbrev  0x0000000000001f6c      0x268 Drivers/STM32L4xx_HAL_Driver/Src/stm32l4xx_hal_rcc_ex.o
 .debug_abbrev  0x00000000000021d4      0x1d3 Drivers/STM32L4xx_HAL_Driver/Src/stm32l4xx_hal_rng.o
 .debug_abbrev  0x00000000000023a7      0x25e Drivers/STM32L4xx_HAL_Driver/Src/stm32l4xx_hal_tim.o
 .debug_abbrev  0x0000000000002605      0x266 Drivers/STM32L4xx_HAL_Driver/Src/stm32l4xx_hal_tim_ex.o
 .debug_abbrev  0x000000000000286b      0x2a7 Drivers/STM32L4xx_HAL_Driver/Src/stm32l4xx_ll_usb.o
 .debug_abbrev  0x0000000000002b12      0x2d8 Middlewares/ST/STM32_USB_Device_Library/Core/Src/usbd_core.o
 .debug_abbrev  0x0000000000002dea      0x31d Middlewares/ST/STM32_USB_Device_Library/Core/Src/usbd_ctlreq.o
 .debug_abbrev  0x0000000000003107      0x24b Middlewares/ST/STM32_USB_Device_Library/Core/Src/usbd_ioreq.o
 .debug_abbrev  0x0000000000003352      0x365 USB_DEVICE/Target/usbd_conf.o

.debug_aranges  0x0000000000000000     0x12e0
 .debug_aranges
                0x0000000000000000       0x58 Core/Src/main.o
 .debug_aranges
                0x0000000000000058       0x40 Core/Src/stm32l4xx_hal_msp.o
 .debug_aranges
                0x0000000000000098       0x30 Core/Src/stm32l4xx_hal_timebase_tim.o
 .debug_aranges
                0x00000000000000c8       0x70 Core/Src/stm32l4xx_it.o
 .debug_aranges
                0x0000000000000138       0x28 Core/Src/system_stm32l4xx.o
 .debug_aranges
                0x0000000000000160       0x28 Core/Startup/startup_stm32l475vgtx.o
 .debug_aranges
                0x0000000000000188       0x30 CycloneCRYPTO/cipher/aes.o
 .debug_aranges
                0x00000000000001b8      0x130 Drivers/STM32L4xx_HAL_Driver/Src/stm32l4xx_hal.o
 .debug_aranges
                0x00000000000002e8      0x118 Drivers/STM32L4xx_HAL_Driver/Src/stm32l4xx_hal_cortex.o
 .debug_aranges
                0x0000000000000400       0x60 Drivers/STM32L4xx_HAL_Driver/Src/stm32l4xx_hal_crc.o
 .debug_aranges
                0x0000000000000460       0x30 Drivers/STM32L4xx_HAL_Driver/Src/stm32l4xx_hal_crc_ex.o
 .debug_aranges
                0x0000000000000490       0x58 Drivers/STM32L4xx_HAL_Driver/Src/stm32l4xx_hal_gpio.o
 .debug_aranges
                0x00000000000004e8      0x130 Drivers/STM32L4xx_HAL_Driver/Src/stm32l4xx_hal_pcd.o
 .debug_aranges
                0x0000000000000618      0x150 Drivers/STM32L4xx_HAL_Driver/Src/stm32l4xx_hal_pwr_ex.o
 .debug_aranges
                0x0000000000000768       0x88 Drivers/STM32L4xx_HAL_Driver/Src/stm32l4xx_hal_rcc.o
 .debug_aranges
                0x00000000000007f0       0xc0 Drivers/STM32L4xx_HAL_Driver/Src/stm32l4xx_hal_rcc_ex.o
 .debug_aranges
                0x00000000000008b0       0x88 Drivers/STM32L4xx_HAL_Driver/Src/stm32l4xx_hal_rng.o
 .debug_aranges
                0x0000000000000938      0x3e0 Drivers/STM32L4xx_HAL_Driver/Src/stm32l4xx_hal_tim.o
 .debug_aranges
                0x0000000000000d18      0x180 Drivers/STM32L4xx_HAL_Driver/Src/stm32l4xx_hal_tim_ex.o
 .debug_aranges
                0x0000000000000e98      0x198 Drivers/STM32L4xx_HAL_Driver/Src/stm32l4xx_ll_usb.o
 .debug_aranges
                0x0000000000001030       0xb8 Middlewares/ST/STM32_USB_Device_Library/Core/Src/usbd_core.o
 .debug_aranges
                0x00000000000010e8       0x90 Middlewares/ST/STM32_USB_Device_Library/Core/Src/usbd_ctlreq.o
 .debug_aranges
                0x0000000000001178       0x50 Middlewares/ST/STM32_USB_Device_Library/Core/Src/usbd_ioreq.o
 .debug_aranges
                0x00000000000011c8      0x118 USB_DEVICE/Target/usbd_conf.o

.debug_ranges   0x0000000000000000     0x1168
 .debug_ranges  0x0000000000000000       0x48 Core/Src/main.o
 .debug_ranges  0x0000000000000048       0x30 Core/Src/stm32l4xx_hal_msp.o
 .debug_ranges  0x0000000000000078       0x20 Core/Src/stm32l4xx_hal_timebase_tim.o
 .debug_ranges  0x0000000000000098       0x60 Core/Src/stm32l4xx_it.o
 .debug_ranges  0x00000000000000f8       0x18 Core/Src/system_stm32l4xx.o
 .debug_ranges  0x0000000000000110       0x20 Core/Startup/startup_stm32l475vgtx.o
 .debug_ranges  0x0000000000000130       0x20 CycloneCRYPTO/cipher/aes.o
 .debug_ranges  0x0000000000000150      0x120 Drivers/STM32L4xx_HAL_Driver/Src/stm32l4xx_hal.o
 .debug_ranges  0x0000000000000270      0x108 Drivers/STM32L4xx_HAL_Driver/Src/stm32l4xx_hal_cortex.o
 .debug_ranges  0x0000000000000378       0x50 Drivers/STM32L4xx_HAL_Driver/Src/stm32l4xx_hal_crc.o
 .debug_ranges  0x00000000000003c8       0x20 Drivers/STM32L4xx_HAL_Driver/Src/stm32l4xx_hal_crc_ex.o
 .debug_ranges  0x00000000000003e8       0x48 Drivers/STM32L4xx_HAL_Driver/Src/stm32l4xx_hal_gpio.o
 .debug_ranges  0x0000000000000430      0x120 Drivers/STM32L4xx_HAL_Driver/Src/stm32l4xx_hal_pcd.o
 .debug_ranges  0x0000000000000550      0x140 Drivers/STM32L4xx_HAL_Driver/Src/stm32l4xx_hal_pwr_ex.o
 .debug_ranges  0x0000000000000690       0x78 Drivers/STM32L4xx_HAL_Driver/Src/stm32l4xx_hal_rcc.o
 .debug_ranges  0x0000000000000708       0xb0 Drivers/STM32L4xx_HAL_Driver/Src/stm32l4xx_hal_rcc_ex.o
 .debug_ranges  0x00000000000007b8       0x78 Drivers/STM32L4xx_HAL_Driver/Src/stm32l4xx_hal_rng.o
 .debug_ranges  0x0000000000000830      0x3d0 Drivers/STM32L4xx_HAL_Driver/Src/stm32l4xx_hal_tim.o
 .debug_ranges  0x0000000000000c00      0x170 Drivers/STM32L4xx_HAL_Driver/Src/stm32l4xx_hal_tim_ex.o
 .debug_ranges  0x0000000000000d70      0x188 Drivers/STM32L4xx_HAL_Driver/Src/stm32l4xx_ll_usb.o
 .debug_ranges  0x0000000000000ef8       0xa8 Middlewares/ST/STM32_USB_Device_Library/Core/Src/usbd_core.o
 .debug_ranges  0x0000000000000fa0       0x80 Middlewares/ST/STM32_USB_Device_Library/Core/Src/usbd_ctlreq.o
 .debug_ranges  0x0000000000001020       0x40 Middlewares/ST/STM32_USB_Device_Library/Core/Src/usbd_ioreq.o
 .debug_ranges  0x0000000000001060      0x108 USB_DEVICE/Target/usbd_conf.o

.debug_macro    0x0000000000000000    0x2a03f
 .debug_macro   0x0000000000000000      0x4b2 Core/Src/main.o
 .debug_macro   0x00000000000004b2      0xab4 Core/Src/main.o
 .debug_macro   0x0000000000000f66      0x1b9 Core/Src/main.o
 .debug_macro   0x000000000000111f       0x2e Core/Src/main.o
 .debug_macro   0x000000000000114d       0x28 Core/Src/main.o
 .debug_macro   0x0000000000001175       0x22 Core/Src/main.o
 .debug_macro   0x0000000000001197       0x8e Core/Src/main.o
 .debug_macro   0x0000000000001225       0x51 Core/Src/main.o
 .debug_macro   0x0000000000001276      0x103 Core/Src/main.o
 .debug_macro   0x0000000000001379       0x6a Core/Src/main.o
 .debug_macro   0x00000000000013e3      0x1df Core/Src/main.o
 .debug_macro   0x00000000000015c2       0x1c Core/Src/main.o
 .debug_macro   0x00000000000015de       0x22 Core/Src/main.o
 .debug_macro   0x0000000000001600      0x101 Core/Src/main.o
 .debug_macro   0x0000000000001701     0x1011 Core/Src/main.o
 .debug_macro   0x0000000000002712      0x11f Core/Src/main.o
 .debug_macro   0x0000000000002831    0x19db6 Core/Src/main.o
 .debug_macro   0x000000000001c5e7       0x43 Core/Src/main.o
 .debug_macro   0x000000000001c62a     0x3897 Core/Src/main.o
 .debug_macro   0x000000000001fec1      0x174 Core/Src/main.o
 .debug_macro   0x0000000000020035       0x5c Core/Src/main.o
 .debug_macro   0x0000000000020091     0x1519 Core/Src/main.o
 .debug_macro   0x00000000000215aa      0x59e Core/Src/main.o
 .debug_macro   0x0000000000021b48      0x13d Core/Src/main.o
 .debug_macro   0x0000000000021c85      0x17d Core/Src/main.o
 .debug_macro   0x0000000000021e02      0x26b Core/Src/main.o
 .debug_macro   0x000000000002206d      0x23d Core/Src/main.o
 .debug_macro   0x00000000000222aa       0xd5 Core/Src/main.o
 .debug_macro   0x000000000002237f       0x4c Core/Src/main.o
 .debug_macro   0x00000000000223cb      0x241 Core/Src/main.o
 .debug_macro   0x000000000002260c      0x37c Core/Src/main.o
 .debug_macro   0x0000000000022988       0xd6 Core/Src/main.o
 .debug_macro   0x0000000000022a5e      0x22c Core/Src/main.o
 .debug_macro   0x0000000000022c8a       0x61 Core/Src/main.o
 .debug_macro   0x0000000000022ceb       0xa5 Core/Src/main.o
 .debug_macro   0x0000000000022d90      0x1ed Core/Src/main.o
 .debug_macro   0x0000000000022f7d       0x97 Core/Src/main.o
 .debug_macro   0x0000000000023014      0x122 Core/Src/main.o
 .debug_macro   0x0000000000023136      0x3e9 Core/Src/main.o
 .debug_macro   0x000000000002351f       0xa4 Core/Src/main.o
 .debug_macro   0x00000000000235c3      0xa75 Core/Src/main.o
 .debug_macro   0x0000000000024038      0x1e7 Core/Src/main.o
 .debug_macro   0x000000000002421f      0x331 Core/Src/main.o
 .debug_macro   0x0000000000024550       0x10 Core/Src/main.o
 .debug_macro   0x0000000000024560       0x52 Core/Src/main.o
 .debug_macro   0x00000000000245b2       0x18 Core/Src/main.o
 .debug_macro   0x00000000000245ca       0x3c Core/Src/main.o
 .debug_macro   0x0000000000024606       0x3a Core/Src/main.o
 .debug_macro   0x0000000000024640       0x35 Core/Src/main.o
 .debug_macro   0x0000000000024675      0x460 Core/Src/main.o
 .debug_macro   0x0000000000024ad5       0x38 Core/Src/main.o
 .debug_macro   0x0000000000024b0d       0x58 Core/Src/main.o
 .debug_macro   0x0000000000024b65       0x16 Core/Src/main.o
 .debug_macro   0x0000000000024b7b       0x43 Core/Src/main.o
 .debug_macro   0x0000000000024bbe       0x34 Core/Src/main.o
 .debug_macro   0x0000000000024bf2       0x10 Core/Src/main.o
 .debug_macro   0x0000000000024c02       0x58 Core/Src/main.o
 .debug_macro   0x0000000000024c5a       0x71 Core/Src/main.o
 .debug_macro   0x0000000000024ccb       0x1c Core/Src/main.o
 .debug_macro   0x0000000000024ce7      0x12a Core/Src/main.o
 .debug_macro   0x0000000000024e11      0x333 Core/Src/main.o
 .debug_macro   0x0000000000025144       0x10 Core/Src/main.o
 .debug_macro   0x0000000000025154       0x20 Core/Src/main.o
 .debug_macro   0x0000000000025174       0x6c Core/Src/main.o
 .debug_macro   0x00000000000251e0       0x1c Core/Src/main.o
 .debug_macro   0x00000000000251fc       0x10 Core/Src/main.o
 .debug_macro   0x000000000002520c       0x10 Core/Src/main.o
 .debug_macro   0x000000000002521c       0x1c Core/Src/main.o
 .debug_macro   0x0000000000025238       0x52 Core/Src/main.o
 .debug_macro   0x000000000002528a       0x22 Core/Src/main.o
 .debug_macro   0x00000000000252ac       0x10 Core/Src/main.o
 .debug_macro   0x00000000000252bc       0x40 Core/Src/main.o
 .debug_macro   0x00000000000252fc       0xd5 Core/Src/main.o
 .debug_macro   0x00000000000253d1       0x1c Core/Src/main.o
 .debug_macro   0x00000000000253ed       0x3d Core/Src/main.o
 .debug_macro   0x000000000002542a       0x16 Core/Src/main.o
 .debug_macro   0x0000000000025440      0x145 Core/Src/main.o
 .debug_macro   0x0000000000025585       0x12 Core/Src/main.o
 .debug_macro   0x0000000000025597       0x16 Core/Src/main.o
 .debug_macro   0x00000000000255ad       0x16 Core/Src/main.o
 .debug_macro   0x00000000000255c3       0x29 Core/Src/main.o
 .debug_macro   0x00000000000255ec       0x12 Core/Src/main.o
 .debug_macro   0x00000000000255fe      0x11f Core/Src/main.o
 .debug_macro   0x000000000002571d       0x3c Core/Src/main.o
 .debug_macro   0x0000000000025759      0x29a Core/Src/main.o
 .debug_macro   0x00000000000259f3       0x16 Core/Src/main.o
 .debug_macro   0x0000000000025a09      0x1a1 Core/Src/main.o
 .debug_macro   0x0000000000025baa      0x1cd Core/Src/main.o
 .debug_macro   0x0000000000025d77       0x10 Core/Src/main.o
 .debug_macro   0x0000000000025d87       0x65 Core/Src/main.o
 .debug_macro   0x0000000000025dec      0x1e1 Core/Src/main.o
 .debug_macro   0x0000000000025fcd      0x484 Core/Src/stm32l4xx_hal_msp.o
 .debug_macro   0x0000000000026451      0x207 Core/Src/stm32l4xx_hal_timebase_tim.o
 .debug_macro   0x0000000000026658      0x48e Core/Src/stm32l4xx_it.o
 .debug_macro   0x0000000000026ae6      0x207 Core/Src/system_stm32l4xx.o
 .debug_macro   0x0000000000026ced      0x2db CycloneCRYPTO/cipher/aes.o
 .debug_macro   0x0000000000026fc8       0x16 CycloneCRYPTO/cipher/aes.o
 .debug_macro   0x0000000000026fde      0x255 Drivers/STM32L4xx_HAL_Driver/Src/stm32l4xx_hal.o
 .debug_macro   0x0000000000027233      0x207 Drivers/STM32L4xx_HAL_Driver/Src/stm32l4xx_hal_cortex.o
 .debug_macro   0x000000000002743a      0x207 Drivers/STM32L4xx_HAL_Driver/Src/stm32l4xx_hal_crc.o
 .debug_macro   0x0000000000027641      0x207 Drivers/STM32L4xx_HAL_Driver/Src/stm32l4xx_hal_crc_ex.o
 .debug_macro   0x0000000000027848      0x246 Drivers/STM32L4xx_HAL_Driver/Src/stm32l4xx_hal_gpio.o
 .debug_macro   0x0000000000027a8e      0x213 Drivers/STM32L4xx_HAL_Driver/Src/stm32l4xx_hal_pcd.o
 .debug_macro   0x0000000000027ca1      0x22b Drivers/STM32L4xx_HAL_Driver/Src/stm32l4xx_hal_pwr_ex.o
 .debug_macro   0x0000000000027ecc      0x249 Drivers/STM32L4xx_HAL_Driver/Src/stm32l4xx_hal_rcc.o
 .debug_macro   0x0000000000028115      0x23d Drivers/STM32L4xx_HAL_Driver/Src/stm32l4xx_hal_rcc_ex.o
 .debug_macro   0x0000000000028352      0x20d Drivers/STM32L4xx_HAL_Driver/Src/stm32l4xx_hal_rng.o
 .debug_macro   0x000000000002855f      0x208 Drivers/STM32L4xx_HAL_Driver/Src/stm32l4xx_hal_tim.o
 .debug_macro   0x0000000000028767      0x207 Drivers/STM32L4xx_HAL_Driver/Src/stm32l4xx_hal_tim_ex.o
 .debug_macro   0x000000000002896e      0x207 Drivers/STM32L4xx_HAL_Driver/Src/stm32l4xx_ll_usb.o
 .debug_macro   0x0000000000028b75      0x4ac Middlewares/ST/STM32_USB_Device_Library/Core/Src/usbd_core.o
 .debug_macro   0x0000000000029021      0x1e7 Middlewares/ST/STM32_USB_Device_Library/Core/Src/usbd_core.o
 .debug_macro   0x0000000000029208      0x4b6 Middlewares/ST/STM32_USB_Device_Library/Core/Src/usbd_ctlreq.o
 .debug_macro   0x00000000000296be      0x4b2 Middlewares/ST/STM32_USB_Device_Library/Core/Src/usbd_ioreq.o
 .debug_macro   0x0000000000029b70      0x4cf USB_DEVICE/Target/usbd_conf.o

.debug_line     0x0000000000000000    0x1814f
 .debug_line    0x0000000000000000      0xdb9 Core/Src/main.o
 .debug_line    0x0000000000000db9      0xbd1 Core/Src/stm32l4xx_hal_msp.o
 .debug_line    0x000000000000198a      0x7ec Core/Src/stm32l4xx_hal_timebase_tim.o
 .debug_line    0x0000000000002176      0xc4e Core/Src/stm32l4xx_it.o
 .debug_line    0x0000000000002dc4      0x840 Core/Src/system_stm32l4xx.o
 .debug_line    0x0000000000003604       0x87 Core/Startup/startup_stm32l475vgtx.o
 .debug_line    0x000000000000368b     0x1095 CycloneCRYPTO/cipher/aes.o
 .debug_line    0x0000000000004720      0xb7f Drivers/STM32L4xx_HAL_Driver/Src/stm32l4xx_hal.o
 .debug_line    0x000000000000529f      0xd26 Drivers/STM32L4xx_HAL_Driver/Src/stm32l4xx_hal_cortex.o
 .debug_line    0x0000000000005fc5      0xad0 Drivers/STM32L4xx_HAL_Driver/Src/stm32l4xx_hal_crc.o
 .debug_line    0x0000000000006a95      0x842 Drivers/STM32L4xx_HAL_Driver/Src/stm32l4xx_hal_crc_ex.o
 .debug_line    0x00000000000072d7      0xbf9 Drivers/STM32L4xx_HAL_Driver/Src/stm32l4xx_hal_gpio.o
 .debug_line    0x0000000000007ed0     0x1277 Drivers/STM32L4xx_HAL_Driver/Src/stm32l4xx_hal_pcd.o
 .debug_line    0x0000000000009147      0xd3b Drivers/STM32L4xx_HAL_Driver/Src/stm32l4xx_hal_pwr_ex.o
 .debug_line    0x0000000000009e82      0xfc3 Drivers/STM32L4xx_HAL_Driver/Src/stm32l4xx_hal_rcc.o
 .debug_line    0x000000000000ae45     0x1538 Drivers/STM32L4xx_HAL_Driver/Src/stm32l4xx_hal_rcc_ex.o
 .debug_line    0x000000000000c37d      0xa31 Drivers/STM32L4xx_HAL_Driver/Src/stm32l4xx_hal_rng.o
 .debug_line    0x000000000000cdae     0x3d09 Drivers/STM32L4xx_HAL_Driver/Src/stm32l4xx_hal_tim.o
 .debug_line    0x0000000000010ab7     0x1c4e Drivers/STM32L4xx_HAL_Driver/Src/stm32l4xx_hal_tim_ex.o
 .debug_line    0x0000000000012705     0x17e7 Drivers/STM32L4xx_HAL_Driver/Src/stm32l4xx_ll_usb.o
 .debug_line    0x0000000000013eec     0x107a Middlewares/ST/STM32_USB_Device_Library/Core/Src/usbd_core.o
 .debug_line    0x0000000000014f66     0x1317 Middlewares/ST/STM32_USB_Device_Library/Core/Src/usbd_ctlreq.o
 .debug_line    0x000000000001627d      0xcd1 Middlewares/ST/STM32_USB_Device_Library/Core/Src/usbd_ioreq.o
 .debug_line    0x0000000000016f4e     0x1201 USB_DEVICE/Target/usbd_conf.o

.debug_str      0x0000000000000000    0xf8905
 .debug_str     0x0000000000000000    0xf32eb Core/Src/main.o
                                      0xf3736 (size before relaxing)
 .debug_str     0x00000000000f32eb       0x70 Core/Src/stm32l4xx_hal_msp.o
                                      0xf2840 (size before relaxing)
 .debug_str     0x00000000000f335b      0x8e7 Core/Src/stm32l4xx_hal_timebase_tim.o
                                      0xe8670 (size before relaxing)
 .debug_str     0x00000000000f3c42      0x460 Core/Src/stm32l4xx_it.o
                                      0xf2dbe (size before relaxing)
 .debug_str     0x00000000000f40a2       0xb8 Core/Src/system_stm32l4xx.o
                                      0xe7c5c (size before relaxing)
 .debug_str     0x00000000000f415a       0x36 Core/Startup/startup_stm32l475vgtx.o
                                         0x7a (size before relaxing)
 .debug_str     0x00000000000f4190       0xb4 CycloneCRYPTO/cipher/aes.o
                                       0xeb3f (size before relaxing)
 .debug_str     0x00000000000f4244      0x56b Drivers/STM32L4xx_HAL_Driver/Src/stm32l4xx_hal.o
                                      0xe8752 (size before relaxing)
 .debug_str     0x00000000000f47af      0x384 Drivers/STM32L4xx_HAL_Driver/Src/stm32l4xx_hal_cortex.o
                                      0xe84c2 (size before relaxing)
 .debug_str     0x00000000000f4b33       0xba Drivers/STM32L4xx_HAL_Driver/Src/stm32l4xx_hal_crc.o
                                      0xe7d0d (size before relaxing)
 .debug_str     0x00000000000f4bed       0x82 Drivers/STM32L4xx_HAL_Driver/Src/stm32l4xx_hal_crc_ex.o
                                      0xe7ce0 (size before relaxing)
 .debug_str     0x00000000000f4c6f      0x236 Drivers/STM32L4xx_HAL_Driver/Src/stm32l4xx_hal_gpio.o
                                      0xe7ef6 (size before relaxing)
 .debug_str     0x00000000000f4ea5      0x558 Drivers/STM32L4xx_HAL_Driver/Src/stm32l4xx_hal_pcd.o
                                      0xe83db (size before relaxing)
 .debug_str     0x00000000000f53fd      0x4b4 Drivers/STM32L4xx_HAL_Driver/Src/stm32l4xx_hal_pwr_ex.o
                                      0xe8192 (size before relaxing)
 .debug_str     0x00000000000f58b1      0x3ab Drivers/STM32L4xx_HAL_Driver/Src/stm32l4xx_hal_rcc.o
                                      0xe8239 (size before relaxing)
 .debug_str     0x00000000000f5c5c      0x3a6 Drivers/STM32L4xx_HAL_Driver/Src/stm32l4xx_hal_rcc_ex.o
                                      0xe83ca (size before relaxing)
 .debug_str     0x00000000000f6002      0x175 Drivers/STM32L4xx_HAL_Driver/Src/stm32l4xx_hal_rng.o
                                      0xe7cfa (size before relaxing)
 .debug_str     0x00000000000f6177      0xe86 Drivers/STM32L4xx_HAL_Driver/Src/stm32l4xx_hal_tim.o
                                      0xe8ef8 (size before relaxing)
 .debug_str     0x00000000000f6ffd      0x65b Drivers/STM32L4xx_HAL_Driver/Src/stm32l4xx_hal_tim_ex.o
                                      0xe87ca (size before relaxing)
 .debug_str     0x00000000000f7658      0x698 Drivers/STM32L4xx_HAL_Driver/Src/stm32l4xx_ll_usb.o
                                      0xe8564 (size before relaxing)
 .debug_str     0x00000000000f7cf0      0x57f Middlewares/ST/STM32_USB_Device_Library/Core/Src/usbd_core.o
                                      0xf3404 (size before relaxing)
 .debug_str     0x00000000000f826f      0x152 Middlewares/ST/STM32_USB_Device_Library/Core/Src/usbd_ctlreq.o
                                      0xf33c2 (size before relaxing)
 .debug_str     0x00000000000f83c1       0xc9 Middlewares/ST/STM32_USB_Device_Library/Core/Src/usbd_ioreq.o
                                      0xf3312 (size before relaxing)
 .debug_str     0x00000000000f848a      0x47b USB_DEVICE/Target/usbd_conf.o
                                      0xf4340 (size before relaxing)

.comment        0x0000000000000000       0x53
 .comment       0x0000000000000000       0x53 Core/Src/main.o
                                         0x54 (size before relaxing)
 .comment       0x0000000000000053       0x54 Core/Src/stm32l4xx_hal_msp.o
 .comment       0x0000000000000053       0x54 Core/Src/stm32l4xx_hal_timebase_tim.o
 .comment       0x0000000000000053       0x54 Core/Src/stm32l4xx_it.o
 .comment       0x0000000000000053       0x54 Core/Src/system_stm32l4xx.o
 .comment       0x0000000000000053       0x54 CycloneCRYPTO/cipher/aes.o
 .comment       0x0000000000000053       0x54 Drivers/STM32L4xx_HAL_Driver/Src/stm32l4xx_hal.o
 .comment       0x0000000000000053       0x54 Drivers/STM32L4xx_HAL_Driver/Src/stm32l4xx_hal_cortex.o
 .comment       0x0000000000000053       0x54 Drivers/STM32L4xx_HAL_Driver/Src/stm32l4xx_hal_crc.o
 .comment       0x0000000000000053       0x54 Drivers/STM32L4xx_HAL_Driver/Src/stm32l4xx_hal_crc_ex.o
 .comment       0x0000000000000053       0x54 Drivers/STM32L4xx_HAL_Driver/Src/stm32l4xx_hal_gpio.o
 .comment       0x0000000000000053       0x54 Drivers/STM32L4xx_HAL_Driver/Src/stm32l4xx_hal_pcd.o
 .comment       0x0000000000000053       0x54 Drivers/STM32L4xx_HAL_Driver/Src/stm32l4xx_hal_pwr_ex.o
 .comment       0x0000000000000053       0x54 Drivers/STM32L4xx_HAL_Driver/Src/stm32l4xx_hal_rcc.o
 .comment       0x0000000000000053       0x54 Drivers/STM32L4xx_HAL_Driver/Src/stm32l4xx_hal_rcc_ex.o
 .comment       0x0000000000000053       0x54 Drivers/STM32L4xx_HAL_Driver/Src/stm32l4xx_hal_rng.o
 .comment       0x0000000000000053       0x54 Drivers/STM32L4xx_HAL_Driver/Src/stm32l4xx_hal_tim.o
 .comment       0x0000000000000053       0x54 Drivers/STM32L4xx_HAL_Driver/Src/stm32l4xx_hal_tim_ex.o
 .comment       0x0000000000000053       0x54 Drivers/STM32L4xx_HAL_Driver/Src/stm32l4xx_ll_usb.o
 .comment       0x0000000000000053       0x54 Middlewares/ST/STM32_USB_Device_Library/Core/Src/usbd_core.o
 .comment       0x0000000000000053       0x54 Middlewares/ST/STM32_USB_Device_Library/Core/Src/usbd_ctlreq.o
 .comment       0x0000000000000053       0x54 Middlewares/ST/STM32_USB_Device_Library/Core/Src/usbd_ioreq.o
 .comment       0x0000000000000053       0x54 USB_DEVICE/Target/usbd_conf.o

.debug_frame    0x0000000000000000     0x4e0c
 .debug_frame   0x0000000000000000      0x118 Core/Src/main.o
 .debug_frame   0x0000000000000118       0xd8 Core/Src/stm32l4xx_hal_msp.o
 .debug_frame   0x00000000000001f0       0x74 Core/Src/stm32l4xx_hal_timebase_tim.o
 .debug_frame   0x0000000000000264      0x140 Core/Src/stm32l4xx_it.o
 .debug_frame   0x00000000000003a4       0x58 Core/Src/system_stm32l4xx.o
 .debug_frame   0x00000000000003fc       0x88 CycloneCRYPTO/cipher/aes.o
 .debug_frame   0x0000000000000484      0x498 Drivers/STM32L4xx_HAL_Driver/Src/stm32l4xx_hal.o
 .debug_frame   0x000000000000091c      0x498 Drivers/STM32L4xx_HAL_Driver/Src/stm32l4xx_hal_cortex.o
 .debug_frame   0x0000000000000db4      0x168 Drivers/STM32L4xx_HAL_Driver/Src/stm32l4xx_hal_crc.o
 .debug_frame   0x0000000000000f1c       0x88 Drivers/STM32L4xx_HAL_Driver/Src/stm32l4xx_hal_crc_ex.o
 .debug_frame   0x0000000000000fa4      0x14c Drivers/STM32L4xx_HAL_Driver/Src/stm32l4xx_hal_gpio.o
 .debug_frame   0x00000000000010f0      0x544 Drivers/STM32L4xx_HAL_Driver/Src/stm32l4xx_hal_pcd.o
 .debug_frame   0x0000000000001634      0x544 Drivers/STM32L4xx_HAL_Driver/Src/stm32l4xx_hal_pwr_ex.o
 .debug_frame   0x0000000000001b78      0x1f4 Drivers/STM32L4xx_HAL_Driver/Src/stm32l4xx_hal_rcc.o
 .debug_frame   0x0000000000001d6c      0x2fc Drivers/STM32L4xx_HAL_Driver/Src/stm32l4xx_hal_rcc_ex.o
 .debug_frame   0x0000000000002068      0x22c Drivers/STM32L4xx_HAL_Driver/Src/stm32l4xx_hal_rng.o
 .debug_frame   0x0000000000002294     0x121c Drivers/STM32L4xx_HAL_Driver/Src/stm32l4xx_hal_tim.o
 .debug_frame   0x00000000000034b0      0x6b0 Drivers/STM32L4xx_HAL_Driver/Src/stm32l4xx_hal_tim_ex.o
 .debug_frame   0x0000000000003b60      0x790 Drivers/STM32L4xx_HAL_Driver/Src/stm32l4xx_ll_usb.o
 .debug_frame   0x00000000000042f0      0x2f4 Middlewares/ST/STM32_USB_Device_Library/Core/Src/usbd_core.o
 .debug_frame   0x00000000000045e4      0x23c Middlewares/ST/STM32_USB_Device_Library/Core/Src/usbd_ctlreq.o
 .debug_frame   0x0000000000004820      0x10c Middlewares/ST/STM32_USB_Device_Library/Core/Src/usbd_ioreq.o
 .debug_frame   0x000000000000492c      0x494 USB_DEVICE/Target/usbd_conf.o
 .debug_frame   0x0000000000004dc0       0x2c c:/st/stm32cubeide_1.6.0/stm32cubeide/plugins/com.st.stm32cube.ide.mcu.externaltools.gnu-tools-for-stm32.9-2020-q2-update.win32_1.5.0.202011040924/tools/bin/../lib/gcc/arm-none-eabi/9.3.1/../../../../arm-none-eabi/lib/thumb/v7e-m+fp/hard\libc_nano.a(lib_a-init.o)
 .debug_frame   0x0000000000004dec       0x20 c:/st/stm32cubeide_1.6.0/stm32cubeide/plugins/com.st.stm32cube.ide.mcu.externaltools.gnu-tools-for-stm32.9-2020-q2-update.win32_1.5.0.202011040924/tools/bin/../lib/gcc/arm-none-eabi/9.3.1/../../../../arm-none-eabi/lib/thumb/v7e-m+fp/hard\libc_nano.a(lib_a-memset.o)
