Archive member included to satisfy reference by file (symbol)

C:\Users\vinhh\STM32CubeIDE\workspace_1.6.0\Test_Security\Middleware\ST\STM32_Crypto\Lib\libSTM32CryptographicV3.0.0_CM4_GCC_FPU.a(crypto.o)
                              Core/Src/main.o (AES_CBC_Encrypt_Init)
e:/stm32cubeide_1.6.0/stm32cubeide/plugins/com.st.stm32cube.ide.mcu.externaltools.gnu-tools-for-stm32.9-2020-q2-update.win32_1.5.0.202011040924/tools/bin/../lib/gcc/arm-none-eabi/9.3.1/../../../../arm-none-eabi/lib/thumb/v7e-m+fp/hard\libc_nano.a(lib_a-errno.o)
                              Core/Src/syscalls.o (__errno)
e:/stm32cubeide_1.6.0/stm32cubeide/plugins/com.st.stm32cube.ide.mcu.externaltools.gnu-tools-for-stm32.9-2020-q2-update.win32_1.5.0.202011040924/tools/bin/../lib/gcc/arm-none-eabi/9.3.1/../../../../arm-none-eabi/lib/thumb/v7e-m+fp/hard\libc_nano.a(lib_a-exit.o)
                              e:/stm32cubeide_1.6.0/stm32cubeide/plugins/com.st.stm32cube.ide.mcu.externaltools.gnu-tools-for-stm32.9-2020-q2-update.win32_1.5.0.202011040924/tools/bin/../lib/gcc/arm-none-eabi/9.3.1/../../../../arm-none-eabi/lib/thumb/v7e-m+fp/hard/crt0.o (exit)
e:/stm32cubeide_1.6.0/stm32cubeide/plugins/com.st.stm32cube.ide.mcu.externaltools.gnu-tools-for-stm32.9-2020-q2-update.win32_1.5.0.202011040924/tools/bin/../lib/gcc/arm-none-eabi/9.3.1/../../../../arm-none-eabi/lib/thumb/v7e-m+fp/hard\libc_nano.a(lib_a-impure.o)
                              e:/stm32cubeide_1.6.0/stm32cubeide/plugins/com.st.stm32cube.ide.mcu.externaltools.gnu-tools-for-stm32.9-2020-q2-update.win32_1.5.0.202011040924/tools/bin/../lib/gcc/arm-none-eabi/9.3.1/../../../../arm-none-eabi/lib/thumb/v7e-m+fp/hard\libc_nano.a(lib_a-exit.o) (_global_impure_ptr)
e:/stm32cubeide_1.6.0/stm32cubeide/plugins/com.st.stm32cube.ide.mcu.externaltools.gnu-tools-for-stm32.9-2020-q2-update.win32_1.5.0.202011040924/tools/bin/../lib/gcc/arm-none-eabi/9.3.1/../../../../arm-none-eabi/lib/thumb/v7e-m+fp/hard\libc_nano.a(lib_a-init.o)
                              e:/stm32cubeide_1.6.0/stm32cubeide/plugins/com.st.stm32cube.ide.mcu.externaltools.gnu-tools-for-stm32.9-2020-q2-update.win32_1.5.0.202011040924/tools/bin/../lib/gcc/arm-none-eabi/9.3.1/../../../../arm-none-eabi/lib/thumb/v7e-m+fp/hard/crt0.o (__libc_init_array)
e:/stm32cubeide_1.6.0/stm32cubeide/plugins/com.st.stm32cube.ide.mcu.externaltools.gnu-tools-for-stm32.9-2020-q2-update.win32_1.5.0.202011040924/tools/bin/../lib/gcc/arm-none-eabi/9.3.1/../../../../arm-none-eabi/lib/thumb/v7e-m+fp/hard\libc_nano.a(lib_a-memcpy-stub.o)
                              C:\Users\vinhh\STM32CubeIDE\workspace_1.6.0\Test_Security\Middleware\ST\STM32_Crypto\Lib\libSTM32CryptographicV3.0.0_CM4_GCC_FPU.a(crypto.o) (memcpy)
e:/stm32cubeide_1.6.0/stm32cubeide/plugins/com.st.stm32cube.ide.mcu.externaltools.gnu-tools-for-stm32.9-2020-q2-update.win32_1.5.0.202011040924/tools/bin/../lib/gcc/arm-none-eabi/9.3.1/../../../../arm-none-eabi/lib/thumb/v7e-m+fp/hard\libc_nano.a(lib_a-memmove.o)
                              C:\Users\vinhh\STM32CubeIDE\workspace_1.6.0\Test_Security\Middleware\ST\STM32_Crypto\Lib\libSTM32CryptographicV3.0.0_CM4_GCC_FPU.a(crypto.o) (memmove)
e:/stm32cubeide_1.6.0/stm32cubeide/plugins/com.st.stm32cube.ide.mcu.externaltools.gnu-tools-for-stm32.9-2020-q2-update.win32_1.5.0.202011040924/tools/bin/../lib/gcc/arm-none-eabi/9.3.1/../../../../arm-none-eabi/lib/thumb/v7e-m+fp/hard\libc_nano.a(lib_a-memset.o)
                              e:/stm32cubeide_1.6.0/stm32cubeide/plugins/com.st.stm32cube.ide.mcu.externaltools.gnu-tools-for-stm32.9-2020-q2-update.win32_1.5.0.202011040924/tools/bin/../lib/gcc/arm-none-eabi/9.3.1/../../../../arm-none-eabi/lib/thumb/v7e-m+fp/hard/crt0.o (memset)
e:/stm32cubeide_1.6.0/stm32cubeide/plugins/com.st.stm32cube.ide.mcu.externaltools.gnu-tools-for-stm32.9-2020-q2-update.win32_1.5.0.202011040924/tools/bin/../lib/gcc/arm-none-eabi/9.3.1/../../../../arm-none-eabi/lib/thumb/v7e-m+fp/hard\libc_nano.a(lib_a-printf.o)
                              Core/Src/main.o (printf)
e:/stm32cubeide_1.6.0/stm32cubeide/plugins/com.st.stm32cube.ide.mcu.externaltools.gnu-tools-for-stm32.9-2020-q2-update.win32_1.5.0.202011040924/tools/bin/../lib/gcc/arm-none-eabi/9.3.1/../../../../arm-none-eabi/lib/thumb/v7e-m+fp/hard\libc_nano.a(lib_a-puts.o)
                              Core/Src/main.o (puts)
e:/stm32cubeide_1.6.0/stm32cubeide/plugins/com.st.stm32cube.ide.mcu.externaltools.gnu-tools-for-stm32.9-2020-q2-update.win32_1.5.0.202011040924/tools/bin/../lib/gcc/arm-none-eabi/9.3.1/../../../../arm-none-eabi/lib/thumb/v7e-m+fp/hard\libc_nano.a(lib_a-wbuf.o)
                              e:/stm32cubeide_1.6.0/stm32cubeide/plugins/com.st.stm32cube.ide.mcu.externaltools.gnu-tools-for-stm32.9-2020-q2-update.win32_1.5.0.202011040924/tools/bin/../lib/gcc/arm-none-eabi/9.3.1/../../../../arm-none-eabi/lib/thumb/v7e-m+fp/hard\libc_nano.a(lib_a-puts.o) (__swbuf_r)
[...]
Memory Configuration

Name             Origin             Length             Attributes
RAM              0x0000000020000000 0x0000000000018000 xrw
RAM2             0x0000000010000000 0x0000000000008000 xrw
FLASH            0x0000000008000000 0x0000000000100000 xr
*default*        0x0000000000000000 0xffffffffffffffff

Linker script and memory map

LOAD e:/stm32cubeide_1.6.0/stm32cubeide/plugins/com.st.stm32cube.ide.mcu.externaltools.gnu-tools-for-stm32.9-2020-q2-update.win32_1.5.0.202011040924/tools/bin/../lib/gcc/arm-none-eabi/9.3.1/thumb/v7e-m+fp/hard/crti.o
LOAD e:/stm32cubeide_1.6.0/stm32cubeide/plugins/com.st.stm32cube.ide.mcu.externaltools.gnu-tools-for-stm32.9-2020-q2-update.win32_1.5.0.202011040924/tools/bin/../lib/gcc/arm-none-eabi/9.3.1/thumb/v7e-m+fp/hard/crtbegin.o
LOAD e:/stm32cubeide_1.6.0/stm32cubeide/plugins/com.st.stm32cube.ide.mcu.externaltools.gnu-tools-for-stm32.9-2020-q2-update.win32_1.5.0.202011040924/tools/bin/../lib/gcc/arm-none-eabi/9.3.1/../../../../arm-none-eabi/lib/thumb/v7e-m+fp/hard/crt0.o
LOAD Core/Src/encrypt_data.o
LOAD Core/Src/main.o
LOAD Core/Src/stm32l4xx_hal_msp.o
LOAD Core/Src/stm32l4xx_it.o
LOAD Core/Src/syscalls.o
LOAD Core/Src/sysmem.o
LOAD Core/Src/system_stm32l4xx.o
LOAD Core/Startup/startup_stm32l475vgtx.o
LOAD Drivers/STM32L4xx_HAL_Driver/Src/stm32l4xx_hal.o
LOAD Drivers/STM32L4xx_HAL_Driver/Src/stm32l4xx_hal_cortex.o
LOAD Drivers/STM32L4xx_HAL_Driver/Src/stm32l4xx_hal_crc.o
LOAD Drivers/STM32L4xx_HAL_Driver/Src/stm32l4xx_hal_crc_ex.o
LOAD Drivers/STM32L4xx_HAL_Driver/Src/stm32l4xx_hal_dma.o
LOAD Drivers/STM32L4xx_HAL_Driver/Src/stm32l4xx_hal_dma_ex.o
LOAD Drivers/STM32L4xx_HAL_Driver/Src/stm32l4xx_hal_exti.o
LOAD Drivers/STM32L4xx_HAL_Driver/Src/stm32l4xx_hal_flash.o
LOAD Drivers/STM32L4xx_HAL_Driver/Src/stm32l4xx_hal_flash_ex.o
LOAD Drivers/STM32L4xx_HAL_Driver/Src/stm32l4xx_hal_flash_ramfunc.o
LOAD Drivers/STM32L4xx_HAL_Driver/Src/stm32l4xx_hal_gpio.o
LOAD Drivers/STM32L4xx_HAL_Driver/Src/stm32l4xx_hal_i2c.o
LOAD Drivers/STM32L4xx_HAL_Driver/Src/stm32l4xx_hal_i2c_ex.o
LOAD Drivers/STM32L4xx_HAL_Driver/Src/stm32l4xx_hal_pcd.o
LOAD Drivers/STM32L4xx_HAL_Driver/Src/stm32l4xx_hal_pcd_ex.o
LOAD Drivers/STM32L4xx_HAL_Driver/Src/stm32l4xx_hal_pwr.o
LOAD Drivers/STM32L4xx_HAL_Driver/Src/stm32l4xx_hal_pwr_ex.o
LOAD Drivers/STM32L4xx_HAL_Driver/Src/stm32l4xx_hal_rcc.o
LOAD Drivers/STM32L4xx_HAL_Driver/Src/stm32l4xx_hal_rcc_ex.o
LOAD Drivers/STM32L4xx_HAL_Driver/Src/stm32l4xx_hal_rng.o
LOAD Drivers/STM32L4xx_HAL_Driver/Src/stm32l4xx_hal_tim.o
LOAD Drivers/STM32L4xx_HAL_Driver/Src/stm32l4xx_hal_tim_ex.o
LOAD Drivers/STM32L4xx_HAL_Driver/Src/stm32l4xx_ll_usb.o
LOAD Middleware/ST/STM32_USB_Device_Library/Class/CDC/Src/usbd_cdc.o
LOAD Middleware/ST/STM32_USB_Device_Library/Core/Src/usbd_core.o
LOAD Middleware/ST/STM32_USB_Device_Library/Core/Src/usbd_ctlreq.o
LOAD Middleware/ST/STM32_USB_Device_Library/Core/Src/usbd_ioreq.o
LOAD USB_DEVICE/App/usb_device.o
LOAD USB_DEVICE/App/usbd_cdc_if.o
LOAD USB_DEVICE/App/usbd_desc.o
LOAD USB_DEVICE/Target/usbd_conf.o
LOAD C:\Users\vinhh\STM32CubeIDE\workspace_1.6.0\Test_Security\Middleware\ST\STM32_Crypto\Lib\libSTM32CryptographicV3.0.0_CM4_GCC_FPU.a
LOAD C:\Users\vinhh\STM32CubeIDE\workspace_1.6.0\Test_Security\Middleware\ST\STM32_Crypto_AccHw\Lib\libSTM32AccHwCryptoV3.1.0_L4_GCC.a
START GROUP
LOAD C:\Users\vinhh\STM32CubeIDE\workspace_1.6.0\Test_Security\Middleware\ST\STM32_Crypto\Lib\libSTM32CryptographicV3.0.0_CM4_GCC_FPU.a
LOAD C:\Users\vinhh\STM32CubeIDE\workspace_1.6.0\Test_Security\Middleware\ST\STM32_Crypto_AccHw\Lib\libSTM32AccHwCryptoV3.1.0_L4_GCC.a
END GROUP
START GROUP
LOAD e:/stm32cubeide_1.6.0/stm32cubeide/plugins/com.st.stm32cube.ide.mcu.externaltools.gnu-tools-for-stm32.9-2020-q2-update.win32_1.5.0.202011040924/tools/bin/../lib/gcc/arm-none-eabi/9.3.1/../../../../arm-none-eabi/lib/thumb/v7e-m+fp/hard\libc_nano.a
LOAD e:/stm32cubeide_1.6.0/stm32cubeide/plugins/com.st.stm32cube.ide.mcu.externaltools.gnu-tools-for-stm32.9-2020-q2-update.win32_1.5.0.202011040924/tools/bin/../lib/gcc/arm-none-eabi/9.3.1/../../../../arm-none-eabi/lib/thumb/v7e-m+fp/hard\libm.a
END GROUP
START GROUP
LOAD e:/stm32cubeide_1.6.0/stm32cubeide/plugins/com.st.stm32cube.ide.mcu.externaltools.gnu-tools-for-stm32.9-2020-q2-update.win32_1.5.0.202011040924/tools/bin/../lib/gcc/arm-none-eabi/9.3.1/thumb/v7e-m+fp/hard\libgcc.a
LOAD e:/stm32cubeide_1.6.0/stm32cubeide/plugins/com.st.stm32cube.ide.mcu.externaltools.gnu-tools-for-stm32.9-2020-q2-update.win32_1.5.0.202011040924/tools/bin/../lib/gcc/arm-none-eabi/9.3.1/../../../../arm-none-eabi/lib/thumb/v7e-m+fp/hard\libc_nano.a
END GROUP
START GROUP
LOAD e:/stm32cubeide_1.6.0/stm32cubeide/plugins/com.st.stm32cube.ide.mcu.externaltools.gnu-tools-for-stm32.9-2020-q2-update.win32_1.5.0.202011040924/tools/bin/../lib/gcc/arm-none-eabi/9.3.1/thumb/v7e-m+fp/hard\libgcc.a
LOAD e:/stm32cubeide_1.6.0/stm32cubeide/plugins/com.st.stm32cube.ide.mcu.externaltools.gnu-tools-for-stm32.9-2020-q2-update.win32_1.5.0.202011040924/tools/bin/../lib/gcc/arm-none-eabi/9.3.1/../../../../arm-none-eabi/lib/thumb/v7e-m+fp/hard\libc_nano.a
LOAD e:/stm32cubeide_1.6.0/stm32cubeide/plugins/com.st.stm32cube.ide.mcu.externaltools.gnu-tools-for-stm32.9-2020-q2-update.win32_1.5.0.202011040924/tools/bin/../lib/gcc/arm-none-eabi/9.3.1/../../../../arm-none-eabi/lib/thumb/v7e-m+fp/hard\libnosys.a
END GROUP
START GROUP
LOAD e:/stm32cubeide_1.6.0/stm32cubeide/plugins/com.st.stm32cube.ide.mcu.externaltools.gnu-tools-for-stm32.9-2020-q2-update.win32_1.5.0.202011040924/tools/bin/../lib/gcc/arm-none-eabi/9.3.1/thumb/v7e-m+fp/hard\libgcc.a
LOAD e:/stm32cubeide_1.6.0/stm32cubeide/plugins/com.st.stm32cube.ide.mcu.externaltools.gnu-tools-for-stm32.9-2020-q2-update.win32_1.5.0.202011040924/tools/bin/../lib/gcc/arm-none-eabi/9.3.1/../../../../arm-none-eabi/lib/thumb/v7e-m+fp/hard\libc_nano.a
LOAD e:/stm32cubeide_1.6.0/stm32cubeide/plugins/com.st.stm32cube.ide.mcu.externaltools.gnu-tools-for-stm32.9-2020-q2-update.win32_1.5.0.202011040924/tools/bin/../lib/gcc/arm-none-eabi/9.3.1/../../../../arm-none-eabi/lib/thumb/v7e-m+fp/hard\libnosys.a
END GROUP
LOAD e:/stm32cubeide_1.6.0/stm32cubeide/plugins/com.st.stm32cube.ide.mcu.externaltools.gnu-tools-for-stm32.9-2020-q2-update.win32_1.5.0.202011040924/tools/bin/../lib/gcc/arm-none-eabi/9.3.1/thumb/v7e-m+fp/hard/crtend.o
LOAD e:/stm32cubeide_1.6.0/stm32cubeide/plugins/com.st.stm32cube.ide.mcu.externaltools.gnu-tools-for-stm32.9-2020-q2-update.win32_1.5.0.202011040924/tools/bin/../lib/gcc/arm-none-eabi/9.3.1/thumb/v7e-m+fp/hard/crtn.o
                0x0000000020018000                _estack = (ORIGIN (RAM) + LENGTH (RAM))
                0x0000000000000200                _Min_Heap_Size = 0x200
                0x0000000000000400                _Min_Stack_Size = 0x400

.isr_vector     0x0000000008000000      0x188
                0x0000000008000000                . = ALIGN (0x4)
 *(.isr_vector)
 .isr_vector    0x0000000008000000      0x188 Core/Startup/startup_stm32l475vgtx.o
                0x0000000008000000                g_pfnVectors
                0x0000000008000188                . = ALIGN (0x4)

.text           0x0000000008000190     0x87f4
                0x0000000008000190                . = ALIGN (0x4)
 *(.text)
 .text          0x0000000008000190       0x40 e:/stm32cubeide_1.6.0/stm32cubeide/plugins/com.st.stm32cube.ide.mcu.externaltools.gnu-tools-for-stm32.9-2020-q2-update.win32_1.5.0.202011040924/tools/bin/../lib/gcc/arm-none-eabi/9.3.1/thumb/v7e-m+fp/hard/crtbegin.o
 .text          0x00000000080001d0       0xa0 e:/stm32cubeide_1.6.0/stm32cubeide/plugins/com.st.stm32cube.ide.mcu.externaltools.gnu-tools-for-stm32.9-2020-q2-update.win32_1.5.0.202011040924/tools/bin/../lib/gcc/arm-none-eabi/9.3.1/../../../../arm-none-eabi/lib/thumb/v7e-m+fp/hard\libc_nano.a(lib_a-memchr.o)
                0x00000000080001d0                memchr
 *(.text*)
 .text.ITM_SendChar
                0x0000000008000270       0x4e Core/Src/main.o
 .text._write   0x00000000080002be       0x3c Core/Src/main.o
                0x00000000080002be                _write
 *fill*         0x00000000080002fa        0x2 
 .text.main     0x00000000080002fc       0xb0 Core/Src/main.o
                0x00000000080002fc                main
 .text.SystemClock_Config
                0x00000000080003ac      0x116 Core/Src/main.o
                0x00000000080003ac                SystemClock_Config
 *fill*         0x00000000080004c2        0x2 
 .text.MX_RNG_Init
                0x00000000080004c4       0x28 Core/Src/main.o
 .text.MX_GPIO_Init
                0x00000000080004ec       0x7c Core/Src/main.o
 .text.STM32_AES_CBC_Encrypt
                0x0000000008000568       0xae Core/Src/main.o
                0x0000000008000568                STM32_AES_CBC_Encrypt
 .text.Error_Handler
                0x0000000008000616        0xa Core/Src/main.o
                0x0000000008000616                Error_Handler
 .text.HAL_MspInit
                0x0000000008000620       0x48 Core/Src/stm32l4xx_hal_msp.o
                0x0000000008000620                HAL_MspInit
 .text.HAL_RNG_MspInit
                0x0000000008000668       0x40 Core/Src/stm32l4xx_hal_msp.o
                0x0000000008000668                HAL_RNG_MspInit
 .text.NMI_Handler
                0x00000000080006a8        0x6 Core/Src/stm32l4xx_it.o
                0x00000000080006a8                NMI_Handler
 .text.HardFault_Handler
                0x00000000080006ae        0x6 Core/Src/stm32l4xx_it.o
                0x00000000080006ae                HardFault_Handler
 .text.MemManage_Handler
                0x00000000080006b4        0x6 Core/Src/stm32l4xx_it.o
                0x00000000080006b4                MemManage_Handler
 .text.BusFault_Handler
                0x00000000080006ba        0x6 Core/Src/stm32l4xx_it.o
                0x00000000080006ba                BusFault_Handler
 .text.UsageFault_Handler
                0x00000000080006c0        0x6 Core/Src/stm32l4xx_it.o
                0x00000000080006c0                UsageFault_Handler
 .text.SVC_Handler
                0x00000000080006c6        0xe Core/Src/stm32l4xx_it.o
                0x00000000080006c6                SVC_Handler
 .text.DebugMon_Handler
                0x00000000080006d4        0xe Core/Src/stm32l4xx_it.o
                0x00000000080006d4                DebugMon_Handler
 .text.PendSV_Handler
                0x00000000080006e2        0xe Core/Src/stm32l4xx_it.o
                0x00000000080006e2                PendSV_Handler
 .text.SysTick_Handler
                0x00000000080006f0        0xc Core/Src/stm32l4xx_it.o
                0x00000000080006f0                SysTick_Handler
 .text.OTG_FS_IRQHandler
                0x00000000080006fc       0x14 Core/Src/stm32l4xx_it.o
                0x00000000080006fc                OTG_FS_IRQHandler
 .text._read    0x0000000008000710       0x3a Core/Src/syscalls.o
                0x0000000008000710                _read
 .text._close   0x000000000800074a       0x18 Core/Src/syscalls.o
                0x000000000800074a                _close
 .text._fstat   0x0000000008000762       0x20 Core/Src/syscalls.o
                0x0000000008000762                _fstat
 .text._isatty  0x0000000008000782       0x16 Core/Src/syscalls.o
                0x0000000008000782                _isatty
 .text._lseek   0x0000000008000798       0x1a Core/Src/syscalls.o
                0x0000000008000798                _lseek
 *fill*         0x00000000080007b2        0x2 
 .text._sbrk    0x00000000080007b4       0x6c Core/Src/sysmem.o
                0x00000000080007b4                _sbrk
 .text.SystemInit
                0x0000000008000820       0x64 Core/Src/system_stm32l4xx.o
                0x0000000008000820                SystemInit
 .text.Reset_Handler
                0x0000000008000884       0x50 Core/Startup/startup_stm32l475vgtx.o
                0x0000000008000884                Reset_Handler
 .text.Default_Handler
                0x00000000080008d4        0x2 Core/Startup/startup_stm32l475vgtx.o
                0x00000000080008d4                RTC_Alarm_IRQHandler
                0x00000000080008d4                EXTI2_IRQHandler
                0x00000000080008d4                TIM8_TRG_COM_IRQHandler
                0x00000000080008d4                TIM8_CC_IRQHandler
                0x00000000080008d4                TIM1_CC_IRQHandler
                0x00000000080008d4                TSC_IRQHandler
                0x00000000080008d4                TAMP_STAMP_IRQHandler
                0x00000000080008d4                EXTI3_IRQHandler
                0x00000000080008d4                LPTIM2_IRQHandler
                0x00000000080008d4                DFSDM1_FLT1_IRQHandler
                0x00000000080008d4                I2C3_ER_IRQHandler
                0x00000000080008d4                DFSDM1_FLT2_IRQHandler
                0x00000000080008d4                EXTI0_IRQHandler
                0x00000000080008d4                I2C2_EV_IRQHandler
                0x00000000080008d4                CAN1_RX0_IRQHandler
                0x00000000080008d4                FPU_IRQHandler
                0x00000000080008d4                TIM1_UP_TIM16_IRQHandler
                0x00000000080008d4                ADC1_2_IRQHandler
                0x00000000080008d4                SPI1_IRQHandler
                0x00000000080008d4                TIM6_DAC_IRQHandler
                0x00000000080008d4                TIM8_UP_IRQHandler
                0x00000000080008d4                DMA2_Channel2_IRQHandler
                0x00000000080008d4                DMA1_Channel4_IRQHandler
                0x00000000080008d4                SAI2_IRQHandler
                0x00000000080008d4                DFSDM1_FLT3_IRQHandler
                0x00000000080008d4                USART3_IRQHandler
                0x00000000080008d4                DMA1_Channel7_IRQHandler
                0x00000000080008d4                CAN1_RX1_IRQHandler
                0x00000000080008d4                UART5_IRQHandler
                0x00000000080008d4                ADC3_IRQHandler
                0x00000000080008d4                TIM4_IRQHandler
                0x00000000080008d4                DMA2_Channel1_IRQHandler
                0x00000000080008d4                QUADSPI_IRQHandler
                0x00000000080008d4                I2C1_EV_IRQHandler
                0x00000000080008d4                DMA1_Channel6_IRQHandler
                0x00000000080008d4                UART4_IRQHandler
                0x00000000080008d4                DMA2_Channel4_IRQHandler
                0x00000000080008d4                TIM3_IRQHandler
                0x00000000080008d4                RCC_IRQHandler
                0x00000000080008d4                DMA1_Channel1_IRQHandler
                0x00000000080008d4                Default_Handler
                0x00000000080008d4                DMA2_Channel7_IRQHandler
                0x00000000080008d4                EXTI15_10_IRQHandler
                0x00000000080008d4                TIM7_IRQHandler
                0x00000000080008d4                SDMMC1_IRQHandler
                0x00000000080008d4                TIM5_IRQHandler
                0x00000000080008d4                I2C3_EV_IRQHandler
                0x00000000080008d4                EXTI9_5_IRQHandler
                0x00000000080008d4                RTC_WKUP_IRQHandler
                0x00000000080008d4                PVD_PVM_IRQHandler
                0x00000000080008d4                SPI2_IRQHandler
                0x00000000080008d4                CAN1_TX_IRQHandler
                0x00000000080008d4                DMA2_Channel5_IRQHandler
                0x00000000080008d4                DMA1_Channel5_IRQHandler
                0x00000000080008d4                EXTI4_IRQHandler
                0x00000000080008d4                RNG_IRQHandler
                0x00000000080008d4                TIM1_TRG_COM_TIM17_IRQHandler
                0x00000000080008d4                DMA1_Channel3_IRQHandler
                0x00000000080008d4                COMP_IRQHandler
                0x00000000080008d4                WWDG_IRQHandler
                0x00000000080008d4                LPUART1_IRQHandler
                0x00000000080008d4                DMA2_Channel6_IRQHandler
                0x00000000080008d4                TIM2_IRQHandler
                0x00000000080008d4                EXTI1_IRQHandler
                0x00000000080008d4                USART2_IRQHandler
                0x00000000080008d4                DFSDM1_FLT0_IRQHandler
                0x00000000080008d4                I2C2_ER_IRQHandler
                0x00000000080008d4                DMA1_Channel2_IRQHandler
                0x00000000080008d4                TIM8_BRK_IRQHandler
                0x00000000080008d4                CAN1_SCE_IRQHandler
                0x00000000080008d4                FLASH_IRQHandler
                0x00000000080008d4                USART1_IRQHandler
                0x00000000080008d4                SPI3_IRQHandler
                0x00000000080008d4                I2C1_ER_IRQHandler
                0x00000000080008d4                FMC_IRQHandler
                0x00000000080008d4                SWPMI1_IRQHandler
                0x00000000080008d4                LPTIM1_IRQHandler
                0x00000000080008d4                SAI1_IRQHandler
                0x00000000080008d4                DMA2_Channel3_IRQHandler
                0x00000000080008d4                TIM1_BRK_TIM15_IRQHandler
 .text.HAL_Init
                0x00000000080008d6       0x30 Drivers/STM32L4xx_HAL_Driver/Src/stm32l4xx_hal.o
                0x00000000080008d6                HAL_Init
 *fill*         0x0000000008000906        0x2 
 .text.HAL_InitTick
                0x0000000008000908       0x78 Drivers/STM32L4xx_HAL_Driver/Src/stm32l4xx_hal.o
                0x0000000008000908                HAL_InitTick
 .text.HAL_IncTick
                0x0000000008000980       0x28 Drivers/STM32L4xx_HAL_Driver/Src/stm32l4xx_hal.o
                0x0000000008000980                HAL_IncTick
 .text.HAL_GetTick
                0x00000000080009a8       0x18 Drivers/STM32L4xx_HAL_Driver/Src/stm32l4xx_hal.o
                0x00000000080009a8                HAL_GetTick
 .text.HAL_Delay
                0x00000000080009c0       0x48 Drivers/STM32L4xx_HAL_Driver/Src/stm32l4xx_hal.o
                0x00000000080009c0                HAL_Delay
 .text.__NVIC_SetPriorityGrouping
                0x0000000008000a08       0x48 Drivers/STM32L4xx_HAL_Driver/Src/stm32l4xx_hal_cortex.o
 .text.__NVIC_GetPriorityGrouping
                0x0000000008000a50       0x1c Drivers/STM32L4xx_HAL_Driver/Src/stm32l4xx_hal_cortex.o
 .text.__NVIC_EnableIRQ
                0x0000000008000a6c       0x3c Drivers/STM32L4xx_HAL_Driver/Src/stm32l4xx_hal_cortex.o
 .text.__NVIC_SetPriority
                0x0000000008000aa8       0x54 Drivers/STM32L4xx_HAL_Driver/Src/stm32l4xx_hal_cortex.o
 .text.NVIC_EncodePriority
                0x0000000008000afc       0x66 Drivers/STM32L4xx_HAL_Driver/Src/stm32l4xx_hal_cortex.o
 *fill*         0x0000000008000b62        0x2 
 .text.SysTick_Config
                0x0000000008000b64       0x44 Drivers/STM32L4xx_HAL_Driver/Src/stm32l4xx_hal_cortex.o
 .text.HAL_NVIC_SetPriorityGrouping
                0x0000000008000ba8       0x16 Drivers/STM32L4xx_HAL_Driver/Src/stm32l4xx_hal_cortex.o
                0x0000000008000ba8                HAL_NVIC_SetPriorityGrouping
 .text.HAL_NVIC_SetPriority
                0x0000000008000bbe       0x38 Drivers/STM32L4xx_HAL_Driver/Src/stm32l4xx_hal_cortex.o
                0x0000000008000bbe                HAL_NVIC_SetPriority
 .text.HAL_NVIC_EnableIRQ
                0x0000000008000bf6       0x1c Drivers/STM32L4xx_HAL_Driver/Src/stm32l4xx_hal_cortex.o
                0x0000000008000bf6                HAL_NVIC_EnableIRQ
 .text.HAL_SYSTICK_Config
                0x0000000008000c12       0x18 Drivers/STM32L4xx_HAL_Driver/Src/stm32l4xx_hal_cortex.o
                0x0000000008000c12                HAL_SYSTICK_Config
 *fill*         0x0000000008000c2a        0x2 
 .text.HAL_GPIO_Init
                0x0000000008000c2c      0x354 Drivers/STM32L4xx_HAL_Driver/Src/stm32l4xx_hal_gpio.o
                0x0000000008000c2c                HAL_GPIO_Init
 .text.HAL_GPIO_WritePin
                0x0000000008000f80       0x30 Drivers/STM32L4xx_HAL_Driver/Src/stm32l4xx_hal_gpio.o
                0x0000000008000f80                HAL_GPIO_WritePin
 .text.HAL_GPIO_TogglePin
                0x0000000008000fb0       0x34 Drivers/STM32L4xx_HAL_Driver/Src/stm32l4xx_hal_gpio.o
                0x0000000008000fb0                HAL_GPIO_TogglePin
 .text.HAL_PCD_Init
                0x0000000008000fe4      0x248 Drivers/STM32L4xx_HAL_Driver/Src/stm32l4xx_hal_pcd.o
                0x0000000008000fe4                HAL_PCD_Init
 .text.HAL_PCD_Start
                0x000000000800122c       0x5e Drivers/STM32L4xx_HAL_Driver/Src/stm32l4xx_hal_pcd.o
                0x000000000800122c                HAL_PCD_Start
 .text.HAL_PCD_IRQHandler
                0x000000000800128a      0x748 Drivers/STM32L4xx_HAL_Driver/Src/stm32l4xx_hal_pcd.o
                0x000000000800128a                HAL_PCD_IRQHandler
 .text.HAL_PCD_SetAddress
                0x00000000080019d2       0x4a Drivers/STM32L4xx_HAL_Driver/Src/stm32l4xx_hal_pcd.o
                0x00000000080019d2                HAL_PCD_SetAddress
 .text.HAL_PCD_EP_Open
                0x0000000008001a1c       0xd0 Drivers/STM32L4xx_HAL_Driver/Src/stm32l4xx_hal_pcd.o
                0x0000000008001a1c                HAL_PCD_EP_Open
 .text.HAL_PCD_EP_Close
                0x0000000008001aec       0x94 Drivers/STM32L4xx_HAL_Driver/Src/stm32l4xx_hal_pcd.o
                0x0000000008001aec                HAL_PCD_EP_Close
 .text.HAL_PCD_EP_Receive
                0x0000000008001b80       0x7c Drivers/STM32L4xx_HAL_Driver/Src/stm32l4xx_hal_pcd.o
                0x0000000008001b80                HAL_PCD_EP_Receive
 .text.HAL_PCD_EP_GetRxCount
                0x0000000008001bfc       0x30 Drivers/STM32L4xx_HAL_Driver/Src/stm32l4xx_hal_pcd.o
                0x0000000008001bfc                HAL_PCD_EP_GetRxCount
 .text.HAL_PCD_EP_Transmit
                0x0000000008001c2c       0x7a Drivers/STM32L4xx_HAL_Driver/Src/stm32l4xx_hal_pcd.o
                0x0000000008001c2c                HAL_PCD_EP_Transmit
 .text.HAL_PCD_EP_SetStall
                0x0000000008001ca6       0xc4 Drivers/STM32L4xx_HAL_Driver/Src/stm32l4xx_hal_pcd.o
                0x0000000008001ca6                HAL_PCD_EP_SetStall
 .text.HAL_PCD_EP_ClrStall
                0x0000000008001d6a       0xac Drivers/STM32L4xx_HAL_Driver/Src/stm32l4xx_hal_pcd.o
                0x0000000008001d6a                HAL_PCD_EP_ClrStall
 .text.PCD_WriteEmptyTxFifo
                0x0000000008001e16      0x110 Drivers/STM32L4xx_HAL_Driver/Src/stm32l4xx_hal_pcd.o
 *fill*         0x0000000008001f26        0x2 
 .text.PCD_EP_OutXfrComplete_int
                0x0000000008001f28       0x9c Drivers/STM32L4xx_HAL_Driver/Src/stm32l4xx_hal_pcd.o
 .text.PCD_EP_OutSetupPacket_int
                0x0000000008001fc4       0x68 Drivers/STM32L4xx_HAL_Driver/Src/stm32l4xx_hal_pcd.o
 .text.HAL_PCDEx_SetTxFiFo
                0x000000000800202c       0x8e Drivers/STM32L4xx_HAL_Driver/Src/stm32l4xx_hal_pcd_ex.o
                0x000000000800202c                HAL_PCDEx_SetTxFiFo
 .text.HAL_PCDEx_SetRxFiFo
                0x00000000080020ba       0x22 Drivers/STM32L4xx_HAL_Driver/Src/stm32l4xx_hal_pcd_ex.o
                0x00000000080020ba                HAL_PCDEx_SetRxFiFo
 .text.HAL_PCDEx_ActivateLPM
                0x00000000080020dc       0x48 Drivers/STM32L4xx_HAL_Driver/Src/stm32l4xx_hal_pcd_ex.o
                0x00000000080020dc                HAL_PCDEx_ActivateLPM
 .text.HAL_PWREx_GetVoltageRange
                0x0000000008002124       0x1c Drivers/STM32L4xx_HAL_Driver/Src/stm32l4xx_hal_pwr_ex.o
                0x0000000008002124                HAL_PWREx_GetVoltageRange
 .text.HAL_PWREx_ControlVoltageScaling
                0x0000000008002140       0xac Drivers/STM32L4xx_HAL_Driver/Src/stm32l4xx_hal_pwr_ex.o
                0x0000000008002140                HAL_PWREx_ControlVoltageScaling
 .text.HAL_PWREx_EnableVddUSB
                0x00000000080021ec       0x20 Drivers/STM32L4xx_HAL_Driver/Src/stm32l4xx_hal_pwr_ex.o
                0x00000000080021ec                HAL_PWREx_EnableVddUSB
 .text.HAL_RCC_OscConfig
                0x000000000800220c      0x7cc Drivers/STM32L4xx_HAL_Driver/Src/stm32l4xx_hal_rcc.o
                0x000000000800220c                HAL_RCC_OscConfig
 .text.HAL_RCC_ClockConfig
                0x00000000080029d8      0x1c4 Drivers/STM32L4xx_HAL_Driver/Src/stm32l4xx_hal_rcc.o
                0x00000000080029d8                HAL_RCC_ClockConfig
 .text.HAL_RCC_GetSysClockFreq
                0x0000000008002b9c      0x118 Drivers/STM32L4xx_HAL_Driver/Src/stm32l4xx_hal_rcc.o
                0x0000000008002b9c                HAL_RCC_GetSysClockFreq
 .text.HAL_RCC_GetHCLKFreq
                0x0000000008002cb4       0x18 Drivers/STM32L4xx_HAL_Driver/Src/stm32l4xx_hal_rcc.o
                0x0000000008002cb4                HAL_RCC_GetHCLKFreq
 .text.RCC_SetFlashLatencyFromMSIRange
                0x0000000008002ccc       0xc0 Drivers/STM32L4xx_HAL_Driver/Src/stm32l4xx_hal_rcc.o
 .text.HAL_RCCEx_PeriphCLKConfig
                0x0000000008002d8c      0x5d4 Drivers/STM32L4xx_HAL_Driver/Src/stm32l4xx_hal_rcc_ex.o
                0x0000000008002d8c                HAL_RCCEx_PeriphCLKConfig
 .text.RCCEx_PLLSAI1_Config
                0x0000000008003360      0x1e8 Drivers/STM32L4xx_HAL_Driver/Src/stm32l4xx_hal_rcc_ex.o
 .text.RCCEx_PLLSAI2_Config
                0x0000000008003548      0x1bc Drivers/STM32L4xx_HAL_Driver/Src/stm32l4xx_hal_rcc_ex.o
 .text.HAL_RNG_Init
                0x0000000008003704       0xa0 Drivers/STM32L4xx_HAL_Driver/Src/stm32l4xx_hal_rng.o
                0x0000000008003704                HAL_RNG_Init
 .text.USB_CoreInit
                0x00000000080037a4       0x58 Drivers/STM32L4xx_HAL_Driver/Src/stm32l4xx_ll_usb.o
                0x00000000080037a4                USB_CoreInit
 .text.USB_SetTurnaroundTime
                0x00000000080037fc      0x138 Drivers/STM32L4xx_HAL_Driver/Src/stm32l4xx_ll_usb.o
                0x00000000080037fc                USB_SetTurnaroundTime
 .text.USB_EnableGlobalInt
                0x0000000008003934       0x22 Drivers/STM32L4xx_HAL_Driver/Src/stm32l4xx_ll_usb.o
                0x0000000008003934                USB_EnableGlobalInt
 .text.USB_DisableGlobalInt
                0x0000000008003956       0x22 Drivers/STM32L4xx_HAL_Driver/Src/stm32l4xx_ll_usb.o
                0x0000000008003956                USB_DisableGlobalInt
 .text.USB_SetCurrentMode
                0x0000000008003978       0x54 Drivers/STM32L4xx_HAL_Driver/Src/stm32l4xx_ll_usb.o
                0x0000000008003978                USB_SetCurrentMode
 .text.USB_DevInit
                0x00000000080039cc      0x298 Drivers/STM32L4xx_HAL_Driver/Src/stm32l4xx_ll_usb.o
                0x00000000080039cc                USB_DevInit
 .text.USB_FlushTxFifo
                0x0000000008003c64       0x4c Drivers/STM32L4xx_HAL_Driver/Src/stm32l4xx_ll_usb.o
                0x0000000008003c64                USB_FlushTxFifo
 .text.USB_FlushRxFifo
                0x0000000008003cb0       0x44 Drivers/STM32L4xx_HAL_Driver/Src/stm32l4xx_ll_usb.o
                0x0000000008003cb0                USB_FlushRxFifo
 .text.USB_SetDevSpeed
                0x0000000008003cf4       0x32 Drivers/STM32L4xx_HAL_Driver/Src/stm32l4xx_ll_usb.o
                0x0000000008003cf4                USB_SetDevSpeed
 .text.USB_GetDevSpeed
                0x0000000008003d26       0x3e Drivers/STM32L4xx_HAL_Driver/Src/stm32l4xx_ll_usb.o
                0x0000000008003d26                USB_GetDevSpeed
 .text.USB_ActivateEndpoint
                0x0000000008003d64      0x10e Drivers/STM32L4xx_HAL_Driver/Src/stm32l4xx_ll_usb.o
                0x0000000008003d64                USB_ActivateEndpoint
 *fill*         0x0000000008003e72        0x2 
 .text.USB_DeactivateEndpoint
                0x0000000008003e74      0x1b8 Drivers/STM32L4xx_HAL_Driver/Src/stm32l4xx_ll_usb.o
                0x0000000008003e74                USB_DeactivateEndpoint
 .text.USB_EPStartXfer
                0x000000000800402c      0x3b8 Drivers/STM32L4xx_HAL_Driver/Src/stm32l4xx_ll_usb.o
                0x000000000800402c                USB_EPStartXfer
 .text.USB_EP0StartXfer
                0x00000000080043e4      0x23c Drivers/STM32L4xx_HAL_Driver/Src/stm32l4xx_ll_usb.o
                0x00000000080043e4                USB_EP0StartXfer
 .text.USB_WritePacket
                0x0000000008004620       0x62 Drivers/STM32L4xx_HAL_Driver/Src/stm32l4xx_ll_usb.o
                0x0000000008004620                USB_WritePacket
 .text.USB_ReadPacket
                0x0000000008004682       0x52 Drivers/STM32L4xx_HAL_Driver/Src/stm32l4xx_ll_usb.o
                0x0000000008004682                USB_ReadPacket
 .text.USB_EPSetStall
                0x00000000080046d4       0xdc Drivers/STM32L4xx_HAL_Driver/Src/stm32l4xx_ll_usb.o
                0x00000000080046d4                USB_EPSetStall
 .text.USB_EPClearStall
                0x00000000080047b0       0xcc Drivers/STM32L4xx_HAL_Driver/Src/stm32l4xx_ll_usb.o
                0x00000000080047b0                USB_EPClearStall
 .text.USB_SetDevAddress
                0x000000000800487c       0x4c Drivers/STM32L4xx_HAL_Driver/Src/stm32l4xx_ll_usb.o
                0x000000000800487c                USB_SetDevAddress
 .text.USB_DevConnect
                0x00000000080048c8       0x42 Drivers/STM32L4xx_HAL_Driver/Src/stm32l4xx_ll_usb.o
                0x00000000080048c8                USB_DevConnect
 .text.USB_DevDisconnect
                0x000000000800490a       0x42 Drivers/STM32L4xx_HAL_Driver/Src/stm32l4xx_ll_usb.o
                0x000000000800490a                USB_DevDisconnect
 .text.USB_ReadInterrupts
                0x000000000800494c       0x26 Drivers/STM32L4xx_HAL_Driver/Src/stm32l4xx_ll_usb.o
                0x000000000800494c                USB_ReadInterrupts
 .text.USB_ReadDevAllOutEpInterrupt
                0x0000000008004972       0x34 Drivers/STM32L4xx_HAL_Driver/Src/stm32l4xx_ll_usb.o
                0x0000000008004972                USB_ReadDevAllOutEpInterrupt
 .text.USB_ReadDevAllInEpInterrupt
                0x00000000080049a6       0x34 Drivers/STM32L4xx_HAL_Driver/Src/stm32l4xx_ll_usb.o
                0x00000000080049a6                USB_ReadDevAllInEpInterrupt
 .text.USB_ReadDevOutEPInterrupt
                0x00000000080049da       0x3c Drivers/STM32L4xx_HAL_Driver/Src/stm32l4xx_ll_usb.o
                0x00000000080049da                USB_ReadDevOutEPInterrupt
 .text.USB_ReadDevInEPInterrupt
                0x0000000008004a16       0x5c Drivers/STM32L4xx_HAL_Driver/Src/stm32l4xx_ll_usb.o
                0x0000000008004a16                USB_ReadDevInEPInterrupt
 .text.USB_GetMode
                0x0000000008004a72       0x1c Drivers/STM32L4xx_HAL_Driver/Src/stm32l4xx_ll_usb.o
                0x0000000008004a72                USB_GetMode
 .text.USB_ActivateSetup
                0x0000000008004a8e       0x46 Drivers/STM32L4xx_HAL_Driver/Src/stm32l4xx_ll_usb.o
                0x0000000008004a8e                USB_ActivateSetup
 .text.USB_EP0_OutStart
                0x0000000008004ad4       0x90 Drivers/STM32L4xx_HAL_Driver/Src/stm32l4xx_ll_usb.o
                0x0000000008004ad4                USB_EP0_OutStart
 .text.USB_CoreReset
                0x0000000008004b64       0x68 Drivers/STM32L4xx_HAL_Driver/Src/stm32l4xx_ll_usb.o
 .text.USBD_CDC_Init
                0x0000000008004bcc       0xfe Middleware/ST/STM32_USB_Device_Library/Class/CDC/Src/usbd_cdc.o
 .text.USBD_CDC_DeInit
                0x0000000008004cca       0x74 Middleware/ST/STM32_USB_Device_Library/Class/CDC/Src/usbd_cdc.o
 *fill*         0x0000000008004d3e        0x2 
 .text.USBD_CDC_Setup
                0x0000000008004d40      0x190 Middleware/ST/STM32_USB_Device_Library/Class/CDC/Src/usbd_cdc.o
 .text.USBD_CDC_DataIn
                0x0000000008004ed0       0xca Middleware/ST/STM32_USB_Device_Library/Class/CDC/Src/usbd_cdc.o
 .text.USBD_CDC_DataOut
                0x0000000008004f9a       0x56 Middleware/ST/STM32_USB_Device_Library/Class/CDC/Src/usbd_cdc.o
 .text.USBD_CDC_EP0_RxReady
                0x0000000008004ff0       0x5a Middleware/ST/STM32_USB_Device_Library/Class/CDC/Src/usbd_cdc.o
 *fill*         0x000000000800504a        0x2 
 .text.USBD_CDC_GetFSCfgDesc
                0x000000000800504c       0x20 Middleware/ST/STM32_USB_Device_Library/Class/CDC/Src/usbd_cdc.o
 .text.USBD_CDC_GetHSCfgDesc
                0x000000000800506c       0x20 Middleware/ST/STM32_USB_Device_Library/Class/CDC/Src/usbd_cdc.o
 .text.USBD_CDC_GetOtherSpeedCfgDesc
                0x000000000800508c       0x20 Middleware/ST/STM32_USB_Device_Library/Class/CDC/Src/usbd_cdc.o
 .text.USBD_CDC_GetDeviceQualifierDescriptor
                0x00000000080050ac       0x20 Middleware/ST/STM32_USB_Device_Library/Class/CDC/Src/usbd_cdc.o
                0x00000000080050ac                USBD_CDC_GetDeviceQualifierDescriptor
 .text.USBD_CDC_RegisterInterface
                0x00000000080050cc       0x2a Middleware/ST/STM32_USB_Device_Library/Class/CDC/Src/usbd_cdc.o
                0x00000000080050cc                USBD_CDC_RegisterInterface
 .text.USBD_CDC_SetTxBuffer
                0x00000000080050f6       0x3c Middleware/ST/STM32_USB_Device_Library/Class/CDC/Src/usbd_cdc.o
                0x00000000080050f6                USBD_CDC_SetTxBuffer
 .text.USBD_CDC_SetRxBuffer
                0x0000000008005132       0x32 Middleware/ST/STM32_USB_Device_Library/Class/CDC/Src/usbd_cdc.o
                0x0000000008005132                USBD_CDC_SetRxBuffer
 .text.USBD_CDC_ReceivePacket
                0x0000000008005164       0x54 Middleware/ST/STM32_USB_Device_Library/Class/CDC/Src/usbd_cdc.o
                0x0000000008005164                USBD_CDC_ReceivePacket
 .text.USBD_Init
                0x00000000080051b8       0x60 Middleware/ST/STM32_USB_Device_Library/Core/Src/usbd_core.o
                0x00000000080051b8                USBD_Init
 .text.USBD_RegisterClass
                0x0000000008005218       0x4e Middleware/ST/STM32_USB_Device_Library/Core/Src/usbd_core.o
                0x0000000008005218                USBD_RegisterClass
 .text.USBD_Start
                0x0000000008005266       0x18 Middleware/ST/STM32_USB_Device_Library/Core/Src/usbd_core.o
                0x0000000008005266                USBD_Start
 .text.USBD_RunTestMode
                0x000000000800527e       0x16 Middleware/ST/STM32_USB_Device_Library/Core/Src/usbd_core.o
                0x000000000800527e                USBD_RunTestMode
 .text.USBD_SetClassConfig
                0x0000000008005294       0x38 Middleware/ST/STM32_USB_Device_Library/Core/Src/usbd_core.o
                0x0000000008005294                USBD_SetClassConfig
 .text.USBD_ClrClassConfig
                0x00000000080052cc       0x30 Middleware/ST/STM32_USB_Device_Library/Core/Src/usbd_core.o
                0x00000000080052cc                USBD_ClrClassConfig
 .text.USBD_LL_SetupStage
                0x00000000080052fc       0xaa Middleware/ST/STM32_USB_Device_Library/Core/Src/usbd_core.o
                0x00000000080052fc                USBD_LL_SetupStage
 .text.USBD_LL_DataOutStage
                0x00000000080053a6       0xc6 Middleware/ST/STM32_USB_Device_Library/Core/Src/usbd_core.o
                0x00000000080053a6                USBD_LL_DataOutStage
 .text.USBD_LL_DataInStage
                0x000000000800546c      0x12c Middleware/ST/STM32_USB_Device_Library/Core/Src/usbd_core.o
                0x000000000800546c                USBD_LL_DataInStage
 .text.USBD_LL_Reset
                0x0000000008005598       0x9c Middleware/ST/STM32_USB_Device_Library/Core/Src/usbd_core.o
                0x0000000008005598                USBD_LL_Reset
 .text.USBD_LL_SetSpeed
                0x0000000008005634       0x20 Middleware/ST/STM32_USB_Device_Library/Core/Src/usbd_core.o
                0x0000000008005634                USBD_LL_SetSpeed
 .text.USBD_LL_Suspend
                0x0000000008005654       0x2c Middleware/ST/STM32_USB_Device_Library/Core/Src/usbd_core.o
                0x0000000008005654                USBD_LL_Suspend
 .text.USBD_LL_Resume
                0x0000000008005680       0x30 Middleware/ST/STM32_USB_Device_Library/Core/Src/usbd_core.o
                0x0000000008005680                USBD_LL_Resume
 .text.USBD_LL_SOF
                0x00000000080056b0       0x44 Middleware/ST/STM32_USB_Device_Library/Core/Src/usbd_core.o
                0x00000000080056b0                USBD_LL_SOF
 .text.USBD_LL_IsoINIncomplete
                0x00000000080056f4       0x4c Middleware/ST/STM32_USB_Device_Library/Core/Src/usbd_core.o
                0x00000000080056f4                USBD_LL_IsoINIncomplete
 .text.USBD_LL_IsoOUTIncomplete
                0x0000000008005740       0x4c Middleware/ST/STM32_USB_Device_Library/Core/Src/usbd_core.o
                0x0000000008005740                USBD_LL_IsoOUTIncomplete
 .text.USBD_LL_DevConnected
                0x000000000800578c       0x16 Middleware/ST/STM32_USB_Device_Library/Core/Src/usbd_core.o
                0x000000000800578c                USBD_LL_DevConnected
 .text.USBD_LL_DevDisconnected
                0x00000000080057a2       0x38 Middleware/ST/STM32_USB_Device_Library/Core/Src/usbd_core.o
                0x00000000080057a2                USBD_LL_DevDisconnected
 .text.SWAPBYTE
                0x00000000080057da       0x3c Middleware/ST/STM32_USB_Device_Library/Core/Src/usbd_ctlreq.o
 *fill*         0x0000000008005816        0x2 
 .text.USBD_StdDevReq
                0x0000000008005818       0xdc Middleware/ST/STM32_USB_Device_Library/Core/Src/usbd_ctlreq.o
                0x0000000008005818                USBD_StdDevReq
 .text.USBD_StdItfReq
                0x00000000080058f4       0x92 Middleware/ST/STM32_USB_Device_Library/Core/Src/usbd_ctlreq.o
                0x00000000080058f4                USBD_StdItfReq
 .text.USBD_StdEPReq
                0x0000000008005986      0x2c4 Middleware/ST/STM32_USB_Device_Library/Core/Src/usbd_ctlreq.o
                0x0000000008005986                USBD_StdEPReq
 *fill*         0x0000000008005c4a        0x2 
 .text.USBD_GetDescriptor
                0x0000000008005c4c      0x328 Middleware/ST/STM32_USB_Device_Library/Core/Src/usbd_ctlreq.o
 .text.USBD_SetAddress
                0x0000000008005f74       0x88 Middleware/ST/STM32_USB_Device_Library/Core/Src/usbd_ctlreq.o
 .text.USBD_SetConfig
                0x0000000008005ffc      0x14c Middleware/ST/STM32_USB_Device_Library/Core/Src/usbd_ctlreq.o
 .text.USBD_GetConfig
                0x0000000008006148       0x6c Middleware/ST/STM32_USB_Device_Library/Core/Src/usbd_ctlreq.o
 .text.USBD_GetStatus
                0x00000000080061b4       0x68 Middleware/ST/STM32_USB_Device_Library/Core/Src/usbd_ctlreq.o
 .text.USBD_SetFeature
                0x000000000800621c       0x28 Middleware/ST/STM32_USB_Device_Library/Core/Src/usbd_ctlreq.o
 .text.USBD_ClrFeature
                0x0000000008006244       0x44 Middleware/ST/STM32_USB_Device_Library/Core/Src/usbd_ctlreq.o
 .text.USBD_ParseSetupRequest
                0x0000000008006288       0x74 Middleware/ST/STM32_USB_Device_Library/Core/Src/usbd_ctlreq.o
                0x0000000008006288                USBD_ParseSetupRequest
 .text.USBD_CtlError
                0x00000000080062fc       0x22 Middleware/ST/STM32_USB_Device_Library/Core/Src/usbd_ctlreq.o
                0x00000000080062fc                USBD_CtlError
 .text.USBD_GetString
                0x000000000800631e       0x8c Middleware/ST/STM32_USB_Device_Library/Core/Src/usbd_ctlreq.o
                0x000000000800631e                USBD_GetString
 .text.USBD_GetLen
                0x00000000080063aa       0x34 Middleware/ST/STM32_USB_Device_Library/Core/Src/usbd_ctlreq.o
 .text.USBD_CtlSendData
                0x00000000080063de       0x36 Middleware/ST/STM32_USB_Device_Library/Core/Src/usbd_ioreq.o
                0x00000000080063de                USBD_CtlSendData
 .text.USBD_CtlContinueSendData
                0x0000000008006414       0x22 Middleware/ST/STM32_USB_Device_Library/Core/Src/usbd_ioreq.o
                0x0000000008006414                USBD_CtlContinueSendData
 .text.USBD_CtlPrepareRx
                0x0000000008006436       0x3a Middleware/ST/STM32_USB_Device_Library/Core/Src/usbd_ioreq.o
                0x0000000008006436                USBD_CtlPrepareRx
 .text.USBD_CtlContinueRx
                0x0000000008006470       0x22 Middleware/ST/STM32_USB_Device_Library/Core/Src/usbd_ioreq.o
                0x0000000008006470                USBD_CtlContinueRx
 .text.USBD_CtlSendStatus
                0x0000000008006492       0x26 Middleware/ST/STM32_USB_Device_Library/Core/Src/usbd_ioreq.o
                0x0000000008006492                USBD_CtlSendStatus
 .text.USBD_CtlReceiveStatus
                0x00000000080064b8       0x26 Middleware/ST/STM32_USB_Device_Library/Core/Src/usbd_ioreq.o
                0x00000000080064b8                USBD_CtlReceiveStatus
 *fill*         0x00000000080064de        0x2 
 .text.MX_USB_DEVICE_Init
                0x00000000080064e0       0x60 USB_DEVICE/App/usb_device.o
                0x00000000080064e0                MX_USB_DEVICE_Init
 .text.CDC_Init_FS
                0x0000000008006540       0x28 USB_DEVICE/App/usbd_cdc_if.o
 .text.CDC_DeInit_FS
                0x0000000008006568       0x10 USB_DEVICE/App/usbd_cdc_if.o
 .text.CDC_Control_FS
                0x0000000008006578       0xbc USB_DEVICE/App/usbd_cdc_if.o
 .text.CDC_Receive_FS
                0x0000000008006634       0x28 USB_DEVICE/App/usbd_cdc_if.o
 .text.CDC_TransmitCplt_FS
                0x000000000800665c       0x22 USB_DEVICE/App/usbd_cdc_if.o
 *fill*         0x000000000800667e        0x2 
 .text.USBD_FS_DeviceDescriptor
                0x0000000008006680       0x24 USB_DEVICE/App/usbd_desc.o
                0x0000000008006680                USBD_FS_DeviceDescriptor
 .text.USBD_FS_LangIDStrDescriptor
                0x00000000080066a4       0x24 USB_DEVICE/App/usbd_desc.o
                0x00000000080066a4                USBD_FS_LangIDStrDescriptor
 .text.USBD_FS_ProductStrDescriptor
                0x00000000080066c8       0x3c USB_DEVICE/App/usbd_desc.o
                0x00000000080066c8                USBD_FS_ProductStrDescriptor
 .text.USBD_FS_ManufacturerStrDescriptor
                0x0000000008006704       0x28 USB_DEVICE/App/usbd_desc.o
                0x0000000008006704                USBD_FS_ManufacturerStrDescriptor
 .text.USBD_FS_SerialStrDescriptor
                0x000000000800672c       0x24 USB_DEVICE/App/usbd_desc.o
                0x000000000800672c                USBD_FS_SerialStrDescriptor
 .text.USBD_FS_ConfigStrDescriptor
                0x0000000008006750       0x3c USB_DEVICE/App/usbd_desc.o
                0x0000000008006750                USBD_FS_ConfigStrDescriptor
 .text.USBD_FS_InterfaceStrDescriptor
                0x000000000800678c       0x3c USB_DEVICE/App/usbd_desc.o
                0x000000000800678c                USBD_FS_InterfaceStrDescriptor
 .text.USBD_FS_USR_BOSDescriptor
                0x00000000080067c8       0x24 USB_DEVICE/App/usbd_desc.o
                0x00000000080067c8                USBD_FS_USR_BOSDescriptor
 .text.Get_SerialNum
                0x00000000080067ec       0x58 USB_DEVICE/App/usbd_desc.o
 .text.IntToUnicode
                0x0000000008006844       0x7e USB_DEVICE/App/usbd_desc.o
 *fill*         0x00000000080068c2        0x2 
 .text.HAL_PCD_MspInit
                0x00000000080068c4       0xcc USB_DEVICE/Target/usbd_conf.o
                0x00000000080068c4                HAL_PCD_MspInit
 .text.HAL_PCD_SetupStageCallback
                0x0000000008006990       0x24 USB_DEVICE/Target/usbd_conf.o
                0x0000000008006990                HAL_PCD_SetupStageCallback
 .text.HAL_PCD_DataOutStageCallback
                0x00000000080069b4       0x36 USB_DEVICE/Target/usbd_conf.o
                0x00000000080069b4                HAL_PCD_DataOutStageCallback
 .text.HAL_PCD_DataInStageCallback
                0x00000000080069ea       0x34 USB_DEVICE/Target/usbd_conf.o
                0x00000000080069ea                HAL_PCD_DataInStageCallback
 .text.HAL_PCD_SOFCallback
                0x0000000008006a1e       0x1c USB_DEVICE/Target/usbd_conf.o
                0x0000000008006a1e                HAL_PCD_SOFCallback
 .text.HAL_PCD_ResetCallback
                0x0000000008006a3a       0x3c USB_DEVICE/Target/usbd_conf.o
                0x0000000008006a3a                HAL_PCD_ResetCallback
 *fill*         0x0000000008006a76        0x2 
 .text.HAL_PCD_SuspendCallback
                0x0000000008006a78       0x4c USB_DEVICE/Target/usbd_conf.o
                0x0000000008006a78                HAL_PCD_SuspendCallback
 .text.HAL_PCD_ResumeCallback
                0x0000000008006ac4       0x50 USB_DEVICE/Target/usbd_conf.o
                0x0000000008006ac4                HAL_PCD_ResumeCallback
 .text.HAL_PCD_ISOOUTIncompleteCallback
                0x0000000008006b14       0x24 USB_DEVICE/Target/usbd_conf.o
                0x0000000008006b14                HAL_PCD_ISOOUTIncompleteCallback
 .text.HAL_PCD_ISOINIncompleteCallback
                0x0000000008006b38       0x24 USB_DEVICE/Target/usbd_conf.o
                0x0000000008006b38                HAL_PCD_ISOINIncompleteCallback
 .text.HAL_PCD_ConnectCallback
                0x0000000008006b5c       0x1c USB_DEVICE/Target/usbd_conf.o
                0x0000000008006b5c                HAL_PCD_ConnectCallback
 .text.HAL_PCD_DisconnectCallback
                0x0000000008006b78       0x1c USB_DEVICE/Target/usbd_conf.o
                0x0000000008006b78                HAL_PCD_DisconnectCallback
 .text.USBD_LL_Init
                0x0000000008006b94       0x98 USB_DEVICE/Target/usbd_conf.o
                0x0000000008006b94                USBD_LL_Init
 .text.USBD_LL_Start
                0x0000000008006c2c       0x64 USB_DEVICE/Target/usbd_conf.o
                0x0000000008006c2c                USBD_LL_Start
 .text.USBD_LL_OpenEP
                0x0000000008006c90       0x7c USB_DEVICE/Target/usbd_conf.o
                0x0000000008006c90                USBD_LL_OpenEP
 .text.USBD_LL_CloseEP
                0x0000000008006d0c       0x6c USB_DEVICE/Target/usbd_conf.o
                0x0000000008006d0c                USBD_LL_CloseEP
 .text.USBD_LL_StallEP
                0x0000000008006d78       0x6c USB_DEVICE/Target/usbd_conf.o
                0x0000000008006d78                USBD_LL_StallEP
 .text.USBD_LL_ClearStallEP
                0x0000000008006de4       0x6c USB_DEVICE/Target/usbd_conf.o
                0x0000000008006de4                USBD_LL_ClearStallEP
 .text.USBD_LL_IsStallEP
                0x0000000008006e50       0x58 USB_DEVICE/Target/usbd_conf.o
                0x0000000008006e50                USBD_LL_IsStallEP
 .text.USBD_LL_SetUSBAddress
                0x0000000008006ea8       0x6c USB_DEVICE/Target/usbd_conf.o
                0x0000000008006ea8                USBD_LL_SetUSBAddress
 .text.USBD_LL_Transmit
                0x0000000008006f14       0x70 USB_DEVICE/Target/usbd_conf.o
                0x0000000008006f14                USBD_LL_Transmit
 .text.USBD_LL_PrepareReceive
                0x0000000008006f84       0x70 USB_DEVICE/Target/usbd_conf.o
                0x0000000008006f84                USBD_LL_PrepareReceive
 .text.USBD_LL_GetRxDataSize
                0x0000000008006ff4       0x26 USB_DEVICE/Target/usbd_conf.o
                0x0000000008006ff4                USBD_LL_GetRxDataSize
 *fill*         0x000000000800701a        0x2 
 .text.HAL_PCDEx_LPM_Callback
                0x000000000800701c       0x9c USB_DEVICE/Target/usbd_conf.o
                0x000000000800701c                HAL_PCDEx_LPM_Callback
 .text.USBD_static_malloc
                0x00000000080070b8       0x1c USB_DEVICE/Target/usbd_conf.o
                0x00000000080070b8                USBD_static_malloc
 .text.USBD_static_free
                0x00000000080070d4       0x14 USB_DEVICE/Target/usbd_conf.o
                0x00000000080070d4                USBD_static_free
 .text.SystemClockConfig_Resume
                0x00000000080070e8        0xc USB_DEVICE/Target/usbd_conf.o
 .text.AES_keyschedule_enc_LL
                0x00000000080070f4      0x174 C:\Users\vinhh\STM32CubeIDE\workspace_1.6.0\Test_Security\Middleware\ST\STM32_Crypto\Lib\libSTM32CryptographicV3.0.0_CM4_GCC_FPU.a(crypto.o)
 .text.AES_keyschedule_enc
                0x0000000008007268       0x3e C:\Users\vinhh\STM32CubeIDE\workspace_1.6.0\Test_Security\Middleware\ST\STM32_Crypto\Lib\libSTM32CryptographicV3.0.0_CM4_GCC_FPU.a(crypto.o)
                0x0000000008007268                AES_keyschedule_enc
 *fill*         0x00000000080072a6        0x2 
 .text.AES_general_SW_enc
                0x00000000080072a8      0x2b4 C:\Users\vinhh\STM32CubeIDE\workspace_1.6.0\Test_Security\Middleware\ST\STM32_Crypto\Lib\libSTM32CryptographicV3.0.0_CM4_GCC_FPU.a(crypto.o)
                0x00000000080072a8                AES_general_SW_enc
 .text.AES_keyschedule_dec
                0x000000000800755c       0xfc C:\Users\vinhh\STM32CubeIDE\workspace_1.6.0\Test_Security\Middleware\ST\STM32_Crypto\Lib\libSTM32CryptographicV3.0.0_CM4_GCC_FPU.a(crypto.o)
                0x000000000800755c                AES_keyschedule_dec
 .text.AESstdInit
                0x0000000008007658       0xd8 C:\Users\vinhh\STM32CubeIDE\workspace_1.6.0\Test_Security\Middleware\ST\STM32_Crypto\Lib\libSTM32CryptographicV3.0.0_CM4_GCC_FPU.a(crypto.o)
 .text.AES_CBC_Encrypt_Init
                0x0000000008007730        0x6 C:\Users\vinhh\STM32CubeIDE\workspace_1.6.0\Test_Security\Middleware\ST\STM32_Crypto\Lib\libSTM32CryptographicV3.0.0_CM4_GCC_FPU.a(crypto.o)
                0x0000000008007730                AES_CBC_Encrypt_Init
 .text.AES_CBC_Encrypt_Append
                0x0000000008007736      0x222 C:\Users\vinhh\STM32CubeIDE\workspace_1.6.0\Test_Security\Middleware\ST\STM32_Crypto\Lib\libSTM32CryptographicV3.0.0_CM4_GCC_FPU.a(crypto.o)
                0x0000000008007736                AES_CBC_Encrypt_Append
 .text.AES_CBC_Encrypt_Finish
                0x0000000008007958       0x18 C:\Users\vinhh\STM32CubeIDE\workspace_1.6.0\Test_Security\Middleware\ST\STM32_Crypto\Lib\libSTM32CryptographicV3.0.0_CM4_GCC_FPU.a(crypto.o)
                0x0000000008007958                AES_CBC_Encrypt_Finish
 .text.__errno  0x0000000008007970        0xc e:/stm32cubeide_1.6.0/stm32cubeide/plugins/com.st.stm32cube.ide.mcu.externaltools.gnu-tools-for-stm32.9-2020-q2-update.win32_1.5.0.202011040924/tools/bin/../lib/gcc/arm-none-eabi/9.3.1/../../../../arm-none-eabi/lib/thumb/v7e-m+fp/hard\libc_nano.a(lib_a-errno.o)
                0x0000000008007970                __errno
 .text.__libc_init_array
                0x000000000800797c       0x48 e:/stm32cubeide_1.6.0/stm32cubeide/plugins/com.st.stm32cube.ide.mcu.externaltools.gnu-tools-for-stm32.9-2020-q2-update.win32_1.5.0.202011040924/tools/bin/../lib/gcc/arm-none-eabi/9.3.1/../../../../arm-none-eabi/lib/thumb/v7e-m+fp/hard\libc_nano.a(lib_a-init.o)
                0x000000000800797c                __libc_init_array
 .text.memset   0x00000000080079c4       0x10 e:/stm32cubeide_1.6.0/stm32cubeide/plugins/com.st.stm32cube.ide.mcu.externaltools.gnu-tools-for-stm32.9-2020-q2-update.win32_1.5.0.202011040924/tools/bin/../lib/gcc/arm-none-eabi/9.3.1/../../../../arm-none-eabi/lib/thumb/v7e-m+fp/hard\libc_nano.a(lib_a-memset.o)
                0x00000000080079c4                memset
 .text.printf   0x00000000080079d4       0x30 e:/stm32cubeide_1.6.0/stm32cubeide/plugins/com.st.stm32cube.ide.mcu.externaltools.gnu-tools-for-stm32.9-2020-q2-update.win32_1.5.0.202011040924/tools/bin/../lib/gcc/arm-none-eabi/9.3.1/../../../../arm-none-eabi/lib/thumb/v7e-m+fp/hard\libc_nano.a(lib_a-printf.o)
                0x00000000080079d4                iprintf
                0x00000000080079d4                printf
 .text._puts_r  0x0000000008007a04       0xdc e:/stm32cubeide_1.6.0/stm32cubeide/plugins/com.st.stm32cube.ide.mcu.externaltools.gnu-tools-for-stm32.9-2020-q2-update.win32_1.5.0.202011040924/tools/bin/../lib/gcc/arm-none-eabi/9.3.1/../../../../arm-none-eabi/lib/thumb/v7e-m+fp/hard\libc_nano.a(lib_a-puts.o)
                0x0000000008007a04                _puts_r
 .text.puts     0x0000000008007ae0       0x10 e:/stm32cubeide_1.6.0/stm32cubeide/plugins/com.st.stm32cube.ide.mcu.externaltools.gnu-tools-for-stm32.9-2020-q2-update.win32_1.5.0.202011040924/tools/bin/../lib/gcc/arm-none-eabi/9.3.1/../../../../arm-none-eabi/lib/thumb/v7e-m+fp/hard\libc_nano.a(lib_a-puts.o)
                0x0000000008007ae0                puts
 .text.__swbuf_r
                0x0000000008007af0       0xa4 e:/stm32cubeide_1.6.0/stm32cubeide/plugins/com.st.stm32cube.ide.mcu.externaltools.gnu-tools-for-stm32.9-2020-q2-update.win32_1.5.0.202011040924/tools/bin/../lib/gcc/arm-none-eabi/9.3.1/../../../../arm-none-eabi/lib/thumb/v7e-m+fp/hard\libc_nano.a(lib_a-wbuf.o)
                0x0000000008007af0                __swbuf_r
 .text.__swsetup_r
                0x0000000008007b94       0xdc e:/stm32cubeide_1.6.0/stm32cubeide/plugins/com.st.stm32cube.ide.mcu.externaltools.gnu-tools-for-stm32.9-2020-q2-update.win32_1.5.0.202011040924/tools/bin/../lib/gcc/arm-none-eabi/9.3.1/../../../../arm-none-eabi/lib/thumb/v7e-m+fp/hard\libc_nano.a(lib_a-wsetup.o)
                0x0000000008007b94                __swsetup_r
 .text.__sflush_r
                0x0000000008007c70      0x10c e:/stm32cubeide_1.6.0/stm32cubeide/plugins/com.st.stm32cube.ide.mcu.externaltools.gnu-tools-for-stm32.9-2020-q2-update.win32_1.5.0.202011040924/tools/bin/../lib/gcc/arm-none-eabi/9.3.1/../../../../arm-none-eabi/lib/thumb/v7e-m+fp/hard\libc_nano.a(lib_a-fflush.o)
                0x0000000008007c70                __sflush_r
 .text._fflush_r
                0x0000000008007d7c       0x78 e:/stm32cubeide_1.6.0/stm32cubeide/plugins/com.st.stm32cube.ide.mcu.externaltools.gnu-tools-for-stm32.9-2020-q2-update.win32_1.5.0.202011040924/tools/bin/../lib/gcc/arm-none-eabi/9.3.1/../../../../arm-none-eabi/lib/thumb/v7e-m+fp/hard\libc_nano.a(lib_a-fflush.o)
                0x0000000008007d7c                _fflush_r
 .text.std      0x0000000008007df4       0x48 e:/stm32cubeide_1.6.0/stm32cubeide/plugins/com.st.stm32cube.ide.mcu.externaltools.gnu-tools-for-stm32.9-2020-q2-update.win32_1.5.0.202011040924/tools/bin/../lib/gcc/arm-none-eabi/9.3.1/../../../../arm-none-eabi/lib/thumb/v7e-m+fp/hard\libc_nano.a(lib_a-findfp.o)
 .text._cleanup_r
                0x0000000008007e3c        0xc e:/stm32cubeide_1.6.0/stm32cubeide/plugins/com.st.stm32cube.ide.mcu.externaltools.gnu-tools-for-stm32.9-2020-q2-update.win32_1.5.0.202011040924/tools/bin/../lib/gcc/arm-none-eabi/9.3.1/../../../../arm-none-eabi/lib/thumb/v7e-m+fp/hard\libc_nano.a(lib_a-findfp.o)
                0x0000000008007e3c                _cleanup_r
 .text.__sfmoreglue
                0x0000000008007e48       0x2c e:/stm32cubeide_1.6.0/stm32cubeide/plugins/com.st.stm32cube.ide.mcu.externaltools.gnu-tools-for-stm32.9-2020-q2-update.win32_1.5.0.202011040924/tools/bin/../lib/gcc/arm-none-eabi/9.3.1/../../../../arm-none-eabi/lib/thumb/v7e-m+fp/hard\libc_nano.a(lib_a-findfp.o)
                0x0000000008007e48                __sfmoreglue
 .text.__sfp_lock_acquire
                0x0000000008007e74        0xc e:/stm32cubeide_1.6.0/stm32cubeide/plugins/com.st.stm32cube.ide.mcu.externaltools.gnu-tools-for-stm32.9-2020-q2-update.win32_1.5.0.202011040924/tools/bin/../lib/gcc/arm-none-eabi/9.3.1/../../../../arm-none-eabi/lib/thumb/v7e-m+fp/hard\libc_nano.a(lib_a-findfp.o)
                0x0000000008007e74                __sfp_lock_acquire
 .text.__sfp_lock_release
                0x0000000008007e80        0xc e:/stm32cubeide_1.6.0/stm32cubeide/plugins/com.st.stm32cube.ide.mcu.externaltools.gnu-tools-for-stm32.9-2020-q2-update.win32_1.5.0.202011040924/tools/bin/../lib/gcc/arm-none-eabi/9.3.1/../../../../arm-none-eabi/lib/thumb/v7e-m+fp/hard\libc_nano.a(lib_a-findfp.o)
                0x0000000008007e80                __sfp_lock_release
 .text.__sinit_lock_acquire
                0x0000000008007e8c        0xc e:/stm32cubeide_1.6.0/stm32cubeide/plugins/com.st.stm32cube.ide.mcu.externaltools.gnu-tools-for-stm32.9-2020-q2-update.win32_1.5.0.202011040924/tools/bin/../lib/gcc/arm-none-eabi/9.3.1/../../../../arm-none-eabi/lib/thumb/v7e-m+fp/hard\libc_nano.a(lib_a-findfp.o)
                0x0000000008007e8c                __sinit_lock_acquire
 .text.__sinit_lock_release
                0x0000000008007e98        0xc e:/stm32cubeide_1.6.0/stm32cubeide/plugins/com.st.stm32cube.ide.mcu.externaltools.gnu-tools-for-stm32.9-2020-q2-update.win32_1.5.0.202011040924/tools/bin/../lib/gcc/arm-none-eabi/9.3.1/../../../../arm-none-eabi/lib/thumb/v7e-m+fp/hard\libc_nano.a(lib_a-findfp.o)
                0x0000000008007e98                __sinit_lock_release
 .text.__sinit  0x0000000008007ea4       0x70 e:/stm32cubeide_1.6.0/stm32cubeide/plugins/com.st.stm32cube.ide.mcu.externaltools.gnu-tools-for-stm32.9-2020-q2-update.win32_1.5.0.202011040924/tools/bin/../lib/gcc/arm-none-eabi/9.3.1/../../../../arm-none-eabi/lib/thumb/v7e-m+fp/hard\libc_nano.a(lib_a-findfp.o)
                0x0000000008007ea4                __sinit
 .text.__sfp    0x0000000008007f14       0x8c e:/stm32cubeide_1.6.0/stm32cubeide/plugins/com.st.stm32cube.ide.mcu.externaltools.gnu-tools-for-stm32.9-2020-q2-update.win32_1.5.0.202011040924/tools/bin/../lib/gcc/arm-none-eabi/9.3.1/../../../../arm-none-eabi/lib/thumb/v7e-m+fp/hard\libc_nano.a(lib_a-findfp.o)
                0x0000000008007f14                __sfp
 .text._fwalk_reent
                0x0000000008007fa0       0x3e e:/stm32cubeide_1.6.0/stm32cubeide/plugins/com.st.stm32cube.ide.mcu.externaltools.gnu-tools-for-stm32.9-2020-q2-update.win32_1.5.0.202011040924/tools/bin/../lib/gcc/arm-none-eabi/9.3.1/../../../../arm-none-eabi/lib/thumb/v7e-m+fp/hard\libc_nano.a(lib_a-fwalk.o)
                0x0000000008007fa0                _fwalk_reent
 .text.__retarget_lock_init_recursive
                0x0000000008007fde        0x2 e:/stm32cubeide_1.6.0/stm32cubeide/plugins/com.st.stm32cube.ide.mcu.externaltools.gnu-tools-for-stm32.9-2020-q2-update.win32_1.5.0.202011040924/tools/bin/../lib/gcc/arm-none-eabi/9.3.1/../../../../arm-none-eabi/lib/thumb/v7e-m+fp/hard\libc_nano.a(lib_a-lock.o)
                0x0000000008007fde                __retarget_lock_init_recursive
 .text.__retarget_lock_acquire_recursive
                0x0000000008007fe0        0x2 e:/stm32cubeide_1.6.0/stm32cubeide/plugins/com.st.stm32cube.ide.mcu.externaltools.gnu-tools-for-stm32.9-2020-q2-update.win32_1.5.0.202011040924/tools/bin/../lib/gcc/arm-none-eabi/9.3.1/../../../../arm-none-eabi/lib/thumb/v7e-m+fp/hard\libc_nano.a(lib_a-lock.o)
                0x0000000008007fe0                __retarget_lock_acquire_recursive
 .text.__retarget_lock_release_recursive
                0x0000000008007fe2        0x2 e:/stm32cubeide_1.6.0/stm32cubeide/plugins/com.st.stm32cube.ide.mcu.externaltools.gnu-tools-for-stm32.9-2020-q2-update.win32_1.5.0.202011040924/tools/bin/../lib/gcc/arm-none-eabi/9.3.1/../../../../arm-none-eabi/lib/thumb/v7e-m+fp/hard\libc_nano.a(lib_a-lock.o)
                0x0000000008007fe2                __retarget_lock_release_recursive
 .text.__swhatbuf_r
                0x0000000008007fe4       0x48 e:/stm32cubeide_1.6.0/stm32cubeide/plugins/com.st.stm32cube.ide.mcu.externaltools.gnu-tools-for-stm32.9-2020-q2-update.win32_1.5.0.202011040924/tools/bin/../lib/gcc/arm-none-eabi/9.3.1/../../../../arm-none-eabi/lib/thumb/v7e-m+fp/hard\libc_nano.a(lib_a-makebuf.o)
                0x0000000008007fe4                __swhatbuf_r
 .text.__smakebuf_r
                0x000000000800802c       0x80 e:/stm32cubeide_1.6.0/stm32cubeide/plugins/com.st.stm32cube.ide.mcu.externaltools.gnu-tools-for-stm32.9-2020-q2-update.win32_1.5.0.202011040924/tools/bin/../lib/gcc/arm-none-eabi/9.3.1/../../../../arm-none-eabi/lib/thumb/v7e-m+fp/hard\libc_nano.a(lib_a-makebuf.o)
                0x000000000800802c                __smakebuf_r
 .text._free_r  0x00000000080080ac       0xa0 e:/stm32cubeide_1.6.0/stm32cubeide/plugins/com.st.stm32cube.ide.mcu.externaltools.gnu-tools-for-stm32.9-2020-q2-update.win32_1.5.0.202011040924/tools/bin/../lib/gcc/arm-none-eabi/9.3.1/../../../../arm-none-eabi/lib/thumb/v7e-m+fp/hard\libc_nano.a(lib_a-nano-freer.o)
                0x00000000080080ac                _free_r
 .text._malloc_r
                0x000000000800814c       0xb4 e:/stm32cubeide_1.6.0/stm32cubeide/plugins/com.st.stm32cube.ide.mcu.externaltools.gnu-tools-for-stm32.9-2020-q2-update.win32_1.5.0.202011040924/tools/bin/../lib/gcc/arm-none-eabi/9.3.1/../../../../arm-none-eabi/lib/thumb/v7e-m+fp/hard\libc_nano.a(lib_a-nano-mallocr.o)
                0x000000000800814c                _malloc_r
 .text.__sfputc_r
                0x0000000008008200       0x2e e:/stm32cubeide_1.6.0/stm32cubeide/plugins/com.st.stm32cube.ide.mcu.externaltools.gnu-tools-for-stm32.9-2020-q2-update.win32_1.5.0.202011040924/tools/bin/../lib/gcc/arm-none-eabi/9.3.1/../../../../arm-none-eabi/lib/thumb/v7e-m+fp/hard\libc_nano.a(lib_a-nano-vfprintf.o)
 .text.__sfputs_r
                0x000000000800822e       0x24 e:/stm32cubeide_1.6.0/stm32cubeide/plugins/com.st.stm32cube.ide.mcu.externaltools.gnu-tools-for-stm32.9-2020-q2-update.win32_1.5.0.202011040924/tools/bin/../lib/gcc/arm-none-eabi/9.3.1/../../../../arm-none-eabi/lib/thumb/v7e-m+fp/hard\libc_nano.a(lib_a-nano-vfprintf.o)
                0x000000000800822e                __sfputs_r
 *fill*         0x0000000008008252        0x2 
 .text._vfprintf_r
                0x0000000008008254      0x260 e:/stm32cubeide_1.6.0/stm32cubeide/plugins/com.st.stm32cube.ide.mcu.externaltools.gnu-tools-for-stm32.9-2020-q2-update.win32_1.5.0.202011040924/tools/bin/../lib/gcc/arm-none-eabi/9.3.1/../../../../arm-none-eabi/lib/thumb/v7e-m+fp/hard\libc_nano.a(lib_a-nano-vfprintf.o)
                0x0000000008008254                _vfprintf_r
                0x0000000008008254                _vfiprintf_r
 .text._printf_common
                0x00000000080084b4       0xda e:/stm32cubeide_1.6.0/stm32cubeide/plugins/com.st.stm32cube.ide.mcu.externaltools.gnu-tools-for-stm32.9-2020-q2-update.win32_1.5.0.202011040924/tools/bin/../lib/gcc/arm-none-eabi/9.3.1/../../../../arm-none-eabi/lib/thumb/v7e-m+fp/hard\libc_nano.a(lib_a-nano-vfprintf_i.o)
                0x00000000080084b4                _printf_common
 *fill*         0x000000000800858e        0x2 
 .text._printf_i
                0x0000000008008590      0x24c e:/stm32cubeide_1.6.0/stm32cubeide/plugins/com.st.stm32cube.ide.mcu.externaltools.gnu-tools-for-stm32.9-2020-q2-update.win32_1.5.0.202011040924/tools/bin/../lib/gcc/arm-none-eabi/9.3.1/../../../../arm-none-eabi/lib/thumb/v7e-m+fp/hard\libc_nano.a(lib_a-nano-vfprintf_i.o)
                0x0000000008008590                _printf_i
 .text._sbrk_r  0x00000000080087dc       0x20 e:/stm32cubeide_1.6.0/stm32cubeide/plugins/com.st.stm32cube.ide.mcu.externaltools.gnu-tools-for-stm32.9-2020-q2-update.win32_1.5.0.202011040924/tools/bin/../lib/gcc/arm-none-eabi/9.3.1/../../../../arm-none-eabi/lib/thumb/v7e-m+fp/hard\libc_nano.a(lib_a-sbrkr.o)
                0x00000000080087dc                _sbrk_r
 .text.__sread  0x00000000080087fc       0x22 e:/stm32cubeide_1.6.0/stm32cubeide/plugins/com.st.stm32cube.ide.mcu.externaltools.gnu-tools-for-stm32.9-2020-q2-update.win32_1.5.0.202011040924/tools/bin/../lib/gcc/arm-none-eabi/9.3.1/../../../../arm-none-eabi/lib/thumb/v7e-m+fp/hard\libc_nano.a(lib_a-stdio.o)
                0x00000000080087fc                __sread
 .text.__swrite
                0x000000000800881e       0x38 e:/stm32cubeide_1.6.0/stm32cubeide/plugins/com.st.stm32cube.ide.mcu.externaltools.gnu-tools-for-stm32.9-2020-q2-update.win32_1.5.0.202011040924/tools/bin/../lib/gcc/arm-none-eabi/9.3.1/../../../../arm-none-eabi/lib/thumb/v7e-m+fp/hard\libc_nano.a(lib_a-stdio.o)
                0x000000000800881e                __swrite
 .text.__sseek  0x0000000008008856       0x24 e:/stm32cubeide_1.6.0/stm32cubeide/plugins/com.st.stm32cube.ide.mcu.externaltools.gnu-tools-for-stm32.9-2020-q2-update.win32_1.5.0.202011040924/tools/bin/../lib/gcc/arm-none-eabi/9.3.1/../../../../arm-none-eabi/lib/thumb/v7e-m+fp/hard\libc_nano.a(lib_a-stdio.o)
                0x0000000008008856                __sseek
 .text.__sclose
                0x000000000800887a        0x8 e:/stm32cubeide_1.6.0/stm32cubeide/plugins/com.st.stm32cube.ide.mcu.externaltools.gnu-tools-for-stm32.9-2020-q2-update.win32_1.5.0.202011040924/tools/bin/../lib/gcc/arm-none-eabi/9.3.1/../../../../arm-none-eabi/lib/thumb/v7e-m+fp/hard\libc_nano.a(lib_a-stdio.o)
                0x000000000800887a                __sclose
 *fill*         0x0000000008008882        0x2 
 .text._write_r
                0x0000000008008884       0x24 e:/stm32cubeide_1.6.0/stm32cubeide/plugins/com.st.stm32cube.ide.mcu.externaltools.gnu-tools-for-stm32.9-2020-q2-update.win32_1.5.0.202011040924/tools/bin/../lib/gcc/arm-none-eabi/9.3.1/../../../../arm-none-eabi/lib/thumb/v7e-m+fp/hard\libc_nano.a(lib_a-writer.o)
                0x0000000008008884                _write_r
 .text._close_r
                0x00000000080088a8       0x20 e:/stm32cubeide_1.6.0/stm32cubeide/plugins/com.st.stm32cube.ide.mcu.externaltools.gnu-tools-for-stm32.9-2020-q2-update.win32_1.5.0.202011040924/tools/bin/../lib/gcc/arm-none-eabi/9.3.1/../../../../arm-none-eabi/lib/thumb/v7e-m+fp/hard\libc_nano.a(lib_a-closer.o)
                0x00000000080088a8                _close_r
 .text._fstat_r
                0x00000000080088c8       0x24 e:/stm32cubeide_1.6.0/stm32cubeide/plugins/com.st.stm32cube.ide.mcu.externaltools.gnu-tools-for-stm32.9-2020-q2-update.win32_1.5.0.202011040924/tools/bin/../lib/gcc/arm-none-eabi/9.3.1/../../../../arm-none-eabi/lib/thumb/v7e-m+fp/hard\libc_nano.a(lib_a-fstatr.o)
                0x00000000080088c8                _fstat_r
 .text._isatty_r
                0x00000000080088ec       0x20 e:/stm32cubeide_1.6.0/stm32cubeide/plugins/com.st.stm32cube.ide.mcu.externaltools.gnu-tools-for-stm32.9-2020-q2-update.win32_1.5.0.202011040924/tools/bin/../lib/gcc/arm-none-eabi/9.3.1/../../../../arm-none-eabi/lib/thumb/v7e-m+fp/hard\libc_nano.a(lib_a-isattyr.o)
                0x00000000080088ec                _isatty_r
 .text._lseek_r
                0x000000000800890c       0x24 e:/stm32cubeide_1.6.0/stm32cubeide/plugins/com.st.stm32cube.ide.mcu.externaltools.gnu-tools-for-stm32.9-2020-q2-update.win32_1.5.0.202011040924/tools/bin/../lib/gcc/arm-none-eabi/9.3.1/../../../../arm-none-eabi/lib/thumb/v7e-m+fp/hard\libc_nano.a(lib_a-lseekr.o)
                0x000000000800890c                _lseek_r
 .text.__malloc_lock
                0x0000000008008930        0xc e:/stm32cubeide_1.6.0/stm32cubeide/plugins/com.st.stm32cube.ide.mcu.externaltools.gnu-tools-for-stm32.9-2020-q2-update.win32_1.5.0.202011040924/tools/bin/../lib/gcc/arm-none-eabi/9.3.1/../../../../arm-none-eabi/lib/thumb/v7e-m+fp/hard\libc_nano.a(lib_a-mlock.o)
                0x0000000008008930                __malloc_lock
 .text.__malloc_unlock
                0x000000000800893c        0xc e:/stm32cubeide_1.6.0/stm32cubeide/plugins/com.st.stm32cube.ide.mcu.externaltools.gnu-tools-for-stm32.9-2020-q2-update.win32_1.5.0.202011040924/tools/bin/../lib/gcc/arm-none-eabi/9.3.1/../../../../arm-none-eabi/lib/thumb/v7e-m+fp/hard\libc_nano.a(lib_a-mlock.o)
                0x000000000800893c                __malloc_unlock
 .text._read_r  0x0000000008008948       0x24 e:/stm32cubeide_1.6.0/stm32cubeide/plugins/com.st.stm32cube.ide.mcu.externaltools.gnu-tools-for-stm32.9-2020-q2-update.win32_1.5.0.202011040924/tools/bin/../lib/gcc/arm-none-eabi/9.3.1/../../../../arm-none-eabi/lib/thumb/v7e-m+fp/hard\libc_nano.a(lib_a-readr.o)
                0x0000000008008948                _read_r
 *(.glue_7)
 .glue_7        0x000000000800896c        0x0 linker stubs
 *(.glue_7t)
 .glue_7t       0x000000000800896c        0x0 linker stubs
 *(.eh_frame)
 .eh_frame      0x000000000800896c        0x0 e:/stm32cubeide_1.6.0/stm32cubeide/plugins/com.st.stm32cube.ide.mcu.externaltools.gnu-tools-for-stm32.9-2020-q2-update.win32_1.5.0.202011040924/tools/bin/../lib/gcc/arm-none-eabi/9.3.1/thumb/v7e-m+fp/hard/crtbegin.o
 *(.init)
 .init          0x000000000800896c        0x4 e:/stm32cubeide_1.6.0/stm32cubeide/plugins/com.st.stm32cube.ide.mcu.externaltools.gnu-tools-for-stm32.9-2020-q2-update.win32_1.5.0.202011040924/tools/bin/../lib/gcc/arm-none-eabi/9.3.1/thumb/v7e-m+fp/hard/crti.o
                0x000000000800896c                _init
 .init          0x0000000008008970        0x8 e:/stm32cubeide_1.6.0/stm32cubeide/plugins/com.st.stm32cube.ide.mcu.externaltools.gnu-tools-for-stm32.9-2020-q2-update.win32_1.5.0.202011040924/tools/bin/../lib/gcc/arm-none-eabi/9.3.1/thumb/v7e-m+fp/hard/crtn.o
 *(.fini)
 .fini          0x0000000008008978        0x4 e:/stm32cubeide_1.6.0/stm32cubeide/plugins/com.st.stm32cube.ide.mcu.externaltools.gnu-tools-for-stm32.9-2020-q2-update.win32_1.5.0.202011040924/tools/bin/../lib/gcc/arm-none-eabi/9.3.1/thumb/v7e-m+fp/hard/crti.o
                0x0000000008008978                _fini
 .fini          0x000000000800897c        0x8 e:/stm32cubeide_1.6.0/stm32cubeide/plugins/com.st.stm32cube.ide.mcu.externaltools.gnu-tools-for-stm32.9-2020-q2-update.win32_1.5.0.202011040924/tools/bin/../lib/gcc/arm-none-eabi/9.3.1/thumb/v7e-m+fp/hard/crtn.o
                0x0000000008008984                . = ALIGN (0x4)
                0x0000000008008984                _etext = .

.vfp11_veneer   0x0000000008008984        0x0
 .vfp11_veneer  0x0000000008008984        0x0 linker stubs

.v4_bx          0x0000000008008984        0x0
 .v4_bx         0x0000000008008984        0x0 linker stubs

.iplt           0x0000000008008984        0x0
 .iplt          0x0000000008008984        0x0 e:/stm32cubeide_1.6.0/stm32cubeide/plugins/com.st.stm32cube.ide.mcu.externaltools.gnu-tools-for-stm32.9-2020-q2-update.win32_1.5.0.202011040924/tools/bin/../lib/gcc/arm-none-eabi/9.3.1/thumb/v7e-m+fp/hard/crtbegin.o

.rodata         0x0000000008008984      0xa9c
                0x0000000008008984                . = ALIGN (0x4)
 *(.rodata)
 .rodata        0x0000000008008984       0x13 Core/Src/main.o
 *fill*         0x0000000008008997        0x1 
 .rodata        0x0000000008008998       0x46 USB_DEVICE/App/usbd_desc.o
 *(.rodata*)
 *fill*         0x00000000080089de        0x2 
 .rodata.Plaintext
                0x00000000080089e0       0x40 Core/Src/main.o
                0x00000000080089e0                Plaintext
 .rodata.AHBPrescTable
                0x0000000008008a20       0x10 Core/Src/system_stm32l4xx.o
                0x0000000008008a20                AHBPrescTable
 .rodata.MSIRangeTable
                0x0000000008008a30       0x30 Core/Src/system_stm32l4xx.o
                0x0000000008008a30                MSIRangeTable
 .rodata.rcon   0x0000000008008a60       0x28 C:\Users\vinhh\STM32CubeIDE\workspace_1.6.0\Test_Security\Middleware\ST\STM32_Crypto\Lib\libSTM32CryptographicV3.0.0_CM4_GCC_FPU.a(crypto.o)
                0x0000000008008a60                rcon
 .rodata.dec_table
                0x0000000008008a88      0x400 C:\Users\vinhh\STM32CubeIDE\workspace_1.6.0\Test_Security\Middleware\ST\STM32_Crypto\Lib\libSTM32CryptographicV3.0.0_CM4_GCC_FPU.a(crypto.o)
                0x0000000008008a88                dec_table
 .rodata.enc_table
                0x0000000008008e88      0x400 C:\Users\vinhh\STM32CubeIDE\workspace_1.6.0\Test_Security\Middleware\ST\STM32_Crypto\Lib\libSTM32CryptographicV3.0.0_CM4_GCC_FPU.a(crypto.o)
                0x0000000008008e88                enc_table
 .rodata.Sbox   0x0000000008009288      0x100 C:\Users\vinhh\STM32CubeIDE\workspace_1.6.0\Test_Security\Middleware\ST\STM32_Crypto\Lib\libSTM32CryptographicV3.0.0_CM4_GCC_FPU.a(crypto.o)
                0x0000000008009288                Sbox
 .rodata._global_impure_ptr
                0x0000000008009388        0x4 e:/stm32cubeide_1.6.0/stm32cubeide/plugins/com.st.stm32cube.ide.mcu.externaltools.gnu-tools-for-stm32.9-2020-q2-update.win32_1.5.0.202011040924/tools/bin/../lib/gcc/arm-none-eabi/9.3.1/../../../../arm-none-eabi/lib/thumb/v7e-m+fp/hard\libc_nano.a(lib_a-impure.o)
                0x0000000008009388                _global_impure_ptr
 .rodata.__sf_fake_stderr
                0x000000000800938c       0x20 e:/stm32cubeide_1.6.0/stm32cubeide/plugins/com.st.stm32cube.ide.mcu.externaltools.gnu-tools-for-stm32.9-2020-q2-update.win32_1.5.0.202011040924/tools/bin/../lib/gcc/arm-none-eabi/9.3.1/../../../../arm-none-eabi/lib/thumb/v7e-m+fp/hard\libc_nano.a(lib_a-findfp.o)
                0x000000000800938c                __sf_fake_stderr
 .rodata.__sf_fake_stdin
                0x00000000080093ac       0x20 e:/stm32cubeide_1.6.0/stm32cubeide/plugins/com.st.stm32cube.ide.mcu.externaltools.gnu-tools-for-stm32.9-2020-q2-update.win32_1.5.0.202011040924/tools/bin/../lib/gcc/arm-none-eabi/9.3.1/../../../../arm-none-eabi/lib/thumb/v7e-m+fp/hard\libc_nano.a(lib_a-findfp.o)
                0x00000000080093ac                __sf_fake_stdin
 .rodata.__sf_fake_stdout
                0x00000000080093cc       0x20 e:/stm32cubeide_1.6.0/stm32cubeide/plugins/com.st.stm32cube.ide.mcu.externaltools.gnu-tools-for-stm32.9-2020-q2-update.win32_1.5.0.202011040924/tools/bin/../lib/gcc/arm-none-eabi/9.3.1/../../../../arm-none-eabi/lib/thumb/v7e-m+fp/hard\libc_nano.a(lib_a-findfp.o)
                0x00000000080093cc                __sf_fake_stdout
 .rodata._vfprintf_r.str1.1
                0x00000000080093ec       0x11 e:/stm32cubeide_1.6.0/stm32cubeide/plugins/com.st.stm32cube.ide.mcu.externaltools.gnu-tools-for-stm32.9-2020-q2-update.win32_1.5.0.202011040924/tools/bin/../lib/gcc/arm-none-eabi/9.3.1/../../../../arm-none-eabi/lib/thumb/v7e-m+fp/hard\libc_nano.a(lib_a-nano-vfprintf.o)
 .rodata._printf_i.str1.1
                0x00000000080093fd       0x22 e:/stm32cubeide_1.6.0/stm32cubeide/plugins/com.st.stm32cube.ide.mcu.externaltools.gnu-tools-for-stm32.9-2020-q2-update.win32_1.5.0.202011040924/tools/bin/../lib/gcc/arm-none-eabi/9.3.1/../../../../arm-none-eabi/lib/thumb/v7e-m+fp/hard\libc_nano.a(lib_a-nano-vfprintf_i.o)
                0x0000000008009420                . = ALIGN (0x4)
 *fill*         0x000000000800941f        0x1 

.rel.dyn        0x0000000008009420        0x0
 .rel.iplt      0x0000000008009420        0x0 e:/stm32cubeide_1.6.0/stm32cubeide/plugins/com.st.stm32cube.ide.mcu.externaltools.gnu-tools-for-stm32.9-2020-q2-update.win32_1.5.0.202011040924/tools/bin/../lib/gcc/arm-none-eabi/9.3.1/thumb/v7e-m+fp/hard/crtbegin.o

.ARM.extab      0x0000000008009420        0x0
                0x0000000008009420                . = ALIGN (0x4)
 *(.ARM.extab* .gnu.linkonce.armextab.*)
                0x0000000008009420                . = ALIGN (0x4)

.ARM            0x0000000008009420        0x0
                0x0000000008009420                . = ALIGN (0x4)
                0x0000000008009420                __exidx_start = .
 *(.ARM.exidx*)
                0x0000000008009420                __exidx_end = .
                0x0000000008009420                . = ALIGN (0x4)

.preinit_array  0x0000000008009420        0x0
                0x0000000008009420                . = ALIGN (0x4)
                0x0000000008009420                PROVIDE (__preinit_array_start = .)
 *(.preinit_array*)
                0x0000000008009420                PROVIDE (__preinit_array_end = .)
                0x0000000008009420                . = ALIGN (0x4)

.init_array     0x0000000008009420        0x4
                0x0000000008009420                . = ALIGN (0x4)
                0x0000000008009420                PROVIDE (__init_array_start = .)
 *(SORT_BY_NAME(.init_array.*))
 *(.init_array*)
 .init_array    0x0000000008009420        0x4 e:/stm32cubeide_1.6.0/stm32cubeide/plugins/com.st.stm32cube.ide.mcu.externaltools.gnu-tools-for-stm32.9-2020-q2-update.win32_1.5.0.202011040924/tools/bin/../lib/gcc/arm-none-eabi/9.3.1/thumb/v7e-m+fp/hard/crtbegin.o
                0x0000000008009424                PROVIDE (__init_array_end = .)
                0x0000000008009424                . = ALIGN (0x4)

.fini_array     0x0000000008009424        0x4
                0x0000000008009424                . = ALIGN (0x4)
                [!provide]                        PROVIDE (__fini_array_start = .)
 *(SORT_BY_NAME(.fini_array.*))
 *(.fini_array*)
 .fini_array    0x0000000008009424        0x4 e:/stm32cubeide_1.6.0/stm32cubeide/plugins/com.st.stm32cube.ide.mcu.externaltools.gnu-tools-for-stm32.9-2020-q2-update.win32_1.5.0.202011040924/tools/bin/../lib/gcc/arm-none-eabi/9.3.1/thumb/v7e-m+fp/hard/crtbegin.o
                [!provide]                        PROVIDE (__fini_array_end = .)
                0x0000000008009428                . = ALIGN (0x4)
                0x0000000008009428                _sidata = LOADADDR (.data)

.data           0x0000000020000000      0x21c load address 0x0000000008009428
                0x0000000020000000                . = ALIGN (0x4)
                0x0000000020000000                _sdata = .
 *(.data)
 *(.data*)
 .data.Sym_Key  0x0000000020000000       0x18 Core/Src/main.o
                0x0000000020000000                Sym_Key
 .data.IV       0x0000000020000018       0x10 Core/Src/main.o
                0x0000000020000018                IV
 .data.SystemCoreClock
                0x0000000020000028        0x4 Core/Src/system_stm32l4xx.o
                0x0000000020000028                SystemCoreClock
 .data.uwTickPrio
                0x000000002000002c        0x4 Drivers/STM32L4xx_HAL_Driver/Src/stm32l4xx_hal.o
                0x000000002000002c                uwTickPrio
 .data.uwTickFreq
                0x0000000020000030        0x1 Drivers/STM32L4xx_HAL_Driver/Src/stm32l4xx_hal.o
                0x0000000020000030                uwTickFreq
 *fill*         0x0000000020000031        0x3 
 .data.USBD_CDC_DeviceQualifierDesc
                0x0000000020000034        0xa Middleware/ST/STM32_USB_Device_Library/Class/CDC/Src/usbd_cdc.o
 *fill*         0x000000002000003e        0x2 
 .data.USBD_CDC
                0x0000000020000040       0x38 Middleware/ST/STM32_USB_Device_Library/Class/CDC/Src/usbd_cdc.o
                0x0000000020000040                USBD_CDC
 .data.USBD_CDC_CfgHSDesc
                0x0000000020000078       0x43 Middleware/ST/STM32_USB_Device_Library/Class/CDC/Src/usbd_cdc.o
 *fill*         0x00000000200000bb        0x1 
 .data.USBD_CDC_CfgFSDesc
                0x00000000200000bc       0x43 Middleware/ST/STM32_USB_Device_Library/Class/CDC/Src/usbd_cdc.o
 *fill*         0x00000000200000ff        0x1 
 .data.USBD_CDC_OtherSpeedCfgDesc
                0x0000000020000100       0x43 Middleware/ST/STM32_USB_Device_Library/Class/CDC/Src/usbd_cdc.o
 *fill*         0x0000000020000143        0x1 
 .data.USBD_Interface_fops_FS
                0x0000000020000144       0x14 USB_DEVICE/App/usbd_cdc_if.o
                0x0000000020000144                USBD_Interface_fops_FS
 .data.FS_Desc  0x0000000020000158       0x20 USB_DEVICE/App/usbd_desc.o
                0x0000000020000158                FS_Desc
 .data.USBD_FS_DeviceDesc
                0x0000000020000178       0x12 USB_DEVICE/App/usbd_desc.o
                0x0000000020000178                USBD_FS_DeviceDesc
 *fill*         0x000000002000018a        0x2 
 .data.USBD_FS_BOSDesc
                0x000000002000018c        0xc USB_DEVICE/App/usbd_desc.o
                0x000000002000018c                USBD_FS_BOSDesc
 .data.USBD_LangIDDesc
                0x0000000020000198        0x4 USB_DEVICE/App/usbd_desc.o
                0x0000000020000198                USBD_LangIDDesc
 .data.USBD_StringSerial
                0x000000002000019c       0x1a USB_DEVICE/App/usbd_desc.o
                0x000000002000019c                USBD_StringSerial
 *fill*         0x00000000200001b6        0x2 
 .data._impure_ptr
                0x00000000200001b8        0x4 e:/stm32cubeide_1.6.0/stm32cubeide/plugins/com.st.stm32cube.ide.mcu.externaltools.gnu-tools-for-stm32.9-2020-q2-update.win32_1.5.0.202011040924/tools/bin/../lib/gcc/arm-none-eabi/9.3.1/../../../../arm-none-eabi/lib/thumb/v7e-m+fp/hard\libc_nano.a(lib_a-impure.o)
                0x00000000200001b8                _impure_ptr
 .data.impure_data
                0x00000000200001bc       0x60 e:/stm32cubeide_1.6.0/stm32cubeide/plugins/com.st.stm32cube.ide.mcu.externaltools.gnu-tools-for-stm32.9-2020-q2-update.win32_1.5.0.202011040924/tools/bin/../lib/gcc/arm-none-eabi/9.3.1/../../../../arm-none-eabi/lib/thumb/v7e-m+fp/hard\libc_nano.a(lib_a-impure.o)
 *(.RamFunc)
 *(.RamFunc*)
                0x000000002000021c                . = ALIGN (0x4)
                0x000000002000021c                _edata = .

.igot.plt       0x000000002000021c        0x0 load address 0x0000000008009644
 .igot.plt      0x000000002000021c        0x0 e:/stm32cubeide_1.6.0/stm32cubeide/plugins/com.st.stm32cube.ide.mcu.externaltools.gnu-tools-for-stm32.9-2020-q2-update.win32_1.5.0.202011040924/tools/bin/../lib/gcc/arm-none-eabi/9.3.1/thumb/v7e-m+fp/hard/crtbegin.o
                0x000000002000021c                . = ALIGN (0x4)

.bss            0x000000002000021c     0x1b6c load address 0x0000000008009644
                0x000000002000021c                _sbss = .
                0x000000002000021c                __bss_start__ = _sbss
 *(.bss)
 .bss           0x000000002000021c       0x1c e:/stm32cubeide_1.6.0/stm32cubeide/plugins/com.st.stm32cube.ide.mcu.externaltools.gnu-tools-for-stm32.9-2020-q2-update.win32_1.5.0.202011040924/tools/bin/../lib/gcc/arm-none-eabi/9.3.1/thumb/v7e-m+fp/hard/crtbegin.o
 *(.bss*)
 .bss.__sbrk_heap_end
                0x0000000020000238        0x4 Core/Src/sysmem.o
 .bss.cfgidx.10612
                0x000000002000023c        0x1 Middleware/ST/STM32_USB_Device_Library/Core/Src/usbd_ctlreq.o
 *fill*         0x000000002000023d        0x3 
 .bss.mem.10760
                0x0000000020000240      0x220 USB_DEVICE/Target/usbd_conf.o
 .bss.__malloc_free_list
                0x0000000020000460        0x4 e:/stm32cubeide_1.6.0/stm32cubeide/plugins/com.st.stm32cube.ide.mcu.externaltools.gnu-tools-for-stm32.9-2020-q2-update.win32_1.5.0.202011040924/tools/bin/../lib/gcc/arm-none-eabi/9.3.1/../../../../arm-none-eabi/lib/thumb/v7e-m+fp/hard\libc_nano.a(lib_a-nano-mallocr.o)
                0x0000000020000460                __malloc_free_list
 .bss.__malloc_sbrk_start
                0x0000000020000464        0x4 e:/stm32cubeide_1.6.0/stm32cubeide/plugins/com.st.stm32cube.ide.mcu.externaltools.gnu-tools-for-stm32.9-2020-q2-update.win32_1.5.0.202011040924/tools/bin/../lib/gcc/arm-none-eabi/9.3.1/../../../../arm-none-eabi/lib/thumb/v7e-m+fp/hard\libc_nano.a(lib_a-nano-mallocr.o)
                0x0000000020000464                __malloc_sbrk_start
 *(COMMON)
 COMMON         0x0000000020000468       0x34 Core/Src/main.o
                0x0000000020000468                hcrc
                0x000000002000048c                hrng
 COMMON         0x000000002000049c        0x4 Drivers/STM32L4xx_HAL_Driver/Src/stm32l4xx_hal.o
                0x000000002000049c                uwTick
 COMMON         0x00000000200004a0      0x2d0 USB_DEVICE/App/usb_device.o
                0x00000000200004a0                hUsbDeviceFS
 COMMON         0x0000000020000770     0x1000 USB_DEVICE/App/usbd_cdc_if.o
                0x0000000020000770                UserRxBufferFS
                0x0000000020000f70                UserTxBufferFS
 COMMON         0x0000000020001770      0x200 USB_DEVICE/App/usbd_desc.o
                0x0000000020001770                USBD_StrDesc
 COMMON         0x0000000020001970      0x408 USB_DEVICE/Target/usbd_conf.o
                0x0000000020001970                hpcd_USB_OTG_FS
 COMMON         0x0000000020001d78        0x9 e:/stm32cubeide_1.6.0/stm32cubeide/plugins/com.st.stm32cube.ide.mcu.externaltools.gnu-tools-for-stm32.9-2020-q2-update.win32_1.5.0.202011040924/tools/bin/../lib/gcc/arm-none-eabi/9.3.1/../../../../arm-none-eabi/lib/thumb/v7e-m+fp/hard\libc_nano.a(lib_a-lock.o)
                0x0000000020001d78                __lock___atexit_recursive_mutex
                0x0000000020001d79                __lock___arc4random_mutex
                0x0000000020001d7a                __lock___env_recursive_mutex
                0x0000000020001d7b                __lock___sinit_recursive_mutex
                0x0000000020001d7c                __lock___malloc_recursive_mutex
                0x0000000020001d7d                __lock___at_quick_exit_mutex
                0x0000000020001d7e                __lock___dd_hash_mutex
                0x0000000020001d7f                __lock___tz_mutex
                0x0000000020001d80                __lock___sfp_recursive_mutex
 *fill*         0x0000000020001d81        0x3 
 COMMON         0x0000000020001d84        0x4 e:/stm32cubeide_1.6.0/stm32cubeide/plugins/com.st.stm32cube.ide.mcu.externaltools.gnu-tools-for-stm32.9-2020-q2-update.win32_1.5.0.202011040924/tools/bin/../lib/gcc/arm-none-eabi/9.3.1/../../../../arm-none-eabi/lib/thumb/v7e-m+fp/hard\libc_nano.a(lib_a-reent.o)
                0x0000000020001d84                errno
                0x0000000020001d88                . = ALIGN (0x4)
                0x0000000020001d88                _ebss = .
                0x0000000020001d88                __bss_end__ = _ebss

._user_heap_stack
                0x0000000020001d88      0x600 load address 0x0000000008009644
                0x0000000020001d88                . = ALIGN (0x8)
                [!provide]                        PROVIDE (end = .)
                0x0000000020001d88                PROVIDE (_end = .)
                0x0000000020001f88                . = (. + _Min_Heap_Size)
 *fill*         0x0000000020001d88      0x200 
                0x0000000020002388                . = (. + _Min_Stack_Size)
 *fill*         0x0000000020001f88      0x400 
                0x0000000020002388                . = ALIGN (0x8)

/DISCARD/
 libc.a(*)
 libm.a(*)
 libgcc.a(*)

.ARM.attributes
                0x0000000000000000       0x2e
 *(.ARM.attributes)
 .ARM.attributes
                0x0000000000000000       0x1e e:/stm32cubeide_1.6.0/stm32cubeide/plugins/com.st.stm32cube.ide.mcu.externaltools.gnu-tools-for-stm32.9-2020-q2-update.win32_1.5.0.202011040924/tools/bin/../lib/gcc/arm-none-eabi/9.3.1/thumb/v7e-m+fp/hard/crti.o
 .ARM.attributes
                0x000000000000001e       0x34 e:/stm32cubeide_1.6.0/stm32cubeide/plugins/com.st.stm32cube.ide.mcu.externaltools.gnu-tools-for-stm32.9-2020-q2-update.win32_1.5.0.202011040924/tools/bin/../lib/gcc/arm-none-eabi/9.3.1/thumb/v7e-m+fp/hard/crtbegin.o
 .ARM.attributes
                0x0000000000000052       0x34 Core/Src/main.o
 .ARM.attributes
                0x0000000000000086       0x34 Core/Src/stm32l4xx_hal_msp.o
 .ARM.attributes
                0x00000000000000ba       0x34 Core/Src/stm32l4xx_it.o
 .ARM.attributes
                0x00000000000000ee       0x34 Core/Src/syscalls.o
 .ARM.attributes
                0x0000000000000122       0x34 Core/Src/sysmem.o
 .ARM.attributes
                0x0000000000000156       0x34 Core/Src/system_stm32l4xx.o
 .ARM.attributes
                0x000000000000018a       0x21 Core/Startup/startup_stm32l475vgtx.o
 .ARM.attributes
                0x00000000000001ab       0x34 Drivers/STM32L4xx_HAL_Driver/Src/stm32l4xx_hal.o
 .ARM.attributes
                0x00000000000001df       0x34 Drivers/STM32L4xx_HAL_Driver/Src/stm32l4xx_hal_cortex.o
 .ARM.attributes
                0x0000000000000213       0x34 Drivers/STM32L4xx_HAL_Driver/Src/stm32l4xx_hal_gpio.o
 .ARM.attributes
                0x0000000000000247       0x34 Drivers/STM32L4xx_HAL_Driver/Src/stm32l4xx_hal_pcd.o
 .ARM.attributes
                0x000000000000027b       0x34 Drivers/STM32L4xx_HAL_Driver/Src/stm32l4xx_hal_pcd_ex.o
 .ARM.attributes
                0x00000000000002af       0x34 Drivers/STM32L4xx_HAL_Driver/Src/stm32l4xx_hal_pwr_ex.o
 .ARM.attributes
                0x00000000000002e3       0x34 Drivers/STM32L4xx_HAL_Driver/Src/stm32l4xx_hal_rcc.o
 .ARM.attributes
                0x0000000000000317       0x34 Drivers/STM32L4xx_HAL_Driver/Src/stm32l4xx_hal_rcc_ex.o
 .ARM.attributes
                0x000000000000034b       0x34 Drivers/STM32L4xx_HAL_Driver/Src/stm32l4xx_hal_rng.o
 .ARM.attributes
                0x000000000000037f       0x34 Drivers/STM32L4xx_HAL_Driver/Src/stm32l4xx_ll_usb.o
 .ARM.attributes
                0x00000000000003b3       0x34 Middleware/ST/STM32_USB_Device_Library/Class/CDC/Src/usbd_cdc.o
 .ARM.attributes
                0x00000000000003e7       0x34 Middleware/ST/STM32_USB_Device_Library/Core/Src/usbd_core.o
 .ARM.attributes
                0x000000000000041b       0x34 Middleware/ST/STM32_USB_Device_Library/Core/Src/usbd_ctlreq.o
 .ARM.attributes
                0x000000000000044f       0x34 Middleware/ST/STM32_USB_Device_Library/Core/Src/usbd_ioreq.o
 .ARM.attributes
                0x0000000000000483       0x34 USB_DEVICE/App/usb_device.o
 .ARM.attributes
                0x00000000000004b7       0x34 USB_DEVICE/App/usbd_cdc_if.o
 .ARM.attributes
                0x00000000000004eb       0x34 USB_DEVICE/App/usbd_desc.o
 .ARM.attributes
                0x000000000000051f       0x34 USB_DEVICE/Target/usbd_conf.o
 .ARM.attributes
                0x0000000000000553       0x39 C:\Users\vinhh\STM32CubeIDE\workspace_1.6.0\Test_Security\Middleware\ST\STM32_Crypto\Lib\libSTM32CryptographicV3.0.0_CM4_GCC_FPU.a(crypto.o)
 .ARM.attributes
                0x000000000000058c       0x34 e:/stm32cubeide_1.6.0/stm32cubeide/plugins/com.st.stm32cube.ide.mcu.externaltools.gnu-tools-for-stm32.9-2020-q2-update.win32_1.5.0.202011040924/tools/bin/../lib/gcc/arm-none-eabi/9.3.1/../../../../arm-none-eabi/lib/thumb/v7e-m+fp/hard\libc_nano.a(lib_a-errno.o)
 .ARM.attributes
                0x00000000000005c0       0x32 e:/stm32cubeide_1.6.0/stm32cubeide/plugins/com.st.stm32cube.ide.mcu.externaltools.gnu-tools-for-stm32.9-2020-q2-update.win32_1.5.0.202011040924/tools/bin/../lib/gcc/arm-none-eabi/9.3.1/../../../../arm-none-eabi/lib/thumb/v7e-m+fp/hard\libc_nano.a(lib_a-impure.o)
 .ARM.attributes
                0x00000000000005f2       0x34 e:/stm32cubeide_1.6.0/stm32cubeide/plugins/com.st.stm32cube.ide.mcu.externaltools.gnu-tools-for-stm32.9-2020-q2-update.win32_1.5.0.202011040924/tools/bin/../lib/gcc/arm-none-eabi/9.3.1/../../../../arm-none-eabi/lib/thumb/v7e-m+fp/hard\libc_nano.a(lib_a-init.o)
 .ARM.attributes
                0x0000000000000626       0x34 e:/stm32cubeide_1.6.0/stm32cubeide/plugins/com.st.stm32cube.ide.mcu.externaltools.gnu-tools-for-stm32.9-2020-q2-update.win32_1.5.0.202011040924/tools/bin/../lib/gcc/arm-none-eabi/9.3.1/../../../../arm-none-eabi/lib/thumb/v7e-m+fp/hard\libc_nano.a(lib_a-memset.o)
 .ARM.attributes
                0x000000000000065a       0x34 e:/stm32cubeide_1.6.0/stm32cubeide/plugins/com.st.stm32cube.ide.mcu.externaltools.gnu-tools-for-stm32.9-2020-q2-update.win32_1.5.0.202011040924/tools/bin/../lib/gcc/arm-none-eabi/9.3.1/../../../../arm-none-eabi/lib/thumb/v7e-m+fp/hard\libc_nano.a(lib_a-printf.o)
 .ARM.attributes
                0x000000000000068e       0x34 e:/stm32cubeide_1.6.0/stm32cubeide/plugins/com.st.stm32cube.ide.mcu.externaltools.gnu-tools-for-stm32.9-2020-q2-update.win32_1.5.0.202011040924/tools/bin/../lib/gcc/arm-none-eabi/9.3.1/../../../../arm-none-eabi/lib/thumb/v7e-m+fp/hard\libc_nano.a(lib_a-puts.o)
 .ARM.attributes
                0x00000000000006c2       0x34 e:/stm32cubeide_1.6.0/stm32cubeide/plugins/com.st.stm32cube.ide.mcu.externaltools.gnu-tools-for-stm32.9-2020-q2-update.win32_1.5.0.202011040924/tools/bin/../lib/gcc/arm-none-eabi/9.3.1/../../../../arm-none-eabi/lib/thumb/v7e-m+fp/hard\libc_nano.a(lib_a-wbuf.o)
 .ARM.attributes
                0x00000000000006f6       0x34 e:/stm32cubeide_1.6.0/stm32cubeide/plugins/com.st.stm32cube.ide.mcu.externaltools.gnu-tools-for-stm32.9-2020-q2-update.win32_1.5.0.202011040924/tools/bin/../lib/gcc/arm-none-eabi/9.3.1/../../../../arm-none-eabi/lib/thumb/v7e-m+fp/hard\libc_nano.a(lib_a-wsetup.o)
 .ARM.attributes
                0x000000000000072a       0x34 e:/stm32cubeide_1.6.0/stm32cubeide/plugins/com.st.stm32cube.ide.mcu.externaltools.gnu-tools-for-stm32.9-2020-q2-update.win32_1.5.0.202011040924/tools/bin/../lib/gcc/arm-none-eabi/9.3.1/../../../../arm-none-eabi/lib/thumb/v7e-m+fp/hard\libc_nano.a(lib_a-fflush.o)
 .ARM.attributes
                0x000000000000075e       0x34 e:/stm32cubeide_1.6.0/stm32cubeide/plugins/com.st.stm32cube.ide.mcu.externaltools.gnu-tools-for-stm32.9-2020-q2-update.win32_1.5.0.202011040924/tools/bin/../lib/gcc/arm-none-eabi/9.3.1/../../../../arm-none-eabi/lib/thumb/v7e-m+fp/hard\libc_nano.a(lib_a-findfp.o)
 .ARM.attributes
                0x0000000000000792       0x34 e:/stm32cubeide_1.6.0/stm32cubeide/plugins/com.st.stm32cube.ide.mcu.externaltools.gnu-tools-for-stm32.9-2020-q2-update.win32_1.5.0.202011040924/tools/bin/../lib/gcc/arm-none-eabi/9.3.1/../../../../arm-none-eabi/lib/thumb/v7e-m+fp/hard\libc_nano.a(lib_a-fwalk.o)
 .ARM.attributes
                0x00000000000007c6       0x34 e:/stm32cubeide_1.6.0/stm32cubeide/plugins/com.st.stm32cube.ide.mcu.externaltools.gnu-tools-for-stm32.9-2020-q2-update.win32_1.5.0.202011040924/tools/bin/../lib/gcc/arm-none-eabi/9.3.1/../../../../arm-none-eabi/lib/thumb/v7e-m+fp/hard\libc_nano.a(lib_a-lock.o)
 .ARM.attributes
                0x00000000000007fa       0x34 e:/stm32cubeide_1.6.0/stm32cubeide/plugins/com.st.stm32cube.ide.mcu.externaltools.gnu-tools-for-stm32.9-2020-q2-update.win32_1.5.0.202011040924/tools/bin/../lib/gcc/arm-none-eabi/9.3.1/../../../../arm-none-eabi/lib/thumb/v7e-m+fp/hard\libc_nano.a(lib_a-makebuf.o)
 .ARM.attributes
                0x000000000000082e       0x34 e:/stm32cubeide_1.6.0/stm32cubeide/plugins/com.st.stm32cube.ide.mcu.externaltools.gnu-tools-for-stm32.9-2020-q2-update.win32_1.5.0.202011040924/tools/bin/../lib/gcc/arm-none-eabi/9.3.1/../../../../arm-none-eabi/lib/thumb/v7e-m+fp/hard\libc_nano.a(lib_a-nano-freer.o)
 .ARM.attributes